Last login: Wed Oct  5 14:14:08 on ttys000
Melanies-MacBook-Pro:wearable melanieblazevic$ rails console

Running via Spring preloader in process 1211
Loading development environment (Rails 5.0.0.1)
Cannot read termcap database;
using dumb terminal settings.
irb(main):001:0> Post.new
=> #<Post id: nil, title: nil, description: nil, created_at: nil, updated_at: nil, user_id: nil>
irb(main):002:0> post.title = "Shoes"
NameError: undefined local variable or method `post' for main:Object
	from (irb):2
	from /Users/melanieblazevic/.rbenv/versions/2.3.0/lib/ruby/gems/2.3.0/gems/railties-5.0.0.1/lib/rails/commands/console.rb:65:in `start'
	from /Users/melanieblazevic/.rbenv/versions/2.3.0/lib/ruby/gems/2.3.0/gems/railties-5.0.0.1/lib/rails/commands/console_helper.rb:9:in `start'
	from /Users/melanieblazevic/.rbenv/versions/2.3.0/lib/ruby/gems/2.3.0/gems/railties-5.0.0.1/lib/rails/commands/commands_tasks.rb:78:in `console'
	from /Users/melanieblazevic/.rbenv/versions/2.3.0/lib/ruby/gems/2.3.0/gems/railties-5.0.0.1/lib/rails/commands/commands_tasks.rb:49:in `run_command!'
	from /Users/melanieblazevic/.rbenv/versions/2.3.0/lib/ruby/gems/2.3.0/gems/railties-5.0.0.1/lib/rails/commands.rb:18:in `<top (required)>'
	from /Users/melanieblazevic/.rbenv/versions/2.3.0/lib/ruby/gems/2.3.0/gems/activesupport-5.0.0.1/lib/active_support/dependencies.rb:293:in `require'
	from /Users/melanieblazevic/.rbenv/versions/2.3.0/lib/ruby/gems/2.3.0/gems/activesupport-5.0.0.1/lib/active_support/dependencies.rb:293:in `block in require'
	from /Users/melanieblazevic/.rbenv/versions/2.3.0/lib/ruby/gems/2.3.0/gems/activesupport-5.0.0.1/lib/active_support/dependencies.rb:259:in `load_dependency'
	from /Users/melanieblazevic/.rbenv/versions/2.3.0/lib/ruby/gems/2.3.0/gems/activesupport-5.0.0.1/lib/active_support/dependencies.rb:293:in `require'
	from /Users/melanieblazevic/Desktop/Ironhack/Final_Project/Wearable/bin/rails:9:in `<top (required)>'
	from /Users/melanieblazevic/.rbenv/versions/2.3.0/lib/ruby/gems/2.3.0/gems/activesupport-5.0.0.1/lib/active_support/dependencies.rb:287:in `load'
	from /Users/melanieblazevic/.rbenv/versions/2.3.0/lib/ruby/gems/2.3.0/gems/activesupport-5.0.0.1/lib/active_support/dependencies.rb:287:in `block in load'
	from /Users/melanieblazevic/.rbenv/versions/2.3.0/lib/ruby/gems/2.3.0/gems/activesupport-5.0.0.1/lib/active_support/dependencies.rb:259:in `load_dependency'
	from /Users/melanieblazevic/.rbenv/versions/2.3.0/lib/ruby/gems/2.3.0/gems/activesupport-5.0.0.1/lib/active_support/dependencies.rb:287:in `load'
	from /Users/melanieblazevic/.rbenv/versions/2.3.0/lib/ruby/gems/2.3.0/gems/spring-1.7.2/lib/spring/commands/rails.rb:6:in `call'
	from /Users/melanieblazevic/.rbenv/versions/2.3.0/lib/ruby/gems/2.3.0/gems/spring-1.7.2/lib/spring/command_wrapper.rb:38:in `call'
	from /Users/melanieblazevic/.rbenv/versions/2.3.0/lib/ruby/gems/2.3.0/gems/spring-1.7.2/lib/spring/application.rb:191:in `block in serve'
	from /Users/melanieblazevic/.rbenv/versions/2.3.0/lib/ruby/gems/2.3.0/gems/spring-1.7.2/lib/spring/application.rb:161:in `fork'
	from /Users/melanieblazevic/.rbenv/versions/2.3.0/lib/ruby/gems/2.3.0/gems/spring-1.7.2/lib/spring/application.rb:161:in `serve'
	from /Users/melanieblazevic/.rbenv/versions/2.3.0/lib/ruby/gems/2.3.0/gems/spring-1.7.2/lib/spring/application.rb:131:in `block in run'
	from /Users/melanieblazevic/.rbenv/versions/2.3.0/lib/ruby/gems/2.3.0/gems/spring-1.7.2/lib/spring/application.rb:125:in `loop'
	from /Users/melanieblazevic/.rbenv/versions/2.3.0/lib/ruby/gems/2.3.0/gems/spring-1.7.2/lib/spring/application.rb:125:in `run'
	from /Users/melanieblazevic/.rbenv/versions/2.3.0/lib/ruby/gems/2.3.0/gems/spring-1.7.2/lib/spring/application/boot.rb:19:in `<top (required)>'
	from /Users/melanieblazevic/.rbenv/versions/2.3.0/lib/ruby/2.3.0/rubygems/core_ext/kernel_require.rb:55:in `require'
	from /Users/melanieblazevic/.rbenv/versions/2.3.0/lib/ruby/2.3.0/rubygems/core_ext/kernel_require.rb:55:in `require'
	from -e:1:in `<main>'irb(main):003:0> ^C
irb(main):003:0> Post.all
  Post Load (0.9ms)  SELECT "posts".* FROM "posts" ORDER BY "posts"."created_at" DESC
=> #<ActiveRecord::Relation [#<Post id: 76, title: "Title", description: "Description", created_at: "2016-10-05 18:59:05", updated_at: "2016-10-05 18:59:05", user_id: nil>, #<Post id: 75, title: "Shoes", description: "Nike", created_at: "2016-10-05 18:56:58", updated_at: "2016-10-05 18:56:58", user_id: 2>, #<Post id: 74, title: "Title", description: "Description", created_at: "2016-10-05 18:56:24", updated_at: "2016-10-05 18:56:24", user_id: nil>, #<Post id: 73, title: "Title", description: "Description", created_at: "2016-10-05 18:23:53", updated_at: "2016-10-05 18:23:53", user_id: nil>, #<Post id: 72, title: "Title", description: "Description", created_at: "2016-10-05 00:15:11", updated_at: "2016-10-05 00:15:11", user_id: nil>, #<Post id: 71, title: "Title", description: "Description", created_at: "2016-10-04 05:03:19", updated_at: "2016-10-04 05:03:19", user_id: nil>, #<Post id: 70, title: "Hair", description: "Silver Clip", created_at: "2016-10-04 02:52:32", updated_at: "2016-10-04 02:52:32", user_id: 2>, #<Post id: 69, title: "Title", description: "Description", created_at: "2016-10-04 02:52:20", updated_at: "2016-10-04 02:52:20", user_id: nil>, #<Post id: 68, title: "Title", description: "Description", created_at: "2016-10-01 22:11:11", updated_at: "2016-10-01 22:11:11", user_id: nil>, #<Post id: 67, title: "Title", description: "Description", created_at: "2016-10-01 22:10:28", updated_at: "2016-10-01 22:10:28", user_id: nil>, ...]>
irb(main):004:0> Post.find[75]
ActiveRecord::RecordNotFound: Couldn't find Post without an ID
	from /Users/melanieblazevic/.rbenv/versions/2.3.0/lib/ruby/gems/2.3.0/gems/activerecord-5.0.0.1/lib/active_record/relation/finder_methods.rb:454:in `find_with_ids'
	from /Users/melanieblazevic/.rbenv/versions/2.3.0/lib/ruby/gems/2.3.0/gems/activerecord-5.0.0.1/lib/active_record/relation/finder_methods.rb:66:in `find'
	from /Users/melanieblazevic/.rbenv/versions/2.3.0/lib/ruby/gems/2.3.0/gems/activerecord-5.0.0.1/lib/active_record/querying.rb:3:in `find'
	from /Users/melanieblazevic/.rbenv/versions/2.3.0/lib/ruby/gems/2.3.0/gems/activerecord-5.0.0.1/lib/active_record/core.rb:150:in `find'
	from (irb):4
	from /Users/melanieblazevic/.rbenv/versions/2.3.0/lib/ruby/gems/2.3.0/gems/railties-5.0.0.1/lib/rails/commands/console.rb:65:in `start'
	from /Users/melanieblazevic/.rbenv/versions/2.3.0/lib/ruby/gems/2.3.0/gems/railties-5.0.0.1/lib/rails/commands/console_helper.rb:9:in `start'
	from /Users/melanieblazevic/.rbenv/versions/2.3.0/lib/ruby/gems/2.3.0/gems/railties-5.0.0.1/lib/rails/commands/commands_tasks.rb:78:in `console'
	from /Users/melanieblazevic/.rbenv/versions/2.3.0/lib/ruby/gems/2.3.0/gems/railties-5.0.0.1/lib/rails/commands/commands_tasks.rb:49:in `run_command!'
	from /Users/melanieblazevic/.rbenv/versions/2.3.0/lib/ruby/gems/2.3.0/gems/railties-5.0.0.1/lib/rails/commands.rb:18:in `<top (required)>'
	from /Users/melanieblazevic/.rbenv/versions/2.3.0/lib/ruby/gems/2.3.0/gems/activesupport-5.0.0.1/lib/active_support/dependencies.rb:293:in `require'
	from /Users/melanieblazevic/.rbenv/versions/2.3.0/lib/ruby/gems/2.3.0/gems/activesupport-5.0.0.1/lib/active_support/dependencies.rb:293:in `block in require'
	from /Users/melanieblazevic/.rbenv/versions/2.3.0/lib/ruby/gems/2.3.0/gems/activesupport-5.0.0.1/lib/active_support/dependencies.rb:259:in `load_dependency'
	from /Users/melanieblazevic/.rbenv/versions/2.3.0/lib/ruby/gems/2.3.0/gems/activesupport-5.0.0.1/lib/active_support/dependencies.rb:293:in `require'
	from /Users/melanieblazevic/Desktop/Ironhack/Final_Project/Wearable/bin/rails:9:in `<top (required)>'
	from /Users/melanieblazevic/.rbenv/versions/2.3.0/lib/ruby/gems/2.3.0/gems/activesupport-5.0.0.1/lib/active_support/dependencies.rb:287:in `load'
	from /Users/melanieblazevic/.rbenv/versions/2.3.0/lib/ruby/gems/2.3.0/gems/activesupport-5.0.0.1/lib/active_support/dependencies.rb:287:in `block in load'
	from /Users/melanieblazevic/.rbenv/versions/2.3.0/lib/ruby/gems/2.3.0/gems/activesupport-5.0.0.1/lib/active_support/dependencies.rb:259:in `load_dependency'
	from /Users/melanieblazevic/.rbenv/versions/2.3.0/lib/ruby/gems/2.3.0/gems/activesupport-5.0.0.1/lib/active_support/dependencies.rb:287:in `load'
	from /Users/melanieblazevic/.rbenv/versions/2.3.0/lib/ruby/2.3.0/rubygems/core_ext/kernel_require.rb:55:in `require'
	from /Users/melanieblazevic/.rbenv/versions/2.3.0/lib/ruby/2.3.0/rubygems/core_ext/kernel_require.rb:55:in `require'
	from -e:1:in `<main>'irb(main):005:0> ^C  
irb(main):005:0> Post.find(75)
  Post Load (0.3ms)  SELECT  "posts".* FROM "posts" WHERE "posts"."id" = ? ORDER BY "posts"."created_at" DESC LIMIT ?  [["id", 75], ["LIMIT", 1]]
=> #<Post id: 75, title: "Shoes", description: "Nike", created_at: "2016-10-05 18:56:58", updated_at: "2016-10-05 18:56:58", user_id: 2>
irb(main):006:0> Post.find(75).comments
  Post Load (0.2ms)  SELECT  "posts".* FROM "posts" WHERE "posts"."id" = ? ORDER BY "posts"."created_at" DESC LIMIT ?  [["id", 75], ["LIMIT", 1]]
  Comment Load (0.2ms)  SELECT "comments".* FROM "comments" WHERE "comments"."post_id" = ? ORDER BY created_at ASC  [["post_id", 75]]
=> #<ActiveRecord::Associations::CollectionProxy []>
irb(main):007:0> Comment.all
  Comment Load (4.6ms)  SELECT "comments".* FROM "comments" ORDER BY created_at ASC
=> #<ActiveRecord::Relation [#<Comment id: 1, title: "First comment.", comment: "This is the first comment.", commentable_type: "Post", commentable_id: 28, user_id: nil, role: "comments", created_at: "2016-09-30 00:20:44", updated_at: "2016-09-30 00:20:44", post_id: nil>, #<Comment id: 2, title: "First comment.", comment: "This is the first comment.", commentable_type: "Post", commentable_id: 29, user_id: nil, role: "comments", created_at: "2016-09-30 00:22:42", updated_at: "2016-09-30 00:22:42", post_id: nil>, #<Comment id: 3, title: "First comment.", comment: "This is the first comment.", commentable_type: "Post", commentable_id: 30, user_id: nil, role: "comments", created_at: "2016-09-30 00:55:19", updated_at: "2016-09-30 00:55:19", post_id: nil>, #<Comment id: 4, title: "First comment.", comment: "This is the first comment.", commentable_type: "Post", commentable_id: 31, user_id: nil, role: "comments", created_at: "2016-09-30 01:05:44", updated_at: "2016-09-30 01:05:44", post_id: nil>, #<Comment id: 5, title: "", comment: nil, commentable_type: "Post", commentable_id: 32, user_id: nil, role: "comments", created_at: "2016-09-30 01:08:46", updated_at: "2016-09-30 01:08:46", post_id: nil>, #<Comment id: 6, title: "", comment: nil, commentable_type: "Post", commentable_id: 33, user_id: nil, role: "comments", created_at: "2016-09-30 01:08:59", updated_at: "2016-09-30 01:08:59", post_id: nil>, #<Comment id: 7, title: "", comment: nil, commentable_type: "Post", commentable_id: 34, user_id: nil, role: "comments", created_at: "2016-09-30 01:09:11", updated_at: "2016-09-30 01:09:11", post_id: nil>, #<Comment id: 8, title: "First comment.", comment: "This is the first comment.", commentable_type: "Post", commentable_id: 35, user_id: nil, role: "comments", created_at: "2016-09-30 01:09:36", updated_at: "2016-09-30 01:09:36", post_id: nil>, #<Comment id: 9, title: "", comment: nil, commentable_type: "Post", commentable_id: 29, user_id: nil, role: "comments", created_at: "2016-09-30 01:09:46", updated_at: "2016-09-30 01:09:46", post_id: nil>, #<Comment id: 10, title: "First comment.", comment: "This is the first comment.", commentable_type: "Post", commentable_id: 36, user_id: nil, role: "comments", created_at: "2016-09-30 01:11:20", updated_at: "2016-09-30 01:11:20", post_id: nil>, ...]>
irb(main):008:0> Comment.last
  Comment Load (0.6ms)  SELECT  "comments".* FROM "comments" ORDER BY created_at DESC LIMIT ?  [["LIMIT", 1]]
=> #<Comment id: 37, title: "First comment.", comment: "This is the first comment.", commentable_type: nil, commentable_id: nil, user_id: nil, role: "comments", created_at: "2016-10-05 18:59:05", updated_at: "2016-10-05 18:59:05", post_id: 76>
irb(main):009:0> exit
Melanies-MacBook-Pro:wearable melanieblazevic$ rails console
Running via Spring preloader in process 1778
Loading development environment (Rails 5.0.0.1)
Cannot read termcap database;
using dumb terminal settings.
irb(main):001:0> Comment.last
  Comment Load (48.0ms)  SELECT  "comments".* FROM "comments" ORDER BY created_at DESC LIMIT ?  [["LIMIT", 1]]
=> #<Comment id: 37, title: "First comment.", comment: "This is the first comment.", commentable_type: nil, commentable_id: nil, user_id: nil, role: "comments", created_at: "2016-10-05 18:59:05", updated_at: "2016-10-05 18:59:05", post_id: 76>
irb(main):002:0> Post.last
  Post Load (0.4ms)  SELECT  "posts".* FROM "posts" ORDER BY "posts"."created_at" ASC LIMIT ?  [["LIMIT", 1]]
=> #<Post id: 1, title: nil, description: nil, created_at: "2016-09-23 01:41:18", updated_at: "2016-09-23 01:41:18", user_id: nil>
irb(main):003:0> Post.all
  Post Load (3.9ms)  SELECT "posts".* FROM "posts" ORDER BY "posts"."created_at" DESC
=> #<ActiveRecord::Relation [#<Post id: 77, title: "Belt", description: "Black", created_at: "2016-10-05 19:04:23", updated_at: "2016-10-05 19:04:23", user_id: 2>, #<Post id: 76, title: "Title", description: "Description", created_at: "2016-10-05 18:59:05", updated_at: "2016-10-05 18:59:05", user_id: nil>, #<Post id: 75, title: "Shoes", description: "Nike", created_at: "2016-10-05 18:56:58", updated_at: "2016-10-05 18:56:58", user_id: 2>, #<Post id: 74, title: "Title", description: "Description", created_at: "2016-10-05 18:56:24", updated_at: "2016-10-05 18:56:24", user_id: nil>, #<Post id: 73, title: "Title", description: "Description", created_at: "2016-10-05 18:23:53", updated_at: "2016-10-05 18:23:53", user_id: nil>, #<Post id: 72, title: "Title", description: "Description", created_at: "2016-10-05 00:15:11", updated_at: "2016-10-05 00:15:11", user_id: nil>, #<Post id: 71, title: "Title", description: "Description", created_at: "2016-10-04 05:03:19", updated_at: "2016-10-04 05:03:19", user_id: nil>, #<Post id: 70, title: "Hair", description: "Silver Clip", created_at: "2016-10-04 02:52:32", updated_at: "2016-10-04 02:52:32", user_id: 2>, #<Post id: 69, title: "Title", description: "Description", created_at: "2016-10-04 02:52:20", updated_at: "2016-10-04 02:52:20", user_id: nil>, #<Post id: 68, title: "Title", description: "Description", created_at: "2016-10-01 22:11:11", updated_at: "2016-10-01 22:11:11", user_id: nil>, ...]>
irb(main):004:0> Post.find(77)
  Post Load (0.3ms)  SELECT  "posts".* FROM "posts" WHERE "posts"."id" = ? ORDER BY "posts"."created_at" DESC LIMIT ?  [["id", 77], ["LIMIT", 1]]
=> #<Post id: 77, title: "Belt", description: "Black", created_at: "2016-10-05 19:04:23", updated_at: "2016-10-05 19:04:23", user_id: 2>
irb(main):005:0> exit
Melanies-MacBook-Pro:wearable melanieblazevic$ rails console

Running via Spring preloader in process 1813
Loading development environment (Rails 5.0.0.1)
Cannot read termcap database;
using dumb terminal settings.
irb(main):001:0> Comment.last
  Comment Load (2.4ms)  SELECT  "comments".* FROM "comments" ORDER BY created_at DESC LIMIT ?  [["LIMIT", 1]]
=> #<Comment id: 38, title: "", comment: "Size 35", commentable_type: nil, commentable_id: nil, user_id: nil, role: "comments", created_at: "2016-10-05 19:06:08", updated_at: "2016-10-05 19:06:08", post_id: nil>
irb(main):002:0> exit
Melanies-MacBook-Pro:wearable melanieblazevic$ rails console
Running via Spring preloader in process 1926
Loading development environment (Rails 5.0.0.1)
Cannot read termcap database;
using dumb terminal settings.
irb(main):001:0> Post.find(77)
  Post Load (0.3ms)  SELECT  "posts".* FROM "posts" WHERE "posts"."id" = ? ORDER BY "posts"."created_at" DESC LIMIT ?  [["id", 77], ["LIMIT", 1]]
=> #<Post id: 77, title: "Belt", description: "Black", created_at: "2016-10-05 19:04:23", updated_at: "2016-10-05 19:04:23", user_id: 2>
irb(main):002:0> Post.find(77).comments
  Post Load (0.2ms)  SELECT  "posts".* FROM "posts" WHERE "posts"."id" = ? ORDER BY "posts"."created_at" DESC LIMIT ?  [["id", 77], ["LIMIT", 1]]
  Comment Load (0.2ms)  SELECT "comments".* FROM "comments" WHERE "comments"."post_id" = ? ORDER BY created_at ASC  [["post_id", 77]]
=> #<ActiveRecord::Associations::CollectionProxy []>
irb(main):003:0> Comment.last
  Comment Load (1.7ms)  SELECT  "comments".* FROM "comments" ORDER BY created_at DESC LIMIT ?  [["LIMIT", 1]]
=> #<Comment id: 39, title: "", comment: "size 10", commentable_type: nil, commentable_id: nil, user_id: nil, role: "comments", created_at: "2016-10-05 19:14:13", updated_at: "2016-10-05 19:14:13", post_id: nil>
irb(main):004:0> 
  [Restored Oct 7, 2016, 9:33:36 PM]
Last login: Fri Oct  7 21:33:21 on console
Melanies-MacBook-Pro:wearable melanieblazevic$ c = Post.comments
-bash: c: command not found
Melanies-MacBook-Pro:wearable melanieblazevic$ rails c
Running via Spring preloader in process 4780
Loading development environment (Rails 5.0.0.1)
irb(main):001:0> c = Post.comments
NoMethodError: undefined method `comments' for Post (call 'Post.connection' to establish a connection):Class
Did you mean?  comment_types
	from /Users/melanieblazevic/.rbenv/versions/2.3.0/lib/ruby/gems/2.3.0/gems/activerecord-5.0.0.1/lib/active_record/dynamic_matchers.rb:21:in `method_missing'
	from (irb):1
	from /Users/melanieblazevic/.rbenv/versions/2.3.0/lib/ruby/gems/2.3.0/gems/railties-5.0.0.1/lib/rails/commands/console.rb:65:in `start'
	from /Users/melanieblazevic/.rbenv/versions/2.3.0/lib/ruby/gems/2.3.0/gems/railties-5.0.0.1/lib/rails/commands/console_helper.rb:9:in `start'
	from /Users/melanieblazevic/.rbenv/versions/2.3.0/lib/ruby/gems/2.3.0/gems/railties-5.0.0.1/lib/rails/commands/commands_tasks.rb:78:in `console'
	from /Users/melanieblazevic/.rbenv/versions/2.3.0/lib/ruby/gems/2.3.0/gems/railties-5.0.0.1/lib/rails/commands/commands_tasks.rb:49:in `run_command!'
	from /Users/melanieblazevic/.rbenv/versions/2.3.0/lib/ruby/gems/2.3.0/gems/railties-5.0.0.1/lib/rails/commands.rb:18:in `<top (required)>'
	from /Users/melanieblazevic/.rbenv/versions/2.3.0/lib/ruby/gems/2.3.0/gems/activesupport-5.0.0.1/lib/active_support/dependencies.rb:293:in `require'
	from /Users/melanieblazevic/.rbenv/versions/2.3.0/lib/ruby/gems/2.3.0/gems/activesupport-5.0.0.1/lib/active_support/dependencies.rb:293:in `block in require'
	from /Users/melanieblazevic/.rbenv/versions/2.3.0/lib/ruby/gems/2.3.0/gems/activesupport-5.0.0.1/lib/active_support/dependencies.rb:259:in `load_dependency'
	from /Users/melanieblazevic/.rbenv/versions/2.3.0/lib/ruby/gems/2.3.0/gems/activesupport-5.0.0.1/lib/active_support/dependencies.rb:293:in `require'
	from /Users/melanieblazevic/Desktop/Ironhack/Final_Project/Wearable/bin/rails:9:in `<top (required)>'
	from /Users/melanieblazevic/.rbenv/versions/2.3.0/lib/ruby/gems/2.3.0/gems/activesupport-5.0.0.1/lib/active_support/dependencies.rb:287:in `load'
	from /Users/melanieblazevic/.rbenv/versions/2.3.0/lib/ruby/gems/2.3.0/gems/activesupport-5.0.0.1/lib/active_support/dependencies.rb:287:in `block in load'
	from /Users/melanieblazevic/.rbenv/versions/2.3.0/lib/ruby/gems/2.3.0/gems/activesupport-5.0.0.1/lib/active_support/dependencies.rb:259:in `load_dependency'
	from /Users/melanieblazevic/.rbenv/versions/2.3.0/lib/ruby/gems/2.3.0/gems/activesupport-5.0.0.1/lib/active_support/dependencies.rb:287:in `load'
	from /Users/melanieblazevic/.rbenv/versions/2.3.0/lib/ruby/gems/2.3.0/gems/spring-1.7.2/lib/spring/commands/rails.rb:6:in `call'
	from /Users/melanieblazevic/.rbenv/versions/2.3.0/lib/ruby/gems/2.3.0/gems/spring-1.7.2/lib/spring/command_wrapper.rb:38:in `call'
	from /Users/melanieblazevic/.rbenv/versions/2.3.0/lib/ruby/gems/2.3.0/gems/spring-1.7.2/lib/spring/application.rb:191:in `block in serve'
	from /Users/melanieblazevic/.rbenv/versions/2.3.0/lib/ruby/gems/2.3.0/gems/spring-1.7.2/lib/spring/application.rb:161:in `fork'
	from /Users/melanieblazevic/.rbenv/versions/2.3.0/lib/ruby/gems/2.3.0/gems/spring-1.7.2/lib/spring/application.rb:161:in `serve'
	from /Users/melanieblazevic/.rbenv/versions/2.3.0/lib/ruby/gems/2.3.0/gems/spring-1.7.2/lib/spring/application.rb:131:in `block in run'
	from /Users/melanieblazevic/.rbenv/versions/2.3.0/lib/ruby/gems/2.3.0/gems/spring-1.7.2/lib/spring/application.rb:125:in `loop'
	from /Users/melanieblazevic/.rbenv/versions/2.3.0/lib/ruby/gems/2.3.0/gems/spring-1.7.2/lib/spring/application.rb:125:in `run'
	from /Users/melanieblazevic/.rbenv/versions/2.3.0/lib/ruby/gems/2.3.0/gems/spring-1.7.2/lib/spring/application/boot.rb:19:in `<top (required)>'
	from /Users/melanieblazevic/.rbenv/versions/2.3.0/lib/ruby/2.3.0/rubygems/core_ext/kernel_require.rb:55:in `require'
	from /Users/melanieblazevic/.rbenv/versions/2.3.0/lib/ruby/2.3.0/rubygems/core_ext/kernel_require.rb:55:in `require'
	from -e:1:in `<main>'irb(main):002:0> p = Post.all
  Post Load (2.1ms)  SELECT "posts".* FROM "posts" ORDER BY "posts"."created_at" DESC
=> #<ActiveRecord::Relation [#<Post id: 3, title: "Laptop Case", description: "Looking for 15\" backpack for road trip", created_at: "2016-10-05 21:55:29", updated_at: "2016-10-05 21:55:29", user_id: 1>, #<Post id: 2, title: "Black Purse", description: "Preferably Marc Jacobs", created_at: "2016-10-05 21:54:52", updated_at: "2016-10-05 21:54:52", user_id: 1>, #<Post id: 1, title: "Shoes", description: "Nike\r\n", created_at: "2016-10-05 21:54:17", updated_at: "2016-10-05 21:54:17", user_id: 1>]>
irb(main):003:0> p = Post.find(3)
  Post Load (0.3ms)  SELECT  "posts".* FROM "posts" WHERE "posts"."id" = ? ORDER BY "posts"."created_at" DESC LIMIT ?  [["id", 3], ["LIMIT", 1]]
=> #<Post id: 3, title: "Laptop Case", description: "Looking for 15\" backpack for road trip", created_at: "2016-10-05 21:55:29", updated_at: "2016-10-05 21:55:29", user_id: 1>
irb(main):004:0> p.comments
  Comment Load (0.2ms)  SELECT "comments".* FROM "comments" WHERE "comments"."post_id" = ? ORDER BY created_at ASC  [["post_id", 3]]
=> #<ActiveRecord::Associations::CollectionProxy [#<Comment id: 1, title: "", comment: "When?", commentable_type: nil, commentable_id: nil, user_id: nil, role: "comments", created_at: "2016-10-05 22:06:22", updated_at: "2016-10-05 22:06:22", post_id: 3>, #<Comment id: 2, title: "", comment: "", commentable_type: nil, commentable_id: nil, user_id: nil, role: "comments", created_at: "2016-10-05 22:06:26", updated_at: "2016-10-05 22:06:26", post_id: 3>, #<Comment id: 3, title: "", comment: "how many", commentable_type: nil, commentable_id: nil, user_id: nil, role: "comments", created_at: "2016-10-05 22:07:41", updated_at: "2016-10-05 22:07:41", post_id: 3>]>
irb(main):005:0> c = p.comments.first
=> #<Comment id: 1, title: "", comment: "When?", commentable_type: nil, commentable_id: nil, user_id: nil, role: "comments", created_at: "2016-10-05 22:06:22", updated_at: "2016-10-05 22:06:22", post_id: 3>
irb(main):006:0> p
=> #<Post id: 3, title: "Laptop Case", description: "Looking for 15\" backpack for road trip", created_at: "2016-10-05 21:55:29", updated_at: "2016-10-05 21:55:29", user_id: 1>
irb(main):007:0> c
=> #<Comment id: 1, title: "", comment: "When?", commentable_type: nil, commentable_id: nil, user_id: nil, role: "comments", created_at: "2016-10-05 22:06:22", updated_at: "2016-10-05 22:06:22", post_id: 3>
irb(main):008:0> c.users.name
NoMethodError: undefined method `users' for #<Comment:0x007fc0d15fe670>
Did you mean?  user
               user=
	from /Users/melanieblazevic/.rbenv/versions/2.3.0/lib/ruby/gems/2.3.0/gems/activemodel-5.0.0.1/lib/active_model/attribute_methods.rb:433:in `method_missing'
	from (irb):8
	from /Users/melanieblazevic/.rbenv/versions/2.3.0/lib/ruby/gems/2.3.0/gems/railties-5.0.0.1/lib/rails/commands/console.rb:65:in `start'
	from /Users/melanieblazevic/.rbenv/versions/2.3.0/lib/ruby/gems/2.3.0/gems/railties-5.0.0.1/lib/rails/commands/console_helper.rb:9:in `start'
	from /Users/melanieblazevic/.rbenv/versions/2.3.0/lib/ruby/gems/2.3.0/gems/railties-5.0.0.1/lib/rails/commands/commands_tasks.rb:78:in `console'
	from /Users/melanieblazevic/.rbenv/versions/2.3.0/lib/ruby/gems/2.3.0/gems/railties-5.0.0.1/lib/rails/commands/commands_tasks.rb:49:in `run_command!'
	from /Users/melanieblazevic/.rbenv/versions/2.3.0/lib/ruby/gems/2.3.0/gems/railties-5.0.0.1/lib/rails/commands.rb:18:in `<top (required)>'
	from /Users/melanieblazevic/.rbenv/versions/2.3.0/lib/ruby/gems/2.3.0/gems/activesupport-5.0.0.1/lib/active_support/dependencies.rb:293:in `require'
	from /Users/melanieblazevic/.rbenv/versions/2.3.0/lib/ruby/gems/2.3.0/gems/activesupport-5.0.0.1/lib/active_support/dependencies.rb:293:in `block in require'
	from /Users/melanieblazevic/.rbenv/versions/2.3.0/lib/ruby/gems/2.3.0/gems/activesupport-5.0.0.1/lib/active_support/dependencies.rb:259:in `load_dependency'
	from /Users/melanieblazevic/.rbenv/versions/2.3.0/lib/ruby/gems/2.3.0/gems/activesupport-5.0.0.1/lib/active_support/dependencies.rb:293:in `require'
	from /Users/melanieblazevic/Desktop/Ironhack/Final_Project/Wearable/bin/rails:9:in `<top (required)>'
	from /Users/melanieblazevic/.rbenv/versions/2.3.0/lib/ruby/gems/2.3.0/gems/activesupport-5.0.0.1/lib/active_support/dependencies.rb:287:in `load'
	from /Users/melanieblazevic/.rbenv/versions/2.3.0/lib/ruby/gems/2.3.0/gems/activesupport-5.0.0.1/lib/active_support/dependencies.rb:287:in `block in load'
	from /Users/melanieblazevic/.rbenv/versions/2.3.0/lib/ruby/gems/2.3.0/gems/activesupport-5.0.0.1/lib/active_support/dependencies.rb:259:in `load_dependency'
	from /Users/melanieblazevic/.rbenv/versions/2.3.0/lib/ruby/gems/2.3.0/gems/activesupport-5.0.0.1/lib/active_support/dependencies.rb:287:in `load'
	from /Users/melanieblazevic/.rbenv/versions/2.3.0/lib/ruby/gems/2.3.0/gems/spring-1.7.2/lib/spring/commands/rails.rb:6:in `call'
	from /Users/melanieblazevic/.rbenv/versions/2.3.0/lib/ruby/gems/2.3.0/gems/spring-1.7.2/lib/spring/command_wrapper.rb:38:in `call'
	from /Users/melanieblazevic/.rbenv/versions/2.3.0/lib/ruby/gems/2.3.0/gems/spring-1.7.2/lib/spring/application.rb:191:in `block in serve'
	from /Users/melanieblazevic/.rbenv/versions/2.3.0/lib/ruby/gems/2.3.0/gems/spring-1.7.2/lib/spring/application.rb:161:in `fork'
	from /Users/melanieblazevic/.rbenv/versions/2.3.0/lib/ruby/gems/2.3.0/gems/spring-1.7.2/lib/spring/application.rb:161:in `serve'
	from /Users/melanieblazevic/.rbenv/versions/2.3.0/lib/ruby/gems/2.3.0/gems/spring-1.7.2/lib/spring/application.rb:131:in `block in run'
	from /Users/melanieblazevic/.rbenv/versions/2.3.0/lib/ruby/gems/2.3.0/gems/spring-1.7.2/lib/spring/application.rb:125:in `loop'
	from /Users/melanieblazevic/.rbenv/versions/2.3.0/lib/ruby/gems/2.3.0/gems/spring-1.7.2/lib/spring/application.rb:125:in `run'
	from /Users/melanieblazevic/.rbenv/versions/2.3.0/lib/ruby/gems/2.3.0/gems/spring-1.7.2/lib/spring/application/boot.rb:19:in `<top (required)>'
	from /Users/melanieblazevic/.rbenv/versions/2.3.0/lib/ruby/2.3.0/rubygems/core_ext/kernel_require.rb:55:in `require'
	from /Users/melanieblazevic/.rbenv/versions/2.3.0/lib/ruby/2.3.0/rubygems/core_ext/kernel_require.rb:55:in `require'
	from -e:1:in `<main>'irb(main):009:0> c 
=> #<Comment id: 1, title: "", comment: "When?", commentable_type: nil, commentable_id: nil, user_id: nil, role: "comments", created_at: "2016-10-05 22:06:22", updated_at: "2016-10-05 22:06:22", post_id: 3>
irb(main):010:0> c.user_id
=> nil
irb(main):011:0> p
=> #<Post id: 3, title: "Laptop Case", description: "Looking for 15\" backpack for road trip", created_at: "2016-10-05 21:55:29", updated_at: "2016-10-05 21:55:29", user_id: 1>
irb(main):012:0> p.comments
=> #<ActiveRecord::Associations::CollectionProxy [#<Comment id: 1, title: "", comment: "When?", commentable_type: nil, commentable_id: nil, user_id: nil, role: "comments", created_at: "2016-10-05 22:06:22", updated_at: "2016-10-05 22:06:22", post_id: 3>, #<Comment id: 2, title: "", comment: "", commentable_type: nil, commentable_id: nil, user_id: nil, role: "comments", created_at: "2016-10-05 22:06:26", updated_at: "2016-10-05 22:06:26", post_id: 3>, #<Comment id: 3, title: "", comment: "how many", commentable_type: nil, commentable_id: nil, user_id: nil, role: "comments", created_at: "2016-10-05 22:07:41", updated_at: "2016-10-05 22:07:41", post_id: 3>]>
irb(main):013:0> User.last
  User Load (0.3ms)  SELECT  "users".* FROM "users" ORDER BY "users"."id" DESC LIMIT ?  [["LIMIT", 1]]
=> #<User id: 2, email: "wilfredoruck@gmail.com", name: nil>
irb(main):014:0> exit
Melanies-MacBook-Pro:wearable melanieblazevic$ rails console
Running via Spring preloader in process 7252
Loading development environment (Rails 5.0.0.1)
No entry for terminal type "c/.rbenv/versions/2.3.0/lib/ruby/gems/2.3.0";
using dumb terminal settings.
irb(main):001:0> Post.all 
  Post Load (2.3ms)  SELECT "posts".* FROM "posts" ORDER BY "posts"."created_at" DESC
=> #<ActiveRecord::Relation [#<Post id: 3, title: "Laptop Case", description: "Looking for 15\" backpack for road trip", created_at: "2016-10-05 21:55:29", updated_at: "2016-10-05 21:55:29", user_id: 1>, #<Post id: 2, title: "Black Purse", description: "Preferably Marc Jacobs", created_at: "2016-10-05 21:54:52", updated_at: "2016-10-05 21:54:52", user_id: 1>, #<Post id: 1, title: "Shoes", description: "Nike\r\n", created_at: "2016-10-05 21:54:17", updated_at: "2016-10-05 21:54:17", user_id: 1>]>
irb(main):002:0> p = Post.find(2)
  Post Load (0.3ms)  SELECT  "posts".* FROM "posts" WHERE "posts"."id" = ? ORDER BY "posts"."created_at" DESC LIMIT ?  [["id", 2], ["LIMIT", 1]]
=> #<Post id: 2, title: "Black Purse", description: "Preferably Marc Jacobs", created_at: "2016-10-05 21:54:52", updated_at: "2016-10-05 21:54:52", user_id: 1>
irb(main):003:0> p.comments
  Comment Load (0.2ms)  SELECT "comments".* FROM "comments" WHERE "comments"."post_id" = ? ORDER BY created_at ASC  [["post_id", 2]]
=> #<ActiveRecord::Associations::CollectionProxy [#<Comment id: 4, title: "", comment: "When?", commentable_type: nil, commentable_id: nil, user_id: nil, role: "comments", created_at: "2016-10-08 17:47:12", updated_at: "2016-10-08 17:47:12", post_id: 2>, #<Comment id: 5, title: "", comment: "I have a Michael Kors sachel", commentable_type: nil, commentable_id: nil, user_id: nil, role: "comments", created_at: "2016-10-08 17:48:30", updated_at: "2016-10-08 17:48:30", post_id: 2>, #<Comment id: 6, title: "", comment: "Hello", commentable_type: nil, commentable_id: nil, user_id: nil, role: "comments", created_at: "2016-10-08 21:29:02", updated_at: "2016-10-08 21:29:02", post_id: 2>]>
irb(main):004:0> reload!
Reloading...
=> true
irb(main):005:0> p.comments
=> #<ActiveRecord::Associations::CollectionProxy [#<Comment id: 4, title: "", comment: "When?", commentable_type: nil, commentable_id: nil, user_id: nil, role: "comments", created_at: "2016-10-08 17:47:12", updated_at: "2016-10-08 17:47:12", post_id: 2>, #<Comment id: 5, title: "", comment: "I have a Michael Kors sachel", commentable_type: nil, commentable_id: nil, user_id: nil, role: "comments", created_at: "2016-10-08 17:48:30", updated_at: "2016-10-08 17:48:30", post_id: 2>, #<Comment id: 6, title: "", comment: "Hello", commentable_type: nil, commentable_id: nil, user_id: nil, role: "comments", created_at: "2016-10-08 21:29:02", updated_at: "2016-10-08 21:29:02", post_id: 2>]>
irb(main):006:0> exit
Melanies-MacBook-Pro:wearable melanieblazevic$ rails s
^C/Users/melanieblazevic/.rbenv/versions/2.3.0/lib/ruby/gems/2.3.0/gems/concurrent-ruby-1.0.2/lib/concurrent/executor/immediate_executor.rb:2:in `require': Interrupt
	from /Users/melanieblazevic/.rbenv/versions/2.3.0/lib/ruby/gems/2.3.0/gems/concurrent-ruby-1.0.2/lib/concurrent/executor/immediate_executor.rb:2:in `<top (required)>'
	from /Users/melanieblazevic/.rbenv/versions/2.3.0/lib/ruby/gems/2.3.0/gems/concurrent-ruby-1.0.2/lib/concurrent/delay.rb:3:in `require'
	from /Users/melanieblazevic/.rbenv/versions/2.3.0/lib/ruby/gems/2.3.0/gems/concurrent-ruby-1.0.2/lib/concurrent/delay.rb:3:in `<top (required)>'
	from /Users/melanieblazevic/.rbenv/versions/2.3.0/lib/ruby/gems/2.3.0/gems/concurrent-ruby-1.0.2/lib/concurrent/configuration.rb:2:in `require'
	from /Users/melanieblazevic/.rbenv/versions/2.3.0/lib/ruby/gems/2.3.0/gems/concurrent-ruby-1.0.2/lib/concurrent/configuration.rb:2:in `<top (required)>'
	from /Users/melanieblazevic/.rbenv/versions/2.3.0/lib/ruby/gems/2.3.0/gems/concurrent-ruby-1.0.2/lib/concurrent.rb:4:in `require'
	from /Users/melanieblazevic/.rbenv/versions/2.3.0/lib/ruby/gems/2.3.0/gems/concurrent-ruby-1.0.2/lib/concurrent.rb:4:in `<top (required)>'
	from /Users/melanieblazevic/.rbenv/versions/2.3.0/lib/ruby/gems/2.3.0/gems/activesupport-5.0.0.1/lib/active_support/logger_silence.rb:3:in `require'
	from /Users/melanieblazevic/.rbenv/versions/2.3.0/lib/ruby/gems/2.3.0/gems/activesupport-5.0.0.1/lib/active_support/logger_silence.rb:3:in `<top (required)>'
	from /Users/melanieblazevic/.rbenv/versions/2.3.0/lib/ruby/gems/2.3.0/gems/activesupport-5.0.0.1/lib/active_support/logger.rb:1:in `require'
	from /Users/melanieblazevic/.rbenv/versions/2.3.0/lib/ruby/gems/2.3.0/gems/activesupport-5.0.0.1/lib/active_support/logger.rb:1:in `<top (required)>'
	from /Users/melanieblazevic/.rbenv/versions/2.3.0/lib/ruby/gems/2.3.0/gems/activesupport-5.0.0.1/lib/active_support.rb:27:in `require'
	from /Users/melanieblazevic/.rbenv/versions/2.3.0/lib/ruby/gems/2.3.0/gems/activesupport-5.0.0.1/lib/active_support.rb:27:in `<top (required)>'
	from /Users/melanieblazevic/.rbenv/versions/2.3.0/lib/ruby/gems/2.3.0/gems/railties-5.0.0.1/lib/rails/commands/rake_proxy.rb:2:in `require'
	from /Users/melanieblazevic/.rbenv/versions/2.3.0/lib/ruby/gems/2.3.0/gems/railties-5.0.0.1/lib/rails/commands/rake_proxy.rb:2:in `<top (required)>'
	from /Users/melanieblazevic/.rbenv/versions/2.3.0/lib/ruby/gems/2.3.0/gems/railties-5.0.0.1/lib/rails/commands/commands_tasks.rb:1:in `require'
	from /Users/melanieblazevic/.rbenv/versions/2.3.0/lib/ruby/gems/2.3.0/gems/railties-5.0.0.1/lib/rails/commands/commands_tasks.rb:1:in `<top (required)>'
	from /Users/melanieblazevic/.rbenv/versions/2.3.0/lib/ruby/gems/2.3.0/gems/railties-5.0.0.1/lib/rails/commands.rb:16:in `require'
	from /Users/melanieblazevic/.rbenv/versions/2.3.0/lib/ruby/gems/2.3.0/gems/railties-5.0.0.1/lib/rails/commands.rb:16:in `<top (required)>'
	from /Users/melanieblazevic/Desktop/Ironhack/Final_Project/Wearable/bin/rails:9:in `require'
	from /Users/melanieblazevic/Desktop/Ironhack/Final_Project/Wearable/bin/rails:9:in `<top (required)>'
	from /Users/melanieblazevic/.rbenv/versions/2.3.0/lib/ruby/gems/2.3.0/gems/spring-1.7.2/lib/spring/client/rails.rb:28:in `load'
	from /Users/melanieblazevic/.rbenv/versions/2.3.0/lib/ruby/gems/2.3.0/gems/spring-1.7.2/lib/spring/client/rails.rb:28:in `call'
	from /Users/melanieblazevic/.rbenv/versions/2.3.0/lib/ruby/gems/2.3.0/gems/spring-1.7.2/lib/spring/client/command.rb:7:in `call'
	from /Users/melanieblazevic/.rbenv/versions/2.3.0/lib/ruby/gems/2.3.0/gems/spring-1.7.2/lib/spring/client.rb:30:in `run'
	from /Users/melanieblazevic/.rbenv/versions/2.3.0/lib/ruby/gems/2.3.0/gems/spring-1.7.2/bin/spring:49:in `<top (required)>'
	from /Users/melanieblazevic/.rbenv/versions/2.3.0/lib/ruby/gems/2.3.0/gems/spring-1.7.2/lib/spring/binstub.rb:11:in `load'
	from /Users/melanieblazevic/.rbenv/versions/2.3.0/lib/ruby/gems/2.3.0/gems/spring-1.7.2/lib/spring/binstub.rb:11:in `<top (required)>'
	from /Users/melanieblazevic/.rbenv/versions/2.3.0/lib/ruby/2.3.0/rubygems/core_ext/kernel_require.rb:55:in `require'
	from /Users/melanieblazevic/.rbenv/versions/2.3.0/lib/ruby/2.3.0/rubygems/core_ext/kernel_require.rb:55:in `require'
	from /Users/melanieblazevic/Desktop/Ironhack/Final_Project/Wearable/bin/spring:13:in `<top (required)>'
	from bin/rails:3:in `load'
	from bin/rails:3:in `<main>'

Melanies-MacBook-Pro:wearable melanieblazevic$ rails c
Running via Spring preloader in process 7336
Loading development environment (Rails 5.0.0.1)
No entry for terminal type "/rb-inotify-0.9.7/lib/irb/lc/en_US.UTF-8/encoding_aliases.rb";
using dumb terminal settings.
irb(main):001:0> p = Post.find(2)
  Post Load (0.3ms)  SELECT  "posts".* FROM "posts" WHERE "posts"."id" = ? ORDER BY "posts"."created_at" DESC LIMIT ?  [["id", 2], ["LIMIT", 1]]
=> #<Post id: 2, title: "Black Purse", description: "Preferably Marc Jacobs", created_at: "2016-10-05 21:54:52", updated_at: "2016-10-05 21:54:52", user_id: 1>
irb(main):002:0> p.comments
  Comment Load (0.2ms)  SELECT "comments".* FROM "comments" WHERE "comments"."post_id" = ? ORDER BY created_at ASC  [["post_id", 2]]
=> #<ActiveRecord::Associations::CollectionProxy [#<Comment id: 4, title: "", comment: "When?", commentable_type: nil, commentable_id: nil, user_id: nil, role: "comments", created_at: "2016-10-08 17:47:12", updated_at: "2016-10-08 17:47:12", post_id: 2>, #<Comment id: 5, title: "", comment: "I have a Michael Kors sachel", commentable_type: nil, commentable_id: nil, user_id: nil, role: "comments", created_at: "2016-10-08 17:48:30", updated_at: "2016-10-08 17:48:30", post_id: 2>, #<Comment id: 6, title: "", comment: "Hello", commentable_type: nil, commentable_id: nil, user_id: nil, role: "comments", created_at: "2016-10-08 21:29:02", updated_at: "2016-10-08 21:29:02", post_id: 2>, #<Comment id: 7, title: "", comment: "hell ooooo", commentable_type: nil, commentable_id: nil, user_id: 1, role: "comments", created_at: "2016-10-08 21:35:00", updated_at: "2016-10-08 21:35:00", post_id: 2>]>
irb(main):003:0> c = p.comments.find(7)
  Comment Load (0.3ms)  SELECT  "comments".* FROM "comments" WHERE "comments"."post_id" = ? AND "comments"."id" = ? ORDER BY created_at ASC LIMIT ?  [["post_id", 2], ["id", 7], ["LIMIT", 1]]
=> #<Comment id: 7, title: "", comment: "hell ooooo", commentable_type: nil, commentable_id: nil, user_id: 1, role: "comments", created_at: "2016-10-08 21:35:00", updated_at: "2016-10-08 21:35:00", post_id: 2>
irb(main):004:0> p.users
NoMethodError: undefined method `users' for #<Post:0x007fa48d3b9c80>
Did you mean?  user
               user=
	from /Users/melanieblazevic/.rbenv/versions/2.3.0/lib/ruby/gems/2.3.0/gems/activemodel-5.0.0.1/lib/active_model/attribute_methods.rb:433:in `method_missing'
	from (irb):4
	from /Users/melanieblazevic/.rbenv/versions/2.3.0/lib/ruby/gems/2.3.0/gems/railties-5.0.0.1/lib/rails/commands/console.rb:65:in `start'
	from /Users/melanieblazevic/.rbenv/versions/2.3.0/lib/ruby/gems/2.3.0/gems/railties-5.0.0.1/lib/rails/commands/console_helper.rb:9:in `start'
	from /Users/melanieblazevic/.rbenv/versions/2.3.0/lib/ruby/gems/2.3.0/gems/railties-5.0.0.1/lib/rails/commands/commands_tasks.rb:78:in `console'
	from /Users/melanieblazevic/.rbenv/versions/2.3.0/lib/ruby/gems/2.3.0/gems/railties-5.0.0.1/lib/rails/commands/commands_tasks.rb:49:in `run_command!'
	from /Users/melanieblazevic/.rbenv/versions/2.3.0/lib/ruby/gems/2.3.0/gems/railties-5.0.0.1/lib/rails/commands.rb:18:in `<top (required)>'
	from /Users/melanieblazevic/.rbenv/versions/2.3.0/lib/ruby/gems/2.3.0/gems/activesupport-5.0.0.1/lib/active_support/dependencies.rb:293:in `require'
	from /Users/melanieblazevic/.rbenv/versions/2.3.0/lib/ruby/gems/2.3.0/gems/activesupport-5.0.0.1/lib/active_support/dependencies.rb:293:in `block in require'
	from /Users/melanieblazevic/.rbenv/versions/2.3.0/lib/ruby/gems/2.3.0/gems/activesupport-5.0.0.1/lib/active_support/dependencies.rb:259:in `load_dependency'
	from /Users/melanieblazevic/.rbenv/versions/2.3.0/lib/ruby/gems/2.3.0/gems/activesupport-5.0.0.1/lib/active_support/dependencies.rb:293:in `require'
	from /Users/melanieblazevic/Desktop/Ironhack/Final_Project/Wearable/bin/rails:9:in `<top (required)>'
	from /Users/melanieblazevic/.rbenv/versions/2.3.0/lib/ruby/gems/2.3.0/gems/activesupport-5.0.0.1/lib/active_support/dependencies.rb:287:in `load'
	from /Users/melanieblazevic/.rbenv/versions/2.3.0/lib/ruby/gems/2.3.0/gems/activesupport-5.0.0.1/lib/active_support/dependencies.rb:287:in `block in load'
	from /Users/melanieblazevic/.rbenv/versions/2.3.0/lib/ruby/gems/2.3.0/gems/activesupport-5.0.0.1/lib/active_support/dependencies.rb:259:in `load_dependency'
	from /Users/melanieblazevic/.rbenv/versions/2.3.0/lib/ruby/gems/2.3.0/gems/activesupport-5.0.0.1/lib/active_support/dependencies.rb:287:in `load'
	from /Users/melanieblazevic/.rbenv/versions/2.3.0/lib/ruby/gems/2.3.0/gems/spring-1.7.2/lib/spring/commands/rails.rb:6:in `call'
	from /Users/melanieblazevic/.rbenv/versions/2.3.0/lib/ruby/gems/2.3.0/gems/spring-1.7.2/lib/spring/command_wrapper.rb:38:in `call'
	from /Users/melanieblazevic/.rbenv/versions/2.3.0/lib/ruby/gems/2.3.0/gems/spring-1.7.2/lib/spring/application.rb:191:in `block in serve'
	from /Users/melanieblazevic/.rbenv/versions/2.3.0/lib/ruby/gems/2.3.0/gems/spring-1.7.2/lib/spring/application.rb:161:in `fork'
	from /Users/melanieblazevic/.rbenv/versions/2.3.0/lib/ruby/gems/2.3.0/gems/spring-1.7.2/lib/spring/application.rb:161:in `serve'
	from /Users/melanieblazevic/.rbenv/versions/2.3.0/lib/ruby/gems/2.3.0/gems/spring-1.7.2/lib/spring/application.rb:131:in `block in run'
	from /Users/melanieblazevic/.rbenv/versions/2.3.0/lib/ruby/gems/2.3.0/gems/spring-1.7.2/lib/spring/application.rb:125:in `loop'
	from /Users/melanieblazevic/.rbenv/versions/2.3.0/lib/ruby/gems/2.3.0/gems/spring-1.7.2/lib/spring/application.rb:125:in `run'
	from /Users/melanieblazevic/.rbenv/versions/2.3.0/lib/ruby/gems/2.3.0/gems/spring-1.7.2/lib/spring/application/boot.rb:19:in `<top (required)>'
	from /Users/melanieblazevic/.rbenv/versions/2.3.0/lib/ruby/2.3.0/rubygems/core_ext/kernel_require.rb:55:in `require'
	from /Users/melanieblazevic/.rbenv/versions/2.3.0/lib/ruby/2.3.0/rubygems/core_ext/kernel_require.rb:55:in `require'
	from -e:1:in `<main>'irb(main):005:0> User.p
NoMethodError: private method `p' called for #<Class:0x007fa48c3fcd88>
	from /Users/melanieblazevic/.rbenv/versions/2.3.0/lib/ruby/gems/2.3.0/gems/activerecord-5.0.0.1/lib/active_record/dynamic_matchers.rb:21:in `method_missing'
	from (irb):5
	from /Users/melanieblazevic/.rbenv/versions/2.3.0/lib/ruby/gems/2.3.0/gems/railties-5.0.0.1/lib/rails/commands/console.rb:65:in `start'
	from /Users/melanieblazevic/.rbenv/versions/2.3.0/lib/ruby/gems/2.3.0/gems/railties-5.0.0.1/lib/rails/commands/console_helper.rb:9:in `start'
	from /Users/melanieblazevic/.rbenv/versions/2.3.0/lib/ruby/gems/2.3.0/gems/railties-5.0.0.1/lib/rails/commands/commands_tasks.rb:78:in `console'
	from /Users/melanieblazevic/.rbenv/versions/2.3.0/lib/ruby/gems/2.3.0/gems/railties-5.0.0.1/lib/rails/commands/commands_tasks.rb:49:in `run_command!'
	from /Users/melanieblazevic/.rbenv/versions/2.3.0/lib/ruby/gems/2.3.0/gems/railties-5.0.0.1/lib/rails/commands.rb:18:in `<top (required)>'
	from /Users/melanieblazevic/.rbenv/versions/2.3.0/lib/ruby/gems/2.3.0/gems/activesupport-5.0.0.1/lib/active_support/dependencies.rb:293:in `require'
	from /Users/melanieblazevic/.rbenv/versions/2.3.0/lib/ruby/gems/2.3.0/gems/activesupport-5.0.0.1/lib/active_support/dependencies.rb:293:in `block in require'
	from /Users/melanieblazevic/.rbenv/versions/2.3.0/lib/ruby/gems/2.3.0/gems/activesupport-5.0.0.1/lib/active_support/dependencies.rb:259:in `load_dependency'
	from /Users/melanieblazevic/.rbenv/versions/2.3.0/lib/ruby/gems/2.3.0/gems/activesupport-5.0.0.1/lib/active_support/dependencies.rb:293:in `require'
	from /Users/melanieblazevic/Desktop/Ironhack/Final_Project/Wearable/bin/rails:9:in `<top (required)>'
	from /Users/melanieblazevic/.rbenv/versions/2.3.0/lib/ruby/gems/2.3.0/gems/activesupport-5.0.0.1/lib/active_support/dependencies.rb:287:in `load'
	from /Users/melanieblazevic/.rbenv/versions/2.3.0/lib/ruby/gems/2.3.0/gems/activesupport-5.0.0.1/lib/active_support/dependencies.rb:287:in `block in load'
	from /Users/melanieblazevic/.rbenv/versions/2.3.0/lib/ruby/gems/2.3.0/gems/activesupport-5.0.0.1/lib/active_support/dependencies.rb:259:in `load_dependency'
	from /Users/melanieblazevic/.rbenv/versions/2.3.0/lib/ruby/gems/2.3.0/gems/activesupport-5.0.0.1/lib/active_support/dependencies.rb:287:in `load'
	from /Users/melanieblazevic/.rbenv/versions/2.3.0/lib/ruby/gems/2.3.0/gems/spring-1.7.2/lib/spring/commands/rails.rb:6:in `call'
	from /Users/melanieblazevic/.rbenv/versions/2.3.0/lib/ruby/gems/2.3.0/gems/spring-1.7.2/lib/spring/command_wrapper.rb:38:in `call'
	from /Users/melanieblazevic/.rbenv/versions/2.3.0/lib/ruby/gems/2.3.0/gems/spring-1.7.2/lib/spring/application.rb:191:in `block in serve'
	from /Users/melanieblazevic/.rbenv/versions/2.3.0/lib/ruby/gems/2.3.0/gems/spring-1.7.2/lib/spring/application.rb:161:in `fork'
	from /Users/melanieblazevic/.rbenv/versions/2.3.0/lib/ruby/gems/2.3.0/gems/spring-1.7.2/lib/spring/application.rb:161:in `serve'
	from /Users/melanieblazevic/.rbenv/versions/2.3.0/lib/ruby/gems/2.3.0/gems/spring-1.7.2/lib/spring/application.rb:131:in `block in run'
	from /Users/melanieblazevic/.rbenv/versions/2.3.0/lib/ruby/gems/2.3.0/gems/spring-1.7.2/lib/spring/application.rb:125:in `loop'
	from /Users/melanieblazevic/.rbenv/versions/2.3.0/lib/ruby/gems/2.3.0/gems/spring-1.7.2/lib/spring/application.rb:125:in `run'
	from /Users/melanieblazevic/.rbenv/versions/2.3.0/lib/ruby/gems/2.3.0/gems/spring-1.7.2/lib/spring/application/boot.rb:19:in `<top (required)>'
	from /Users/melanieblazevic/.rbenv/versions/2.3.0/lib/ruby/2.3.0/rubygems/core_ext/kernel_require.rb:55:in `require'
	from /Users/melanieblazevic/.rbenv/versions/2.3.0/lib/ruby/2.3.0/rubygems/core_ext/kernel_require.rb:55:in `require'
	from -e:1:in `<main>'irb(main):006:0> Post.comments.user_id
NoMethodError: undefined method `comments' for #<Class:0x007fa48d402390>
Did you mean?  comment_types
	from /Users/melanieblazevic/.rbenv/versions/2.3.0/lib/ruby/gems/2.3.0/gems/activerecord-5.0.0.1/lib/active_record/dynamic_matchers.rb:21:in `method_missing'
	from (irb):6
	from /Users/melanieblazevic/.rbenv/versions/2.3.0/lib/ruby/gems/2.3.0/gems/railties-5.0.0.1/lib/rails/commands/console.rb:65:in `start'
	from /Users/melanieblazevic/.rbenv/versions/2.3.0/lib/ruby/gems/2.3.0/gems/railties-5.0.0.1/lib/rails/commands/console_helper.rb:9:in `start'
	from /Users/melanieblazevic/.rbenv/versions/2.3.0/lib/ruby/gems/2.3.0/gems/railties-5.0.0.1/lib/rails/commands/commands_tasks.rb:78:in `console'
	from /Users/melanieblazevic/.rbenv/versions/2.3.0/lib/ruby/gems/2.3.0/gems/railties-5.0.0.1/lib/rails/commands/commands_tasks.rb:49:in `run_command!'
	from /Users/melanieblazevic/.rbenv/versions/2.3.0/lib/ruby/gems/2.3.0/gems/railties-5.0.0.1/lib/rails/commands.rb:18:in `<top (required)>'
	from /Users/melanieblazevic/.rbenv/versions/2.3.0/lib/ruby/gems/2.3.0/gems/activesupport-5.0.0.1/lib/active_support/dependencies.rb:293:in `require'
	from /Users/melanieblazevic/.rbenv/versions/2.3.0/lib/ruby/gems/2.3.0/gems/activesupport-5.0.0.1/lib/active_support/dependencies.rb:293:in `block in require'
	from /Users/melanieblazevic/.rbenv/versions/2.3.0/lib/ruby/gems/2.3.0/gems/activesupport-5.0.0.1/lib/active_support/dependencies.rb:259:in `load_dependency'
	from /Users/melanieblazevic/.rbenv/versions/2.3.0/lib/ruby/gems/2.3.0/gems/activesupport-5.0.0.1/lib/active_support/dependencies.rb:293:in `require'
	from /Users/melanieblazevic/Desktop/Ironhack/Final_Project/Wearable/bin/rails:9:in `<top (required)>'
	from /Users/melanieblazevic/.rbenv/versions/2.3.0/lib/ruby/gems/2.3.0/gems/activesupport-5.0.0.1/lib/active_support/dependencies.rb:287:in `load'
	from /Users/melanieblazevic/.rbenv/versions/2.3.0/lib/ruby/gems/2.3.0/gems/activesupport-5.0.0.1/lib/active_support/dependencies.rb:287:in `block in load'
	from /Users/melanieblazevic/.rbenv/versions/2.3.0/lib/ruby/gems/2.3.0/gems/activesupport-5.0.0.1/lib/active_support/dependencies.rb:259:in `load_dependency'
	from /Users/melanieblazevic/.rbenv/versions/2.3.0/lib/ruby/gems/2.3.0/gems/activesupport-5.0.0.1/lib/active_support/dependencies.rb:287:in `load'
	from /Users/melanieblazevic/.rbenv/versions/2.3.0/lib/ruby/gems/2.3.0/gems/spring-1.7.2/lib/spring/commands/rails.rb:6:in `call'
	from /Users/melanieblazevic/.rbenv/versions/2.3.0/lib/ruby/gems/2.3.0/gems/spring-1.7.2/lib/spring/command_wrapper.rb:38:in `call'
	from /Users/melanieblazevic/.rbenv/versions/2.3.0/lib/ruby/gems/2.3.0/gems/spring-1.7.2/lib/spring/application.rb:191:in `block in serve'
	from /Users/melanieblazevic/.rbenv/versions/2.3.0/lib/ruby/gems/2.3.0/gems/spring-1.7.2/lib/spring/application.rb:161:in `fork'
	from /Users/melanieblazevic/.rbenv/versions/2.3.0/lib/ruby/gems/2.3.0/gems/spring-1.7.2/lib/spring/application.rb:161:in `serve'
	from /Users/melanieblazevic/.rbenv/versions/2.3.0/lib/ruby/gems/2.3.0/gems/spring-1.7.2/lib/spring/application.rb:131:in `block in run'
	from /Users/melanieblazevic/.rbenv/versions/2.3.0/lib/ruby/gems/2.3.0/gems/spring-1.7.2/lib/spring/application.rb:125:in `loop'
	from /Users/melanieblazevic/.rbenv/versions/2.3.0/lib/ruby/gems/2.3.0/gems/spring-1.7.2/lib/spring/application.rb:125:in `run'
	from /Users/melanieblazevic/.rbenv/versions/2.3.0/lib/ruby/gems/2.3.0/gems/spring-1.7.2/lib/spring/application/boot.rb:19:in `<top (required)>'
	from /Users/melanieblazevic/.rbenv/versions/2.3.0/lib/ruby/2.3.0/rubygems/core_ext/kernel_require.rb:55:in `require'
	from /Users/melanieblazevic/.rbenv/versions/2.3.0/lib/ruby/2.3.0/rubygems/core_ext/kernel_require.rb:55:in `require'
	from -e:1:in `<main>'irb(main):007:0> Post.comments
NoMethodError: undefined method `comments' for #<Class:0x007fa48d402390>
Did you mean?  comment_types
	from /Users/melanieblazevic/.rbenv/versions/2.3.0/lib/ruby/gems/2.3.0/gems/activerecord-5.0.0.1/lib/active_record/dynamic_matchers.rb:21:in `method_missing'
	from (irb):7
	from /Users/melanieblazevic/.rbenv/versions/2.3.0/lib/ruby/gems/2.3.0/gems/railties-5.0.0.1/lib/rails/commands/console.rb:65:in `start'
	from /Users/melanieblazevic/.rbenv/versions/2.3.0/lib/ruby/gems/2.3.0/gems/railties-5.0.0.1/lib/rails/commands/console_helper.rb:9:in `start'
	from /Users/melanieblazevic/.rbenv/versions/2.3.0/lib/ruby/gems/2.3.0/gems/railties-5.0.0.1/lib/rails/commands/commands_tasks.rb:78:in `console'
	from /Users/melanieblazevic/.rbenv/versions/2.3.0/lib/ruby/gems/2.3.0/gems/railties-5.0.0.1/lib/rails/commands/commands_tasks.rb:49:in `run_command!'
	from /Users/melanieblazevic/.rbenv/versions/2.3.0/lib/ruby/gems/2.3.0/gems/railties-5.0.0.1/lib/rails/commands.rb:18:in `<top (required)>'
	from /Users/melanieblazevic/.rbenv/versions/2.3.0/lib/ruby/gems/2.3.0/gems/activesupport-5.0.0.1/lib/active_support/dependencies.rb:293:in `require'
	from /Users/melanieblazevic/.rbenv/versions/2.3.0/lib/ruby/gems/2.3.0/gems/activesupport-5.0.0.1/lib/active_support/dependencies.rb:293:in `block in require'
	from /Users/melanieblazevic/.rbenv/versions/2.3.0/lib/ruby/gems/2.3.0/gems/activesupport-5.0.0.1/lib/active_support/dependencies.rb:259:in `load_dependency'
	from /Users/melanieblazevic/.rbenv/versions/2.3.0/lib/ruby/gems/2.3.0/gems/activesupport-5.0.0.1/lib/active_support/dependencies.rb:293:in `require'
	from /Users/melanieblazevic/Desktop/Ironhack/Final_Project/Wearable/bin/rails:9:in `<top (required)>'
	from /Users/melanieblazevic/.rbenv/versions/2.3.0/lib/ruby/gems/2.3.0/gems/activesupport-5.0.0.1/lib/active_support/dependencies.rb:287:in `load'
	from /Users/melanieblazevic/.rbenv/versions/2.3.0/lib/ruby/gems/2.3.0/gems/activesupport-5.0.0.1/lib/active_support/dependencies.rb:287:in `block in load'
	from /Users/melanieblazevic/.rbenv/versions/2.3.0/lib/ruby/gems/2.3.0/gems/activesupport-5.0.0.1/lib/active_support/dependencies.rb:259:in `load_dependency'
	from /Users/melanieblazevic/.rbenv/versions/2.3.0/lib/ruby/gems/2.3.0/gems/activesupport-5.0.0.1/lib/active_support/dependencies.rb:287:in `load'
	from /Users/melanieblazevic/.rbenv/versions/2.3.0/lib/ruby/gems/2.3.0/gems/spring-1.7.2/lib/spring/commands/rails.rb:6:in `call'
	from /Users/melanieblazevic/.rbenv/versions/2.3.0/lib/ruby/gems/2.3.0/gems/spring-1.7.2/lib/spring/command_wrapper.rb:38:in `call'
	from /Users/melanieblazevic/.rbenv/versions/2.3.0/lib/ruby/gems/2.3.0/gems/spring-1.7.2/lib/spring/application.rb:191:in `block in serve'
	from /Users/melanieblazevic/.rbenv/versions/2.3.0/lib/ruby/gems/2.3.0/gems/spring-1.7.2/lib/spring/application.rb:161:in `fork'
	from /Users/melanieblazevic/.rbenv/versions/2.3.0/lib/ruby/gems/2.3.0/gems/spring-1.7.2/lib/spring/application.rb:161:in `serve'
	from /Users/melanieblazevic/.rbenv/versions/2.3.0/lib/ruby/gems/2.3.0/gems/spring-1.7.2/lib/spring/application.rb:131:in `block in run'
	from /Users/melanieblazevic/.rbenv/versions/2.3.0/lib/ruby/gems/2.3.0/gems/spring-1.7.2/lib/spring/application.rb:125:in `loop'
	from /Users/melanieblazevic/.rbenv/versions/2.3.0/lib/ruby/gems/2.3.0/gems/spring-1.7.2/lib/spring/application.rb:125:in `run'
	from /Users/melanieblazevic/.rbenv/versions/2.3.0/lib/ruby/gems/2.3.0/gems/spring-1.7.2/lib/spring/application/boot.rb:19:in `<top (required)>'
	from /Users/melanieblazevic/.rbenv/versions/2.3.0/lib/ruby/2.3.0/rubygems/core_ext/kernel_require.rb:55:in `require'
	from /Users/melanieblazevic/.rbenv/versions/2.3.0/lib/ruby/2.3.0/rubygems/core_ext/kernel_require.rb:55:in `require'
	from -e:1:in `<main>'irb(main):008:0> p.comments
=> #<ActiveRecord::Associations::CollectionProxy [#<Comment id: 4, title: "", comment: "When?", commentable_type: nil, commentable_id: nil, user_id: nil, role: "comments", created_at: "2016-10-08 17:47:12", updated_at: "2016-10-08 17:47:12", post_id: 2>, #<Comment id: 5, title: "", comment: "I have a Michael Kors sachel", commentable_type: nil, commentable_id: nil, user_id: nil, role: "comments", created_at: "2016-10-08 17:48:30", updated_at: "2016-10-08 17:48:30", post_id: 2>, #<Comment id: 6, title: "", comment: "Hello", commentable_type: nil, commentable_id: nil, user_id: nil, role: "comments", created_at: "2016-10-08 21:29:02", updated_at: "2016-10-08 21:29:02", post_id: 2>, #<Comment id: 7, title: "", comment: "hell ooooo", commentable_type: nil, commentable_id: nil, user_id: 1, role: "comments", created_at: "2016-10-08 21:35:00", updated_at: "2016-10-08 21:35:00", post_id: 2>]>
irb(main):009:0> User.all        
  User Load (3.1ms)  SELECT "users".* FROM "users"
=> #<ActiveRecord::Relation [#<User id: 1, email: "melanie@yahoo.com", name: nil>, #<User id: 2, email: "wilfredoruck@gmail.com", name: nil>]>
irb(main):010:0> u = User.find(1)
  User Load (0.2ms)  SELECT  "users".* FROM "users" WHERE "users"."id" = ? LIMIT ?  [["id", 1], ["LIMIT", 1]]
=> #<User id: 1, email: "melanie@yahoo.com", name: nil>
irb(main):011:0> u.comments
  Comment Load (0.3ms)  SELECT "comments".* FROM "comments" WHERE "comments"."user_id" = ? ORDER BY created_at ASC  [["user_id", 1]]
=> #<ActiveRecord::Associations::CollectionProxy [#<Comment id: 7, title: "", comment: "hell ooooo", commentable_type: nil, commentable_id: nil, user_id: 1, role: "comments", created_at: "2016-10-08 21:35:00", updated_at: "2016-10-08 21:35:00", post_id: 2>]>
irb(main):012:0> c = Comment.find(7)
  Comment Load (0.3ms)  SELECT  "comments".* FROM "comments" WHERE "comments"."id" = ? ORDER BY created_at ASC LIMIT ?  [["id", 7], ["LIMIT", 1]]
=> #<Comment id: 7, title: "", comment: "hell ooooo", commentable_type: nil, commentable_id: nil, user_id: 1, role: "comments", created_at: "2016-10-08 21:35:00", updated_at: "2016-10-08 21:35:00", post_id: 2>
irb(main):013:0> c.User.find_by(:user_id)
NoMethodError: undefined method `User' for #<Comment:0x007fa48d4fa9a0>
Did you mean?  user
               user=
	from /Users/melanieblazevic/.rbenv/versions/2.3.0/lib/ruby/gems/2.3.0/gems/activemodel-5.0.0.1/lib/active_model/attribute_methods.rb:433:in `method_missing'
	from (irb):13
	from /Users/melanieblazevic/.rbenv/versions/2.3.0/lib/ruby/gems/2.3.0/gems/railties-5.0.0.1/lib/rails/commands/console.rb:65:in `start'
	from /Users/melanieblazevic/.rbenv/versions/2.3.0/lib/ruby/gems/2.3.0/gems/railties-5.0.0.1/lib/rails/commands/console_helper.rb:9:in `start'
	from /Users/melanieblazevic/.rbenv/versions/2.3.0/lib/ruby/gems/2.3.0/gems/railties-5.0.0.1/lib/rails/commands/commands_tasks.rb:78:in `console'
	from /Users/melanieblazevic/.rbenv/versions/2.3.0/lib/ruby/gems/2.3.0/gems/railties-5.0.0.1/lib/rails/commands/commands_tasks.rb:49:in `run_command!'
	from /Users/melanieblazevic/.rbenv/versions/2.3.0/lib/ruby/gems/2.3.0/gems/railties-5.0.0.1/lib/rails/commands.rb:18:in `<top (required)>'
	from /Users/melanieblazevic/.rbenv/versions/2.3.0/lib/ruby/gems/2.3.0/gems/activesupport-5.0.0.1/lib/active_support/dependencies.rb:293:in `require'
	from /Users/melanieblazevic/.rbenv/versions/2.3.0/lib/ruby/gems/2.3.0/gems/activesupport-5.0.0.1/lib/active_support/dependencies.rb:293:in `block in require'
	from /Users/melanieblazevic/.rbenv/versions/2.3.0/lib/ruby/gems/2.3.0/gems/activesupport-5.0.0.1/lib/active_support/dependencies.rb:259:in `load_dependency'
	from /Users/melanieblazevic/.rbenv/versions/2.3.0/lib/ruby/gems/2.3.0/gems/activesupport-5.0.0.1/lib/active_support/dependencies.rb:293:in `require'
	from /Users/melanieblazevic/Desktop/Ironhack/Final_Project/Wearable/bin/rails:9:in `<top (required)>'
	from /Users/melanieblazevic/.rbenv/versions/2.3.0/lib/ruby/gems/2.3.0/gems/activesupport-5.0.0.1/lib/active_support/dependencies.rb:287:in `load'
	from /Users/melanieblazevic/.rbenv/versions/2.3.0/lib/ruby/gems/2.3.0/gems/activesupport-5.0.0.1/lib/active_support/dependencies.rb:287:in `block in load'
	from /Users/melanieblazevic/.rbenv/versions/2.3.0/lib/ruby/gems/2.3.0/gems/activesupport-5.0.0.1/lib/active_support/dependencies.rb:259:in `load_dependency'
	from /Users/melanieblazevic/.rbenv/versions/2.3.0/lib/ruby/gems/2.3.0/gems/activesupport-5.0.0.1/lib/active_support/dependencies.rb:287:in `load'
	from /Users/melanieblazevic/.rbenv/versions/2.3.0/lib/ruby/gems/2.3.0/gems/spring-1.7.2/lib/spring/commands/rails.rb:6:in `call'
	from /Users/melanieblazevic/.rbenv/versions/2.3.0/lib/ruby/gems/2.3.0/gems/spring-1.7.2/lib/spring/command_wrapper.rb:38:in `call'
	from /Users/melanieblazevic/.rbenv/versions/2.3.0/lib/ruby/gems/2.3.0/gems/spring-1.7.2/lib/spring/application.rb:191:in `block in serve'
	from /Users/melanieblazevic/.rbenv/versions/2.3.0/lib/ruby/gems/2.3.0/gems/spring-1.7.2/lib/spring/application.rb:161:in `fork'
	from /Users/melanieblazevic/.rbenv/versions/2.3.0/lib/ruby/gems/2.3.0/gems/spring-1.7.2/lib/spring/application.rb:161:in `serve'
	from /Users/melanieblazevic/.rbenv/versions/2.3.0/lib/ruby/gems/2.3.0/gems/spring-1.7.2/lib/spring/application.rb:131:in `block in run'
	from /Users/melanieblazevic/.rbenv/versions/2.3.0/lib/ruby/gems/2.3.0/gems/spring-1.7.2/lib/spring/application.rb:125:in `loop'
	from /Users/melanieblazevic/.rbenv/versions/2.3.0/lib/ruby/gems/2.3.0/gems/spring-1.7.2/lib/spring/application.rb:125:in `run'
	from /Users/melanieblazevic/.rbenv/versions/2.3.0/lib/ruby/gems/2.3.0/gems/spring-1.7.2/lib/spring/application/boot.rb:19:in `<top (required)>'
	from /Users/melanieblazevic/.rbenv/versions/2.3.0/lib/ruby/2.3.0/rubygems/core_ext/kernel_require.rb:55:in `require'
	from /Users/melanieblazevic/.rbenv/versions/2.3.0/lib/ruby/2.3.0/rubygems/core_ext/kernel_require.rb:55:in `require'
	from -e:1:in `<main>'irb(main):014:0> c.User.all              
NoMethodError: undefined method `User' for #<Comment:0x007fa48d4fa9a0>
Did you mean?  user
               user=
	from /Users/melanieblazevic/.rbenv/versions/2.3.0/lib/ruby/gems/2.3.0/gems/activemodel-5.0.0.1/lib/active_model/attribute_methods.rb:433:in `method_missing'
	from (irb):14
	from /Users/melanieblazevic/.rbenv/versions/2.3.0/lib/ruby/gems/2.3.0/gems/railties-5.0.0.1/lib/rails/commands/console.rb:65:in `start'
	from /Users/melanieblazevic/.rbenv/versions/2.3.0/lib/ruby/gems/2.3.0/gems/railties-5.0.0.1/lib/rails/commands/console_helper.rb:9:in `start'
	from /Users/melanieblazevic/.rbenv/versions/2.3.0/lib/ruby/gems/2.3.0/gems/railties-5.0.0.1/lib/rails/commands/commands_tasks.rb:78:in `console'
	from /Users/melanieblazevic/.rbenv/versions/2.3.0/lib/ruby/gems/2.3.0/gems/railties-5.0.0.1/lib/rails/commands/commands_tasks.rb:49:in `run_command!'
	from /Users/melanieblazevic/.rbenv/versions/2.3.0/lib/ruby/gems/2.3.0/gems/railties-5.0.0.1/lib/rails/commands.rb:18:in `<top (required)>'
	from /Users/melanieblazevic/.rbenv/versions/2.3.0/lib/ruby/gems/2.3.0/gems/activesupport-5.0.0.1/lib/active_support/dependencies.rb:293:in `require'
	from /Users/melanieblazevic/.rbenv/versions/2.3.0/lib/ruby/gems/2.3.0/gems/activesupport-5.0.0.1/lib/active_support/dependencies.rb:293:in `block in require'
	from /Users/melanieblazevic/.rbenv/versions/2.3.0/lib/ruby/gems/2.3.0/gems/activesupport-5.0.0.1/lib/active_support/dependencies.rb:259:in `load_dependency'
	from /Users/melanieblazevic/.rbenv/versions/2.3.0/lib/ruby/gems/2.3.0/gems/activesupport-5.0.0.1/lib/active_support/dependencies.rb:293:in `require'
	from /Users/melanieblazevic/Desktop/Ironhack/Final_Project/Wearable/bin/rails:9:in `<top (required)>'
	from /Users/melanieblazevic/.rbenv/versions/2.3.0/lib/ruby/gems/2.3.0/gems/activesupport-5.0.0.1/lib/active_support/dependencies.rb:287:in `load'
	from /Users/melanieblazevic/.rbenv/versions/2.3.0/lib/ruby/gems/2.3.0/gems/activesupport-5.0.0.1/lib/active_support/dependencies.rb:287:in `block in load'
	from /Users/melanieblazevic/.rbenv/versions/2.3.0/lib/ruby/gems/2.3.0/gems/activesupport-5.0.0.1/lib/active_support/dependencies.rb:259:in `load_dependency'
	from /Users/melanieblazevic/.rbenv/versions/2.3.0/lib/ruby/gems/2.3.0/gems/activesupport-5.0.0.1/lib/active_support/dependencies.rb:287:in `load'
	from /Users/melanieblazevic/.rbenv/versions/2.3.0/lib/ruby/gems/2.3.0/gems/spring-1.7.2/lib/spring/commands/rails.rb:6:in `call'
	from /Users/melanieblazevic/.rbenv/versions/2.3.0/lib/ruby/gems/2.3.0/gems/spring-1.7.2/lib/spring/command_wrapper.rb:38:in `call'
	from /Users/melanieblazevic/.rbenv/versions/2.3.0/lib/ruby/gems/2.3.0/gems/spring-1.7.2/lib/spring/application.rb:191:in `block in serve'
	from /Users/melanieblazevic/.rbenv/versions/2.3.0/lib/ruby/gems/2.3.0/gems/spring-1.7.2/lib/spring/application.rb:161:in `fork'
	from /Users/melanieblazevic/.rbenv/versions/2.3.0/lib/ruby/gems/2.3.0/gems/spring-1.7.2/lib/spring/application.rb:161:in `serve'
	from /Users/melanieblazevic/.rbenv/versions/2.3.0/lib/ruby/gems/2.3.0/gems/spring-1.7.2/lib/spring/application.rb:131:in `block in run'
	from /Users/melanieblazevic/.rbenv/versions/2.3.0/lib/ruby/gems/2.3.0/gems/spring-1.7.2/lib/spring/application.rb:125:in `loop'
	from /Users/melanieblazevic/.rbenv/versions/2.3.0/lib/ruby/gems/2.3.0/gems/spring-1.7.2/lib/spring/application.rb:125:in `run'
	from /Users/melanieblazevic/.rbenv/versions/2.3.0/lib/ruby/gems/2.3.0/gems/spring-1.7.2/lib/spring/application/boot.rb:19:in `<top (required)>'
	from /Users/melanieblazevic/.rbenv/versions/2.3.0/lib/ruby/2.3.0/rubygems/core_ext/kernel_require.rb:55:in `require'
	from /Users/melanieblazevic/.rbenv/versions/2.3.0/lib/ruby/2.3.0/rubygems/core_ext/kernel_require.rb:55:in `require'
	from -e:1:in `<main>'irb(main):015:0> c.users
NoMethodError: undefined method `users' for #<Comment:0x007fa48d4fa9a0>
Did you mean?  user
               user=
	from /Users/melanieblazevic/.rbenv/versions/2.3.0/lib/ruby/gems/2.3.0/gems/activemodel-5.0.0.1/lib/active_model/attribute_methods.rb:433:in `method_missing'
	from (irb):15
	from /Users/melanieblazevic/.rbenv/versions/2.3.0/lib/ruby/gems/2.3.0/gems/railties-5.0.0.1/lib/rails/commands/console.rb:65:in `start'
	from /Users/melanieblazevic/.rbenv/versions/2.3.0/lib/ruby/gems/2.3.0/gems/railties-5.0.0.1/lib/rails/commands/console_helper.rb:9:in `start'
	from /Users/melanieblazevic/.rbenv/versions/2.3.0/lib/ruby/gems/2.3.0/gems/railties-5.0.0.1/lib/rails/commands/commands_tasks.rb:78:in `console'
	from /Users/melanieblazevic/.rbenv/versions/2.3.0/lib/ruby/gems/2.3.0/gems/railties-5.0.0.1/lib/rails/commands/commands_tasks.rb:49:in `run_command!'
	from /Users/melanieblazevic/.rbenv/versions/2.3.0/lib/ruby/gems/2.3.0/gems/railties-5.0.0.1/lib/rails/commands.rb:18:in `<top (required)>'
	from /Users/melanieblazevic/.rbenv/versions/2.3.0/lib/ruby/gems/2.3.0/gems/activesupport-5.0.0.1/lib/active_support/dependencies.rb:293:in `require'
	from /Users/melanieblazevic/.rbenv/versions/2.3.0/lib/ruby/gems/2.3.0/gems/activesupport-5.0.0.1/lib/active_support/dependencies.rb:293:in `block in require'
	from /Users/melanieblazevic/.rbenv/versions/2.3.0/lib/ruby/gems/2.3.0/gems/activesupport-5.0.0.1/lib/active_support/dependencies.rb:259:in `load_dependency'
	from /Users/melanieblazevic/.rbenv/versions/2.3.0/lib/ruby/gems/2.3.0/gems/activesupport-5.0.0.1/lib/active_support/dependencies.rb:293:in `require'
	from /Users/melanieblazevic/Desktop/Ironhack/Final_Project/Wearable/bin/rails:9:in `<top (required)>'
	from /Users/melanieblazevic/.rbenv/versions/2.3.0/lib/ruby/gems/2.3.0/gems/activesupport-5.0.0.1/lib/active_support/dependencies.rb:287:in `load'
	from /Users/melanieblazevic/.rbenv/versions/2.3.0/lib/ruby/gems/2.3.0/gems/activesupport-5.0.0.1/lib/active_support/dependencies.rb:287:in `block in load'
	from /Users/melanieblazevic/.rbenv/versions/2.3.0/lib/ruby/gems/2.3.0/gems/activesupport-5.0.0.1/lib/active_support/dependencies.rb:259:in `load_dependency'
	from /Users/melanieblazevic/.rbenv/versions/2.3.0/lib/ruby/gems/2.3.0/gems/activesupport-5.0.0.1/lib/active_support/dependencies.rb:287:in `load'
	from /Users/melanieblazevic/.rbenv/versions/2.3.0/lib/ruby/gems/2.3.0/gems/spring-1.7.2/lib/spring/commands/rails.rb:6:in `call'
	from /Users/melanieblazevic/.rbenv/versions/2.3.0/lib/ruby/gems/2.3.0/gems/spring-1.7.2/lib/spring/command_wrapper.rb:38:in `call'
	from /Users/melanieblazevic/.rbenv/versions/2.3.0/lib/ruby/gems/2.3.0/gems/spring-1.7.2/lib/spring/application.rb:191:in `block in serve'
	from /Users/melanieblazevic/.rbenv/versions/2.3.0/lib/ruby/gems/2.3.0/gems/spring-1.7.2/lib/spring/application.rb:161:in `fork'
	from /Users/melanieblazevic/.rbenv/versions/2.3.0/lib/ruby/gems/2.3.0/gems/spring-1.7.2/lib/spring/application.rb:161:in `serve'
	from /Users/melanieblazevic/.rbenv/versions/2.3.0/lib/ruby/gems/2.3.0/gems/spring-1.7.2/lib/spring/application.rb:131:in `block in run'
	from /Users/melanieblazevic/.rbenv/versions/2.3.0/lib/ruby/gems/2.3.0/gems/spring-1.7.2/lib/spring/application.rb:125:in `loop'
	from /Users/melanieblazevic/.rbenv/versions/2.3.0/lib/ruby/gems/2.3.0/gems/spring-1.7.2/lib/spring/application.rb:125:in `run'
	from /Users/melanieblazevic/.rbenv/versions/2.3.0/lib/ruby/gems/2.3.0/gems/spring-1.7.2/lib/spring/application/boot.rb:19:in `<top (required)>'
	from /Users/melanieblazevic/.rbenv/versions/2.3.0/lib/ruby/2.3.0/rubygems/core_ext/kernel_require.rb:55:in `require'
	from /Users/melanieblazevic/.rbenv/versions/2.3.0/lib/ruby/2.3.0/rubygems/core_ext/kernel_require.rb:55:in `require'
	from -e:1:in `<main>'irb(main):016:0> c.user
  User Load (0.2ms)  SELECT  "users".* FROM "users" WHERE "users"."id" = ? LIMIT ?  [["id", 1], ["LIMIT", 1]]
=> #<User id: 1, email: "melanie@yahoo.com", name: nil>
irb(main):017:0> p = Post.find(2) 
  Post Load (1.0ms)  SELECT  "posts".* FROM "posts" WHERE "posts"."id" = ? ORDER BY "posts"."created_at" DESC LIMIT ?  [["id", 2], ["LIMIT", 1]]
=> #<Post id: 2, title: "Black Purse", description: "Preferably Marc Jacobs", created_at: "2016-10-05 21:54:52", updated_at: "2016-10-05 21:54:52", user_id: 1>
irb(main):018:0> p.comments
  Comment Load (0.3ms)  SELECT "comments".* FROM "comments" WHERE "comments"."post_id" = ? ORDER BY created_at ASC  [["post_id", 2]]
=> #<ActiveRecord::Associations::CollectionProxy [#<Comment id: 4, title: "", comment: "When?", commentable_type: nil, commentable_id: nil, user_id: nil, role: "comments", created_at: "2016-10-08 17:47:12", updated_at: "2016-10-08 17:47:12", post_id: 2>, #<Comment id: 5, title: "", comment: "I have a Michael Kors sachel", commentable_type: nil, commentable_id: nil, user_id: nil, role: "comments", created_at: "2016-10-08 17:48:30", updated_at: "2016-10-08 17:48:30", post_id: 2>, #<Comment id: 6, title: "", comment: "Hello", commentable_type: nil, commentable_id: nil, user_id: nil, role: "comments", created_at: "2016-10-08 21:29:02", updated_at: "2016-10-08 21:29:02", post_id: 2>, #<Comment id: 7, title: "", comment: "hell ooooo", commentable_type: nil, commentable_id: nil, user_id: 1, role: "comments", created_at: "2016-10-08 21:35:00", updated_at: "2016-10-08 21:35:00", post_id: 2>]>
irb(main):019:0> p.comments.user
NoMethodError: undefined method `user' for #<Comment::ActiveRecord_Associations_CollectionProxy:0x007fa4918abde8>
	from /Users/melanieblazevic/.rbenv/versions/2.3.0/lib/ruby/gems/2.3.0/gems/activerecord-5.0.0.1/lib/active_record/relation/delegation.rb:123:in `method_missing'
	from /Users/melanieblazevic/.rbenv/versions/2.3.0/lib/ruby/gems/2.3.0/gems/activerecord-5.0.0.1/lib/active_record/relation/delegation.rb:93:in `method_missing'
	from (irb):19
	from /Users/melanieblazevic/.rbenv/versions/2.3.0/lib/ruby/gems/2.3.0/gems/railties-5.0.0.1/lib/rails/commands/console.rb:65:in `start'
	from /Users/melanieblazevic/.rbenv/versions/2.3.0/lib/ruby/gems/2.3.0/gems/railties-5.0.0.1/lib/rails/commands/console_helper.rb:9:in `start'
	from /Users/melanieblazevic/.rbenv/versions/2.3.0/lib/ruby/gems/2.3.0/gems/railties-5.0.0.1/lib/rails/commands/commands_tasks.rb:78:in `console'
	from /Users/melanieblazevic/.rbenv/versions/2.3.0/lib/ruby/gems/2.3.0/gems/railties-5.0.0.1/lib/rails/commands/commands_tasks.rb:49:in `run_command!'
	from /Users/melanieblazevic/.rbenv/versions/2.3.0/lib/ruby/gems/2.3.0/gems/railties-5.0.0.1/lib/rails/commands.rb:18:in `<top (required)>'
	from /Users/melanieblazevic/.rbenv/versions/2.3.0/lib/ruby/gems/2.3.0/gems/activesupport-5.0.0.1/lib/active_support/dependencies.rb:293:in `require'
	from /Users/melanieblazevic/.rbenv/versions/2.3.0/lib/ruby/gems/2.3.0/gems/activesupport-5.0.0.1/lib/active_support/dependencies.rb:293:in `block in require'
	from /Users/melanieblazevic/.rbenv/versions/2.3.0/lib/ruby/gems/2.3.0/gems/activesupport-5.0.0.1/lib/active_support/dependencies.rb:259:in `load_dependency'
	from /Users/melanieblazevic/.rbenv/versions/2.3.0/lib/ruby/gems/2.3.0/gems/activesupport-5.0.0.1/lib/active_support/dependencies.rb:293:in `require'
	from /Users/melanieblazevic/Desktop/Ironhack/Final_Project/Wearable/bin/rails:9:in `<top (required)>'
	from /Users/melanieblazevic/.rbenv/versions/2.3.0/lib/ruby/gems/2.3.0/gems/activesupport-5.0.0.1/lib/active_support/dependencies.rb:287:in `load'
	from /Users/melanieblazevic/.rbenv/versions/2.3.0/lib/ruby/gems/2.3.0/gems/activesupport-5.0.0.1/lib/active_support/dependencies.rb:287:in `block in load'
	from /Users/melanieblazevic/.rbenv/versions/2.3.0/lib/ruby/gems/2.3.0/gems/activesupport-5.0.0.1/lib/active_support/dependencies.rb:259:in `load_dependency'
	from /Users/melanieblazevic/.rbenv/versions/2.3.0/lib/ruby/gems/2.3.0/gems/activesupport-5.0.0.1/lib/active_support/dependencies.rb:287:in `load'
	from /Users/melanieblazevic/.rbenv/versions/2.3.0/lib/ruby/gems/2.3.0/gems/spring-1.7.2/lib/spring/commands/rails.rb:6:in `call'
	from /Users/melanieblazevic/.rbenv/versions/2.3.0/lib/ruby/gems/2.3.0/gems/spring-1.7.2/lib/spring/command_wrapper.rb:38:in `call'
	from /Users/melanieblazevic/.rbenv/versions/2.3.0/lib/ruby/gems/2.3.0/gems/spring-1.7.2/lib/spring/application.rb:191:in `block in serve'
	from /Users/melanieblazevic/.rbenv/versions/2.3.0/lib/ruby/gems/2.3.0/gems/spring-1.7.2/lib/spring/application.rb:161:in `fork'
	from /Users/melanieblazevic/.rbenv/versions/2.3.0/lib/ruby/gems/2.3.0/gems/spring-1.7.2/lib/spring/application.rb:161:in `serve'
	from /Users/melanieblazevic/.rbenv/versions/2.3.0/lib/ruby/gems/2.3.0/gems/spring-1.7.2/lib/spring/application.rb:131:in `block in run'
	from /Users/melanieblazevic/.rbenv/versions/2.3.0/lib/ruby/gems/2.3.0/gems/spring-1.7.2/lib/spring/application.rb:125:in `loop'
	from /Users/melanieblazevic/.rbenv/versions/2.3.0/lib/ruby/gems/2.3.0/gems/spring-1.7.2/lib/spring/application.rb:125:in `run'
	from /Users/melanieblazevic/.rbenv/versions/2.3.0/lib/ruby/gems/2.3.0/gems/spring-1.7.2/lib/spring/application/boot.rb:19:in `<top (required)>'
	from /Users/melanieblazevic/.rbenv/versions/2.3.0/lib/ruby/2.3.0/rubygems/core_ext/kernel_require.rb:55:in `require'
	from /Users/melanieblazevic/.rbenv/versions/2.3.0/lib/ruby/2.3.0/rubygems/core_ext/kernel_require.rb:55:in `require'
	from -e:1:in `<main>'irb(main):020:0> c   
=> #<Comment id: 7, title: "", comment: "hell ooooo", commentable_type: nil, commentable_id: nil, user_id: 1, role: "comments", created_at: "2016-10-08 21:35:00", updated_at: "2016-10-08 21:35:00", post_id: 2>
irb(main):021:0> c.user
=> #<User id: 1, email: "melanie@yahoo.com", name: nil>
irb(main):022:0> c.user.email
=> "melanie@yahoo.com"
irb(main):023:0> p 
=> #<Post id: 2, title: "Black Purse", description: "Preferably Marc Jacobs", created_at: "2016-10-05 21:54:52", updated_at: "2016-10-05 21:54:52", user_id: 1>
irb(main):024:0> p.comments
=> #<ActiveRecord::Associations::CollectionProxy [#<Comment id: 4, title: "", comment: "When?", commentable_type: nil, commentable_id: nil, user_id: nil, role: "comments", created_at: "2016-10-08 17:47:12", updated_at: "2016-10-08 17:47:12", post_id: 2>, #<Comment id: 5, title: "", comment: "I have a Michael Kors sachel", commentable_type: nil, commentable_id: nil, user_id: nil, role: "comments", created_at: "2016-10-08 17:48:30", updated_at: "2016-10-08 17:48:30", post_id: 2>, #<Comment id: 6, title: "", comment: "Hello", commentable_type: nil, commentable_id: nil, user_id: nil, role: "comments", created_at: "2016-10-08 21:29:02", updated_at: "2016-10-08 21:29:02", post_id: 2>, #<Comment id: 7, title: "", comment: "hell ooooo", commentable_type: nil, commentable_id: nil, user_id: 1, role: "comments", created_at: "2016-10-08 21:35:00", updated_at: "2016-10-08 21:35:00", post_id: 2>]>
irb(main):025:0> p.comments.find(4)
  Comment Load (0.4ms)  SELECT  "comments".* FROM "comments" WHERE "comments"."post_id" = ? AND "comments"."id" = ? ORDER BY created_at ASC LIMIT ?  [["post_id", 2], ["id", 4], ["LIMIT", 1]]
=> #<Comment id: 4, title: "", comment: "When?", commentable_type: nil, commentable_id: nil, user_id: nil, role: "comments", created_at: "2016-10-08 17:47:12", updated_at: "2016-10-08 17:47:12", post_id: 2>
irb(main):026:0> t p.comments.find(4)
  Comment Load (0.3ms)  SELECT  "comments".* FROM "comments" WHERE "comments"."post_id" = ? AND "comments"."id" = ? ORDER BY created_at ASC LIMIT ?  [["post_id", 2], ["id", 4], ["LIMIT", 1]]
NoMethodError: undefined method `t' for main:Object
	from (irb):26
	from /Users/melanieblazevic/.rbenv/versions/2.3.0/lib/ruby/gems/2.3.0/gems/railties-5.0.0.1/lib/rails/commands/console.rb:65:in `start'
	from /Users/melanieblazevic/.rbenv/versions/2.3.0/lib/ruby/gems/2.3.0/gems/railties-5.0.0.1/lib/rails/commands/console_helper.rb:9:in `start'
	from /Users/melanieblazevic/.rbenv/versions/2.3.0/lib/ruby/gems/2.3.0/gems/railties-5.0.0.1/lib/rails/commands/commands_tasks.rb:78:in `console'
	from /Users/melanieblazevic/.rbenv/versions/2.3.0/lib/ruby/gems/2.3.0/gems/railties-5.0.0.1/lib/rails/commands/commands_tasks.rb:49:in `run_command!'
	from /Users/melanieblazevic/.rbenv/versions/2.3.0/lib/ruby/gems/2.3.0/gems/railties-5.0.0.1/lib/rails/commands.rb:18:in `<top (required)>'
	from /Users/melanieblazevic/.rbenv/versions/2.3.0/lib/ruby/gems/2.3.0/gems/activesupport-5.0.0.1/lib/active_support/dependencies.rb:293:in `require'
	from /Users/melanieblazevic/.rbenv/versions/2.3.0/lib/ruby/gems/2.3.0/gems/activesupport-5.0.0.1/lib/active_support/dependencies.rb:293:in `block in require'
	from /Users/melanieblazevic/.rbenv/versions/2.3.0/lib/ruby/gems/2.3.0/gems/activesupport-5.0.0.1/lib/active_support/dependencies.rb:259:in `load_dependency'
	from /Users/melanieblazevic/.rbenv/versions/2.3.0/lib/ruby/gems/2.3.0/gems/activesupport-5.0.0.1/lib/active_support/dependencies.rb:293:in `require'
	from /Users/melanieblazevic/Desktop/Ironhack/Final_Project/Wearable/bin/rails:9:in `<top (required)>'
	from /Users/melanieblazevic/.rbenv/versions/2.3.0/lib/ruby/gems/2.3.0/gems/activesupport-5.0.0.1/lib/active_support/dependencies.rb:287:in `load'
	from /Users/melanieblazevic/.rbenv/versions/2.3.0/lib/ruby/gems/2.3.0/gems/activesupport-5.0.0.1/lib/active_support/dependencies.rb:287:in `block in load'
	from /Users/melanieblazevic/.rbenv/versions/2.3.0/lib/ruby/gems/2.3.0/gems/activesupport-5.0.0.1/lib/active_support/dependencies.rb:259:in `load_dependency'
	from /Users/melanieblazevic/.rbenv/versions/2.3.0/lib/ruby/gems/2.3.0/gems/activesupport-5.0.0.1/lib/active_support/dependencies.rb:287:in `load'
	from /Users/melanieblazevic/.rbenv/versions/2.3.0/lib/ruby/gems/2.3.0/gems/spring-1.7.2/lib/spring/commands/rails.rb:6:in `call'
	from /Users/melanieblazevic/.rbenv/versions/2.3.0/lib/ruby/gems/2.3.0/gems/spring-1.7.2/lib/spring/command_wrapper.rb:38:in `call'
	from /Users/melanieblazevic/.rbenv/versions/2.3.0/lib/ruby/gems/2.3.0/gems/spring-1.7.2/lib/spring/application.rb:191:in `block in serve'
	from /Users/melanieblazevic/.rbenv/versions/2.3.0/lib/ruby/gems/2.3.0/gems/spring-1.7.2/lib/spring/application.rb:161:in `fork'
	from /Users/melanieblazevic/.rbenv/versions/2.3.0/lib/ruby/gems/2.3.0/gems/spring-1.7.2/lib/spring/application.rb:161:in `serve'
	from /Users/melanieblazevic/.rbenv/versions/2.3.0/lib/ruby/gems/2.3.0/gems/spring-1.7.2/lib/spring/application.rb:131:in `block in run'
	from /Users/melanieblazevic/.rbenv/versions/2.3.0/lib/ruby/gems/2.3.0/gems/spring-1.7.2/lib/spring/application.rb:125:in `loop'
	from /Users/melanieblazevic/.rbenv/versions/2.3.0/lib/ruby/gems/2.3.0/gems/spring-1.7.2/lib/spring/application.rb:125:in `run'
	from /Users/melanieblazevic/.rbenv/versions/2.3.0/lib/ruby/gems/2.3.0/gems/spring-1.7.2/lib/spring/application/boot.rb:19:in `<top (required)>'
	from /Users/melanieblazevic/.rbenv/versions/2.3.0/lib/ruby/2.3.0/rubygems/core_ext/kernel_require.rb:55:in `require'
	from /Users/melanieblazevic/.rbenv/versions/2.3.0/lib/ruby/2.3.0/rubygems/core_ext/kernel_require.rb:55:in `require'
	from -e:1:in `<main>'irb(main):027:0> t= p.comments.find(4)
  Comment Load (0.3ms)  SELECT  "comments".* FROM "comments" WHERE "comments"."post_id" = ? AND "comments"."id" = ? ORDER BY created_at ASC LIMIT ?  [["post_id", 2], ["id", 4], ["LIMIT", 1]]
=> #<Comment id: 4, title: "", comment: "When?", commentable_type: nil, commentable_id: nil, user_id: nil, role: "comments", created_at: "2016-10-08 17:47:12", updated_at: "2016-10-08 17:47:12", post_id: 2>
irb(main):028:0> t.user
=> nil
irb(main):029:0> p
=> #<Post id: 2, title: "Black Purse", description: "Preferably Marc Jacobs", created_at: "2016-10-05 21:54:52", updated_at: "2016-10-05 21:54:52", user_id: 1>
irb(main):030:0> p.comments.destroy
=> nil
irb(main):031:0> p.comments
=> #<ActiveRecord::Associations::CollectionProxy [#<Comment id: 4, title: "", comment: "When?", commentable_type: nil, commentable_id: nil, user_id: nil, role: "comments", created_at: "2016-10-08 17:47:12", updated_at: "2016-10-08 17:47:12", post_id: 2>, #<Comment id: 5, title: "", comment: "I have a Michael Kors sachel", commentable_type: nil, commentable_id: nil, user_id: nil, role: "comments", created_at: "2016-10-08 17:48:30", updated_at: "2016-10-08 17:48:30", post_id: 2>, #<Comment id: 6, title: "", comment: "Hello", commentable_type: nil, commentable_id: nil, user_id: nil, role: "comments", created_at: "2016-10-08 21:29:02", updated_at: "2016-10-08 21:29:02", post_id: 2>, #<Comment id: 7, title: "", comment: "hell ooooo", commentable_type: nil, commentable_id: nil, user_id: 1, role: "comments", created_at: "2016-10-08 21:35:00", updated_at: "2016-10-08 21:35:00", post_id: 2>]>
irb(main):032:0> Comments.all
NameError: uninitialized constant Comments
	from (irb):32
	from /Users/melanieblazevic/.rbenv/versions/2.3.0/lib/ruby/gems/2.3.0/gems/railties-5.0.0.1/lib/rails/commands/console.rb:65:in `start'
	from /Users/melanieblazevic/.rbenv/versions/2.3.0/lib/ruby/gems/2.3.0/gems/railties-5.0.0.1/lib/rails/commands/console_helper.rb:9:in `start'
	from /Users/melanieblazevic/.rbenv/versions/2.3.0/lib/ruby/gems/2.3.0/gems/railties-5.0.0.1/lib/rails/commands/commands_tasks.rb:78:in `console'
	from /Users/melanieblazevic/.rbenv/versions/2.3.0/lib/ruby/gems/2.3.0/gems/railties-5.0.0.1/lib/rails/commands/commands_tasks.rb:49:in `run_command!'
	from /Users/melanieblazevic/.rbenv/versions/2.3.0/lib/ruby/gems/2.3.0/gems/railties-5.0.0.1/lib/rails/commands.rb:18:in `<top (required)>'
	from /Users/melanieblazevic/Desktop/Ironhack/Final_Project/Wearable/bin/rails:9:in `<top (required)>'
	from /Users/melanieblazevic/.rbenv/versions/2.3.0/lib/ruby/2.3.0/rubygems/core_ext/kernel_require.rb:55:in `require'
	from /Users/melanieblazevic/.rbenv/versions/2.3.0/lib/ruby/2.3.0/rubygems/core_ext/kernel_require.rb:55:in `require'
	from -e:1:in `<main>'
irb(main):033:0> Comment.all
  Comment Load (0.7ms)  SELECT "comments".* FROM "comments" ORDER BY created_at ASC
=> #<ActiveRecord::Relation [#<Comment id: 1, title: "", comment: "When?", commentable_type: nil, commentable_id: nil, user_id: nil, role: "comments", created_at: "2016-10-05 22:06:22", updated_at: "2016-10-05 22:06:22", post_id: 3>, #<Comment id: 2, title: "", comment: "", commentable_type: nil, commentable_id: nil, user_id: nil, role: "comments", created_at: "2016-10-05 22:06:26", updated_at: "2016-10-05 22:06:26", post_id: 3>, #<Comment id: 3, title: "", comment: "how many", commentable_type: nil, commentable_id: nil, user_id: nil, role: "comments", created_at: "2016-10-05 22:07:41", updated_at: "2016-10-05 22:07:41", post_id: 3>, #<Comment id: 4, title: "", comment: "When?", commentable_type: nil, commentable_id: nil, user_id: nil, role: "comments", created_at: "2016-10-08 17:47:12", updated_at: "2016-10-08 17:47:12", post_id: 2>, #<Comment id: 5, title: "", comment: "I have a Michael Kors sachel", commentable_type: nil, commentable_id: nil, user_id: nil, role: "comments", created_at: "2016-10-08 17:48:30", updated_at: "2016-10-08 17:48:30", post_id: 2>, #<Comment id: 6, title: "", comment: "Hello", commentable_type: nil, commentable_id: nil, user_id: nil, role: "comments", created_at: "2016-10-08 21:29:02", updated_at: "2016-10-08 21:29:02", post_id: 2>, #<Comment id: 7, title: "", comment: "hell ooooo", commentable_type: nil, commentable_id: nil, user_id: 1, role: "comments", created_at: "2016-10-08 21:35:00", updated_at: "2016-10-08 21:35:00", post_id: 2>]>
irb(main):034:0> p      
=> #<Post id: 2, title: "Black Purse", description: "Preferably Marc Jacobs", created_at: "2016-10-05 21:54:52", updated_at: "2016-10-05 21:54:52", user_id: 1>
irb(main):035:0> p.comments.delete.all
NoMethodError: undefined method `all' for nil:NilClass
	from (irb):35
	from /Users/melanieblazevic/.rbenv/versions/2.3.0/lib/ruby/gems/2.3.0/gems/railties-5.0.0.1/lib/rails/commands/console.rb:65:in `start'
	from /Users/melanieblazevic/.rbenv/versions/2.3.0/lib/ruby/gems/2.3.0/gems/railties-5.0.0.1/lib/rails/commands/console_helper.rb:9:in `start'
	from /Users/melanieblazevic/.rbenv/versions/2.3.0/lib/ruby/gems/2.3.0/gems/railties-5.0.0.1/lib/rails/commands/commands_tasks.rb:78:in `console'
	from /Users/melanieblazevic/.rbenv/versions/2.3.0/lib/ruby/gems/2.3.0/gems/railties-5.0.0.1/lib/rails/commands/commands_tasks.rb:49:in `run_command!'
	from /Users/melanieblazevic/.rbenv/versions/2.3.0/lib/ruby/gems/2.3.0/gems/railties-5.0.0.1/lib/rails/commands.rb:18:in `<top (required)>'
	from /Users/melanieblazevic/.rbenv/versions/2.3.0/lib/ruby/gems/2.3.0/gems/activesupport-5.0.0.1/lib/active_support/dependencies.rb:293:in `require'
	from /Users/melanieblazevic/.rbenv/versions/2.3.0/lib/ruby/gems/2.3.0/gems/activesupport-5.0.0.1/lib/active_support/dependencies.rb:293:in `block in require'
	from /Users/melanieblazevic/.rbenv/versions/2.3.0/lib/ruby/gems/2.3.0/gems/activesupport-5.0.0.1/lib/active_support/dependencies.rb:259:in `load_dependency'
	from /Users/melanieblazevic/.rbenv/versions/2.3.0/lib/ruby/gems/2.3.0/gems/activesupport-5.0.0.1/lib/active_support/dependencies.rb:293:in `require'
	from /Users/melanieblazevic/Desktop/Ironhack/Final_Project/Wearable/bin/rails:9:in `<top (required)>'
	from /Users/melanieblazevic/.rbenv/versions/2.3.0/lib/ruby/gems/2.3.0/gems/activesupport-5.0.0.1/lib/active_support/dependencies.rb:287:in `load'
	from /Users/melanieblazevic/.rbenv/versions/2.3.0/lib/ruby/gems/2.3.0/gems/activesupport-5.0.0.1/lib/active_support/dependencies.rb:287:in `block in load'
	from /Users/melanieblazevic/.rbenv/versions/2.3.0/lib/ruby/gems/2.3.0/gems/activesupport-5.0.0.1/lib/active_support/dependencies.rb:259:in `load_dependency'
	from /Users/melanieblazevic/.rbenv/versions/2.3.0/lib/ruby/gems/2.3.0/gems/activesupport-5.0.0.1/lib/active_support/dependencies.rb:287:in `load'
	from /Users/melanieblazevic/.rbenv/versions/2.3.0/lib/ruby/gems/2.3.0/gems/spring-1.7.2/lib/spring/commands/rails.rb:6:in `call'
	from /Users/melanieblazevic/.rbenv/versions/2.3.0/lib/ruby/gems/2.3.0/gems/spring-1.7.2/lib/spring/command_wrapper.rb:38:in `call'
	from /Users/melanieblazevic/.rbenv/versions/2.3.0/lib/ruby/gems/2.3.0/gems/spring-1.7.2/lib/spring/application.rb:191:in `block in serve'
	from /Users/melanieblazevic/.rbenv/versions/2.3.0/lib/ruby/gems/2.3.0/gems/spring-1.7.2/lib/spring/application.rb:161:in `fork'
	from /Users/melanieblazevic/.rbenv/versions/2.3.0/lib/ruby/gems/2.3.0/gems/spring-1.7.2/lib/spring/application.rb:161:in `serve'
	from /Users/melanieblazevic/.rbenv/versions/2.3.0/lib/ruby/gems/2.3.0/gems/spring-1.7.2/lib/spring/application.rb:131:in `block in run'
	from /Users/melanieblazevic/.rbenv/versions/2.3.0/lib/ruby/gems/2.3.0/gems/spring-1.7.2/lib/spring/application.rb:125:in `loop'
	from /Users/melanieblazevic/.rbenv/versions/2.3.0/lib/ruby/gems/2.3.0/gems/spring-1.7.2/lib/spring/application.rb:125:in `run'
	from /Users/melanieblazevic/.rbenv/versions/2.3.0/lib/ruby/gems/2.3.0/gems/spring-1.7.2/lib/spring/application/boot.rb:19:in `<top (required)>'
	from /Users/melanieblazevic/.rbenv/versions/2.3.0/lib/ruby/2.3.0/rubygems/core_ext/kernel_require.rb:55:in `require'
	from /Users/melanieblazevic/.rbenv/versions/2.3.0/lib/ruby/2.3.0/rubygems/core_ext/kernel_require.rb:55:in `require'
	from -e:1:in `<main>'irb(main):036:0> p.comments
=> #<ActiveRecord::Associations::CollectionProxy [#<Comment id: 4, title: "", comment: "When?", commentable_type: nil, commentable_id: nil, user_id: nil, role: "comments", created_at: "2016-10-08 17:47:12", updated_at: "2016-10-08 17:47:12", post_id: 2>, #<Comment id: 5, title: "", comment: "I have a Michael Kors sachel", commentable_type: nil, commentable_id: nil, user_id: nil, role: "comments", created_at: "2016-10-08 17:48:30", updated_at: "2016-10-08 17:48:30", post_id: 2>, #<Comment id: 6, title: "", comment: "Hello", commentable_type: nil, commentable_id: nil, user_id: nil, role: "comments", created_at: "2016-10-08 21:29:02", updated_at: "2016-10-08 21:29:02", post_id: 2>, #<Comment id: 7, title: "", comment: "hell ooooo", commentable_type: nil, commentable_id: nil, user_id: 1, role: "comments", created_at: "2016-10-08 21:35:00", updated_at: "2016-10-08 21:35:00", post_id: 2>]>
irb(main):037:0> p.comments.delete
=> nil
irb(main):038:0> P.all 
NameError: uninitialized constant P
	from (irb):38
	from /Users/melanieblazevic/.rbenv/versions/2.3.0/lib/ruby/gems/2.3.0/gems/railties-5.0.0.1/lib/rails/commands/console.rb:65:in `start'
	from /Users/melanieblazevic/.rbenv/versions/2.3.0/lib/ruby/gems/2.3.0/gems/railties-5.0.0.1/lib/rails/commands/console_helper.rb:9:in `start'
	from /Users/melanieblazevic/.rbenv/versions/2.3.0/lib/ruby/gems/2.3.0/gems/railties-5.0.0.1/lib/rails/commands/commands_tasks.rb:78:in `console'
	from /Users/melanieblazevic/.rbenv/versions/2.3.0/lib/ruby/gems/2.3.0/gems/railties-5.0.0.1/lib/rails/commands/commands_tasks.rb:49:in `run_command!'
	from /Users/melanieblazevic/.rbenv/versions/2.3.0/lib/ruby/gems/2.3.0/gems/railties-5.0.0.1/lib/rails/commands.rb:18:in `<top (required)>'
	from /Users/melanieblazevic/Desktop/Ironhack/Final_Project/Wearable/bin/rails:9:in `<top (required)>'
	from /Users/melanieblazevic/.rbenv/versions/2.3.0/lib/ruby/2.3.0/rubygems/core_ext/kernel_require.rb:55:in `require'
	from /Users/melanieblazevic/.rbenv/versions/2.3.0/lib/ruby/2.3.0/rubygems/core_ext/kernel_require.rb:55:in `require'
	from -e:1:in `<main>'
irb(main):039:0> Post.all
  Post Load (0.5ms)  SELECT "posts".* FROM "posts" ORDER BY "posts"."created_at" DESC
=> #<ActiveRecord::Relation [#<Post id: 3, title: "Laptop Case", description: "Looking for 15\" backpack for road trip", created_at: "2016-10-05 21:55:29", updated_at: "2016-10-05 21:55:29", user_id: 1>, #<Post id: 2, title: "Black Purse", description: "Preferably Marc Jacobs", created_at: "2016-10-05 21:54:52", updated_at: "2016-10-05 21:54:52", user_id: 1>, #<Post id: 1, title: "Shoes", description: "Nike\r\n", created_at: "2016-10-05 21:54:17", updated_at: "2016-10-05 21:54:17", user_id: 1>]>
irb(main):040:0> Comment.all.delete
ArgumentError: wrong number of arguments (given 0, expected 1)
	from /Users/melanieblazevic/.rbenv/versions/2.3.0/lib/ruby/gems/2.3.0/gems/activerecord-5.0.0.1/lib/active_record/relation.rb:569:in `delete'
	from (irb):40
	from /Users/melanieblazevic/.rbenv/versions/2.3.0/lib/ruby/gems/2.3.0/gems/railties-5.0.0.1/lib/rails/commands/console.rb:65:in `start'
	from /Users/melanieblazevic/.rbenv/versions/2.3.0/lib/ruby/gems/2.3.0/gems/railties-5.0.0.1/lib/rails/commands/console_helper.rb:9:in `start'
	from /Users/melanieblazevic/.rbenv/versions/2.3.0/lib/ruby/gems/2.3.0/gems/railties-5.0.0.1/lib/rails/commands/commands_tasks.rb:78:in `console'
	from /Users/melanieblazevic/.rbenv/versions/2.3.0/lib/ruby/gems/2.3.0/gems/railties-5.0.0.1/lib/rails/commands/commands_tasks.rb:49:in `run_command!'
	from /Users/melanieblazevic/.rbenv/versions/2.3.0/lib/ruby/gems/2.3.0/gems/railties-5.0.0.1/lib/rails/commands.rb:18:in `<top (required)>'
	from /Users/melanieblazevic/.rbenv/versions/2.3.0/lib/ruby/gems/2.3.0/gems/activesupport-5.0.0.1/lib/active_support/dependencies.rb:293:in `require'
	from /Users/melanieblazevic/.rbenv/versions/2.3.0/lib/ruby/gems/2.3.0/gems/activesupport-5.0.0.1/lib/active_support/dependencies.rb:293:in `block in require'
	from /Users/melanieblazevic/.rbenv/versions/2.3.0/lib/ruby/gems/2.3.0/gems/activesupport-5.0.0.1/lib/active_support/dependencies.rb:259:in `load_dependency'
	from /Users/melanieblazevic/.rbenv/versions/2.3.0/lib/ruby/gems/2.3.0/gems/activesupport-5.0.0.1/lib/active_support/dependencies.rb:293:in `require'
	from /Users/melanieblazevic/Desktop/Ironhack/Final_Project/Wearable/bin/rails:9:in `<top (required)>'
	from /Users/melanieblazevic/.rbenv/versions/2.3.0/lib/ruby/gems/2.3.0/gems/activesupport-5.0.0.1/lib/active_support/dependencies.rb:287:in `load'
	from /Users/melanieblazevic/.rbenv/versions/2.3.0/lib/ruby/gems/2.3.0/gems/activesupport-5.0.0.1/lib/active_support/dependencies.rb:287:in `block in load'
	from /Users/melanieblazevic/.rbenv/versions/2.3.0/lib/ruby/gems/2.3.0/gems/activesupport-5.0.0.1/lib/active_support/dependencies.rb:259:in `load_dependency'
	from /Users/melanieblazevic/.rbenv/versions/2.3.0/lib/ruby/gems/2.3.0/gems/activesupport-5.0.0.1/lib/active_support/dependencies.rb:287:in `load'
	from /Users/melanieblazevic/.rbenv/versions/2.3.0/lib/ruby/gems/2.3.0/gems/spring-1.7.2/lib/spring/commands/rails.rb:6:in `call'
	from /Users/melanieblazevic/.rbenv/versions/2.3.0/lib/ruby/gems/2.3.0/gems/spring-1.7.2/lib/spring/command_wrapper.rb:38:in `call'
	from /Users/melanieblazevic/.rbenv/versions/2.3.0/lib/ruby/gems/2.3.0/gems/spring-1.7.2/lib/spring/application.rb:191:in `block in serve'
	from /Users/melanieblazevic/.rbenv/versions/2.3.0/lib/ruby/gems/2.3.0/gems/spring-1.7.2/lib/spring/application.rb:161:in `fork'
	from /Users/melanieblazevic/.rbenv/versions/2.3.0/lib/ruby/gems/2.3.0/gems/spring-1.7.2/lib/spring/application.rb:161:in `serve'
	from /Users/melanieblazevic/.rbenv/versions/2.3.0/lib/ruby/gems/2.3.0/gems/spring-1.7.2/lib/spring/application.rb:131:in `block in run'
	from /Users/melanieblazevic/.rbenv/versions/2.3.0/lib/ruby/gems/2.3.0/gems/spring-1.7.2/lib/spring/application.rb:125:in `loop'
	from /Users/melanieblazevic/.rbenv/versions/2.3.0/lib/ruby/gems/2.3.0/gems/spring-1.7.2/lib/spring/application.rb:125:in `run'
	from /Users/melanieblazevic/.rbenv/versions/2.3.0/lib/ruby/gems/2.3.0/gems/spring-1.7.2/lib/spring/application/boot.rb:19:in `<top (required)>'
	from /Users/melanieblazevic/.rbenv/versions/2.3.0/lib/ruby/2.3.0/rubygems/core_ext/kernel_require.rb:55:in `require'
	from /Users/melanieblazevic/.rbenv/versions/2.3.0/lib/ruby/2.3.0/rubygems/core_ext/kernel_require.rb:55:in `require'
	from -e:1:in `<main>'irb(main):041:0> p.comments.    
irb(main):042:0* all
  Comment Load (0.3ms)  SELECT "comments".* FROM "comments" WHERE "comments"."post_id" = ? ORDER BY created_at ASC  [["post_id", 2]]
=> #<ActiveRecord::AssociationRelation [#<Comment id: 4, title: "", comment: "When?", commentable_type: nil, commentable_id: nil, user_id: nil, role: "comments", created_at: "2016-10-08 17:47:12", updated_at: "2016-10-08 17:47:12", post_id: 2>, #<Comment id: 5, title: "", comment: "I have a Michael Kors sachel", commentable_type: nil, commentable_id: nil, user_id: nil, role: "comments", created_at: "2016-10-08 17:48:30", updated_at: "2016-10-08 17:48:30", post_id: 2>, #<Comment id: 6, title: "", comment: "Hello", commentable_type: nil, commentable_id: nil, user_id: nil, role: "comments", created_at: "2016-10-08 21:29:02", updated_at: "2016-10-08 21:29:02", post_id: 2>, #<Comment id: 7, title: "", comment: "hell ooooo", commentable_type: nil, commentable_id: nil, user_id: 1, role: "comments", created_at: "2016-10-08 21:35:00", updated_at: "2016-10-08 21:35:00", post_id: 2>]>
irb(main):043:0> p.comments.find(5).destroy
  Comment Load (0.3ms)  SELECT  "comments".* FROM "comments" WHERE "comments"."post_id" = ? AND "comments"."id" = ? ORDER BY created_at ASC LIMIT ?  [["post_id", 2], ["id", 5], ["LIMIT", 1]]
   (0.1ms)  begin transaction
  SQL (60.0ms)  DELETE FROM "comments" WHERE "comments"."id" = ?  [["id", 5]]
   (1.7ms)  commit transaction
=> #<Comment id: 5, title: "", comment: "I have a Michael Kors sachel", commentable_type: nil, commentable_id: nil, user_id: nil, role: "comments", created_at: "2016-10-08 17:48:30", updated_at: "2016-10-08 17:48:30", post_id: 2>
irb(main):044:0> p.comments.find(6).destroy
  Comment Load (0.7ms)  SELECT  "comments".* FROM "comments" WHERE "comments"."post_id" = ? AND "comments"."id" = ? ORDER BY created_at ASC LIMIT ?  [["post_id", 2], ["id", 6], ["LIMIT", 1]]
   (0.1ms)  begin transaction
  SQL (0.5ms)  DELETE FROM "comments" WHERE "comments"."id" = ?  [["id", 6]]
   (2.4ms)  commit transaction
=> #<Comment id: 6, title: "", comment: "Hello", commentable_type: nil, commentable_id: nil, user_id: nil, role: "comments", created_at: "2016-10-08 21:29:02", updated_at: "2016-10-08 21:29:02", post_id: 2>
irb(main):045:0> p.comments
=> #<ActiveRecord::Associations::CollectionProxy [#<Comment id: 4, title: "", comment: "When?", commentable_type: nil, commentable_id: nil, user_id: nil, role: "comments", created_at: "2016-10-08 17:47:12", updated_at: "2016-10-08 17:47:12", post_id: 2>, #<Comment id: 5, title: "", comment: "I have a Michael Kors sachel", commentable_type: nil, commentable_id: nil, user_id: nil, role: "comments", created_at: "2016-10-08 17:48:30", updated_at: "2016-10-08 17:48:30", post_id: 2>, #<Comment id: 6, title: "", comment: "Hello", commentable_type: nil, commentable_id: nil, user_id: nil, role: "comments", created_at: "2016-10-08 21:29:02", updated_at: "2016-10-08 21:29:02", post_id: 2>, #<Comment id: 7, title: "", comment: "hell ooooo", commentable_type: nil, commentable_id: nil, user_id: 1, role: "comments", created_at: "2016-10-08 21:35:00", updated_at: "2016-10-08 21:35:00", post_id: 2>]>
irb(main):046:0> exit
Melanies-MacBook-Pro:wearable melanieblazevic$ rake db:create
Created database 'wearable_development'
Created database 'wearable_test'
Melanies-MacBook-Pro:wearable melanieblazevic$ rake db:migrate
== 20160906210839 CreatePosts: migrating ======================================
-- create_table(:posts)
   -> 0.0056s
== 20160906210839 CreatePosts: migrated (0.0058s) =============================

== 20160914012041 AddDeviseToUsers: migrating =================================
-- create_table(:users)
   -> 0.0054s
-- add_index(:users, :email, {:unique=>true})
   -> 0.0025s
-- add_index(:users, :reset_password_token, {:unique=>true})
   -> 0.0024s
== 20160914012041 AddDeviseToUsers: migrated (0.0104s) ========================

== 20160928000116 AddUserIdToPosts: migrating =================================
-- add_reference(:posts, :user, {:foreign_key=>true})
   -> 0.0063s
== 20160928000116 AddUserIdToPosts: migrated (0.0064s) ========================

== 20160929235133 CreateComments: migrating ===================================
-- create_table(:comments, {})
   -> 0.0040s
-- add_index(:comments, :commentable_type)
   -> 0.0019s
-- add_index(:comments, :commentable_id)
   -> 0.0017s
-- add_index(:comments, :user_id)
   -> 0.0017s
== 20160929235133 CreateComments: migrated (0.0096s) ==========================

== 20161001213401 AddPostRefToComments: migrating =============================
-- add_reference(:comments, :post, {:foreign_key=>true})
   -> 0.0172s
== 20161001213401 AddPostRefToComments: migrated (0.0173s) ====================

Melanies-MacBook-Pro:wearable melanieblazevic$ heroku create
Creating app... done, ⬢ arcane-anchorage-48642
https://arcane-anchorage-48642.herokuapp.com/ | https://git.heroku.com/arcane-anchorage-48642.git
Melanies-MacBook-Pro:wearable melanieblazevic$ git push heroku master
fatal: 'heroku' does not appear to be a git repository
fatal: Could not read from remote repository.

Please make sure you have the correct access rights
and the repository exists.
Melanies-MacBook-Pro:wearable melanieblazevic$ git remote
origin
Melanies-MacBook-Pro:wearable melanieblazevic$ heroku git:remote -a arcane-anchorage-48642
set git remote heroku to https://git.heroku.com/arcane-anchorage-48642.git
Melanies-MacBook-Pro:wearable melanieblazevic$ git remote
heroku
origin
Melanies-MacBook-Pro:wearable melanieblazevic$ git push heroku master
Counting objects: 2403, done.
Delta compression using up to 8 threads.
Compressing objects: 100% (2199/2199), done.
Writing objects: 100% (2403/2403), 27.51 MiB | 5.36 MiB/s, done.
Total 2403 (delta 970), reused 0 (delta 0)
remote: Compressing source files... done.
remote: Building source:
remote: 
remote:  !     No default language could be detected for this app.
remote: 			HINT: This occurs when Heroku cannot detect the buildpack to use for this application automatically.
remote: 			See https://devcenter.heroku.com/articles/buildpacks
remote: 
remote:  !     Push failed
remote: Verifying deploy...
remote: 
remote: !	Push rejected to arcane-anchorage-48642.
remote: 
To https://git.heroku.com/arcane-anchorage-48642.git
 ! [remote rejected] master -> master (pre-receive hook declined)
error: failed to push some refs to 'https://git.heroku.com/arcane-anchorage-48642.git'
Melanies-MacBook-Pro:wearable melanieblazevic$ git init
Initialized empty Git repository in /Users/melanieblazevic/Desktop/Ironhack/Final_Project/Wearable/.git/
Melanies-MacBook-Pro:wearable melanieblazevic$ git add README.md
Melanies-MacBook-Pro:wearable melanieblazevic$ git commit -m "Final Project"
[master (root-commit) 7f1b114] Final Project
 1 file changed, 24 insertions(+)
 create mode 100644 README.md
Melanies-MacBook-Pro:wearable melanieblazevic$ git remote add origin https://github.com/melaniemagdalene/Wearable.git
Melanies-MacBook-Pro:wearable melanieblazevic$ git push -u origin master
Counting objects: 3, done.
Delta compression using up to 8 threads.
Compressing objects: 100% (2/2), done.
Writing objects: 100% (3/3), 464 bytes | 0 bytes/s, done.
Total 3 (delta 0), reused 0 (delta 0)
To https://github.com/melaniemagdalene/Wearable.git
 * [new branch]      master -> master
Branch master set up to track remote branch master from origin.
Melanies-MacBook-Pro:wearable melanieblazevic$ git add .
Melanies-MacBook-Pro:wearable melanieblazevic$ git commit -a
error: There was a problem with the editor 'vi'.
Please supply the message using either -m or -F option.
Melanies-MacBook-Pro:wearable melanieblazevic$ git commit -m "Final Project"
[master 10b3f0b] Final Project
 293 files changed, 33934 insertions(+)
 create mode 100644 .gitignore
 create mode 100644 Gemfile
 create mode 100644 Gemfile.lock
 create mode 100644 Rakefile
 create mode 100644 app/assets/config/manifest.js
 create mode 100644 app/assets/images/.keep
 create mode 100644 app/assets/images/Fashion_apartment.jpg
 create mode 100644 app/assets/images/Fashion_backpack.jpg
 create mode 100644 app/assets/images/Fashion_bbq.jpg
 create mode 100644 app/assets/images/Fashion_beach.jpg
 create mode 100644 app/assets/images/Fashion_breitling.jpg
 create mode 100644 app/assets/images/Fashion_connect.jpg
 create mode 100644 app/assets/images/Fashion_connect_2.jpg
 create mode 100644 app/assets/images/Fashion_converse.jpg
 create mode 100644 app/assets/images/Fashion_drummer.jpg
 create mode 100644 app/assets/images/Fashion_hair.jpg
 create mode 100644 app/assets/images/Fashion_men_boots.jpg
 create mode 100644 app/assets/images/Fashion_mountains.jpg
 create mode 100644 app/assets/images/Fashion_peace.jpg
 create mode 100644 app/assets/images/Fashion_rings.jpg
 create mode 100644 app/assets/images/Fashion_vans.jpg
 create mode 100644 app/assets/images/Fashion_video.mp4
 create mode 100644 app/assets/images/Vectors_1.png
 create mode 100644 app/assets/images/Vectors_2.png
 create mode 100644 app/assets/images/Vectors_3.png
 create mode 100644 app/assets/images/Vectors_3_2.png
 create mode 100644 app/assets/images/Vectors_4.png
 create mode 100644 app/assets/images/Vectors_4_2.png
 create mode 100644 app/assets/images/Vectors_5.png
 create mode 100644 app/assets/images/Vectors_5_2.png
 create mode 100644 app/assets/images/Vectors_6.png
 create mode 100644 app/assets/images/Vectors_6_2.png
 create mode 100644 app/assets/images/Vectors_7.png
 create mode 100644 app/assets/images/Wearable_Logo.png
 create mode 100644 app/assets/javascripts/application.js
 create mode 100644 app/assets/javascripts/cable.js
 create mode 100644 app/assets/javascripts/channels/.keep
 create mode 100644 app/assets/javascripts/comments.coffee
 create mode 100644 app/assets/javascripts/home.coffee
 create mode 100644 app/assets/javascripts/posts.coffee
 create mode 100644 app/assets/javascripts/sessions.coffee
 create mode 100644 app/assets/javascripts/static_pages.js
 create mode 100644 app/assets/javascripts/users.coffee
 create mode 100644 app/assets/stylesheets/application.css
 create mode 100644 app/assets/stylesheets/comments.scss
 create mode 100644 app/assets/stylesheets/home.scss
 create mode 100644 app/assets/stylesheets/posts.scss
 create mode 100644 app/assets/stylesheets/sessions.scss
 create mode 100644 app/assets/stylesheets/style.css
 create mode 100644 app/assets/stylesheets/users.scss
 create mode 100644 app/assets/videos/Fashion_video.mp4
 create mode 100644 app/channels/application_cable/channel.rb
 create mode 100644 app/channels/application_cable/connection.rb
 create mode 100644 app/controllers/application_controller.rb
 create mode 100644 app/controllers/comments_controller.rb
 create mode 100644 app/controllers/concerns/.keep
 create mode 100644 app/controllers/home_controller.rb
 create mode 100644 app/controllers/posts_controller.rb
 create mode 100644 app/controllers/static_pages_controller.rb
 create mode 100644 app/controllers/users_controller.rb
 create mode 100644 app/helpers/application_helper.rb
 create mode 100644 app/helpers/comments_helper.rb
 create mode 100644 app/helpers/home_helper.rb
 create mode 100644 app/helpers/posts_helper.rb
 create mode 100644 app/helpers/sessions_helper.rb
 create mode 100644 app/helpers/users_helper.rb
 create mode 100644 app/jobs/application_job.rb
 create mode 100644 app/mailers/application_mailer.rb
 create mode 100644 app/models/application_record.rb
 create mode 100644 app/models/comment.rb
 create mode 100644 app/models/concerns/.keep
 create mode 100644 app/models/post.rb
 create mode 100644 app/models/user.rb
 create mode 100644 app/policies/application_policy.rb
 create mode 100644 app/policies/post_policy.rb
 create mode 100644 app/views/devise/confirmations/new.html.erb
 create mode 100644 app/views/devise/mailer/confirmation_instructions.html.erb
 create mode 100644 app/views/devise/mailer/password_change.html.erb
 create mode 100644 app/views/devise/mailer/reset_password_instructions.html.erb
 create mode 100644 app/views/devise/mailer/unlock_instructions.html.erb
 create mode 100644 app/views/devise/passwords/edit.html.erb
 create mode 100644 app/views/devise/passwords/new.html.erb
 create mode 100644 app/views/devise/registrations/edit.html.erb
 create mode 100644 app/views/devise/registrations/new.html.erb
 create mode 100644 app/views/devise/sessions/new.html.erb
 create mode 100644 app/views/devise/shared/_links.html.erb
 create mode 100644 app/views/devise/unlocks/new.html.erb
 create mode 100644 app/views/layouts/application.html.erb
 create mode 100644 app/views/layouts/mailer.html.erb
 create mode 100644 app/views/layouts/mailer.text.erb
 create mode 100644 app/views/posts/_form.html.erb
 create mode 100644 app/views/posts/edit.html.erb
 create mode 100644 app/views/posts/index.html.erb
 create mode 100644 app/views/posts/new.html.erb
 create mode 100644 app/views/posts/show.html.erb
 create mode 100644 app/views/shared/_navbar.html.erb
 create mode 100644 app/views/static_pages/about.html.erb
 create mode 100644 app/views/static_pages/contact.html.erb
 create mode 100644 app/views/static_pages/home.html.erb
 create mode 100644 app/views/static_pages/posts.html.erb
 create mode 100644 app/views/static_pages/register.html.erb
 create mode 100644 app/views/static_pages/sign_in.html.erb
 create mode 100644 app/views/static_pages/users_all.html.erb
 create mode 100644 app/views/users/index.html.erb
 create mode 100644 app/views/users/show.html.erb
 create mode 100755 bin/bundle
 create mode 100755 bin/rails
 create mode 100755 bin/rake
 create mode 100755 bin/setup
 create mode 100755 bin/spring
 create mode 100755 bin/update
 create mode 100644 config.ru
 create mode 100644 config/application.rb
 create mode 100644 config/boot.rb
 create mode 100644 config/cable.yml
 create mode 100644 config/database.yml
 create mode 100644 config/environment.rb
 create mode 100644 config/environments/development.rb
 create mode 100644 config/environments/production.rb
 create mode 100644 config/environments/test.rb
 create mode 100644 config/initializers/application_controller_renderer.rb
 create mode 100644 config/initializers/assets.rb
 create mode 100644 config/initializers/backtrace_silencers.rb
 create mode 100644 config/initializers/cookies_serializer.rb
 create mode 100644 config/initializers/devise.rb
 create mode 100644 config/initializers/filter_parameter_logging.rb
 create mode 100644 config/initializers/inflections.rb
 create mode 100644 config/initializers/mime_types.rb
 create mode 100644 config/initializers/new_framework_defaults.rb
 create mode 100644 config/initializers/session_store.rb
 create mode 100644 config/initializers/wrap_parameters.rb
 create mode 100644 config/locales/devise.en.yml
 create mode 100644 config/locales/en.bootstrap.yml
 create mode 100644 config/locales/en.yml
 create mode 100644 config/puma.rb
 create mode 100644 config/routes.rb
 create mode 100644 config/secrets.yml
 create mode 100644 config/spring.rb
 create mode 100644 db/migrate/20160906210839_create_posts.rb
 create mode 100644 db/migrate/20160914012041_add_devise_to_users.rb
 create mode 100644 db/migrate/20160928000116_add_user_id_to_posts.rb
 create mode 100644 db/migrate/20160929235133_create_comments.rb
 create mode 100644 db/migrate/20161001213401_add_post_ref_to_comments.rb
 create mode 100644 db/schema.rb
 create mode 100644 db/seeds.rb
 create mode 100644 lib/assets/.keep
 create mode 100644 lib/tasks/.keep
 create mode 100644 log/.keep
 create mode 100644 node_modules/jquery/AUTHORS.txt
 create mode 100644 node_modules/jquery/LICENSE.txt
 create mode 100644 node_modules/jquery/README.md
 create mode 100644 node_modules/jquery/bower.json
 create mode 100644 node_modules/jquery/dist/core.js
 create mode 100644 node_modules/jquery/dist/jquery.js
 create mode 100644 node_modules/jquery/dist/jquery.min.js
 create mode 100644 node_modules/jquery/dist/jquery.min.map
 create mode 100644 node_modules/jquery/dist/jquery.slim.js
 create mode 100644 node_modules/jquery/dist/jquery.slim.min.js
 create mode 100644 node_modules/jquery/dist/jquery.slim.min.map
 create mode 100644 node_modules/jquery/external/sizzle/LICENSE.txt
 create mode 100644 node_modules/jquery/external/sizzle/dist/sizzle.js
 create mode 100644 node_modules/jquery/external/sizzle/dist/sizzle.min.js
 create mode 100644 node_modules/jquery/external/sizzle/dist/sizzle.min.map
 create mode 100644 node_modules/jquery/package.json
 create mode 100644 node_modules/jquery/src/.eslintrc.json
 create mode 100644 node_modules/jquery/src/ajax.js
 create mode 100644 node_modules/jquery/src/ajax/jsonp.js
 create mode 100644 node_modules/jquery/src/ajax/load.js
 create mode 100644 node_modules/jquery/src/ajax/parseXML.js
 create mode 100644 node_modules/jquery/src/ajax/script.js
 create mode 100644 node_modules/jquery/src/ajax/var/location.js
 create mode 100644 node_modules/jquery/src/ajax/var/nonce.js
 create mode 100644 node_modules/jquery/src/ajax/var/rquery.js
 create mode 100644 node_modules/jquery/src/ajax/xhr.js
 create mode 100644 node_modules/jquery/src/attributes.js
 create mode 100644 node_modules/jquery/src/attributes/attr.js
 create mode 100644 node_modules/jquery/src/attributes/classes.js
 create mode 100644 node_modules/jquery/src/attributes/prop.js
 create mode 100644 node_modules/jquery/src/attributes/support.js
 create mode 100644 node_modules/jquery/src/attributes/val.js
 create mode 100644 node_modules/jquery/src/callbacks.js
 create mode 100644 node_modules/jquery/src/core.js
 create mode 100644 node_modules/jquery/src/core/DOMEval.js
 create mode 100644 node_modules/jquery/src/core/access.js
 create mode 100644 node_modules/jquery/src/core/init.js
 create mode 100644 node_modules/jquery/src/core/parseHTML.js
 create mode 100644 node_modules/jquery/src/core/ready-no-deferred.js
 create mode 100644 node_modules/jquery/src/core/ready.js
 create mode 100644 node_modules/jquery/src/core/readyException.js
 create mode 100644 node_modules/jquery/src/core/stripAndCollapse.js
 create mode 100644 node_modules/jquery/src/core/support.js
 create mode 100644 node_modules/jquery/src/core/var/rsingleTag.js
 create mode 100644 node_modules/jquery/src/css.js
 create mode 100644 node_modules/jquery/src/css/addGetHookIf.js
 create mode 100644 node_modules/jquery/src/css/adjustCSS.js
 create mode 100644 node_modules/jquery/src/css/curCSS.js
 create mode 100644 node_modules/jquery/src/css/hiddenVisibleSelectors.js
 create mode 100644 node_modules/jquery/src/css/showHide.js
 create mode 100644 node_modules/jquery/src/css/support.js
 create mode 100644 node_modules/jquery/src/css/var/cssExpand.js
 create mode 100644 node_modules/jquery/src/css/var/getStyles.js
 create mode 100644 node_modules/jquery/src/css/var/isHiddenWithinTree.js
 create mode 100644 node_modules/jquery/src/css/var/rmargin.js
 create mode 100644 node_modules/jquery/src/css/var/rnumnonpx.js
 create mode 100644 node_modules/jquery/src/css/var/swap.js
 create mode 100644 node_modules/jquery/src/data.js
 create mode 100644 node_modules/jquery/src/data/Data.js
 create mode 100644 node_modules/jquery/src/data/var/acceptData.js
 create mode 100644 node_modules/jquery/src/data/var/dataPriv.js
 create mode 100644 node_modules/jquery/src/data/var/dataUser.js
 create mode 100644 node_modules/jquery/src/deferred.js
 create mode 100644 node_modules/jquery/src/deferred/exceptionHook.js
 create mode 100644 node_modules/jquery/src/deprecated.js
 create mode 100644 node_modules/jquery/src/dimensions.js
 create mode 100644 node_modules/jquery/src/effects.js
 create mode 100644 node_modules/jquery/src/effects/Tween.js
 create mode 100644 node_modules/jquery/src/effects/animatedSelector.js
 create mode 100644 node_modules/jquery/src/event.js
 create mode 100644 node_modules/jquery/src/event/ajax.js
 create mode 100644 node_modules/jquery/src/event/alias.js
 create mode 100644 node_modules/jquery/src/event/focusin.js
 create mode 100644 node_modules/jquery/src/event/support.js
 create mode 100644 node_modules/jquery/src/event/trigger.js
 create mode 100644 node_modules/jquery/src/exports/amd.js
 create mode 100644 node_modules/jquery/src/exports/global.js
 create mode 100644 node_modules/jquery/src/jquery.js
 create mode 100644 node_modules/jquery/src/manipulation.js
 create mode 100644 node_modules/jquery/src/manipulation/_evalUrl.js
 create mode 100644 node_modules/jquery/src/manipulation/buildFragment.js
 create mode 100644 node_modules/jquery/src/manipulation/getAll.js
 create mode 100644 node_modules/jquery/src/manipulation/setGlobalEval.js
 create mode 100644 node_modules/jquery/src/manipulation/support.js
 create mode 100644 node_modules/jquery/src/manipulation/var/rcheckableType.js
 create mode 100644 node_modules/jquery/src/manipulation/var/rscriptType.js
 create mode 100644 node_modules/jquery/src/manipulation/var/rtagName.js
 create mode 100644 node_modules/jquery/src/manipulation/wrapMap.js
 create mode 100644 node_modules/jquery/src/offset.js
 create mode 100644 node_modules/jquery/src/queue.js
 create mode 100644 node_modules/jquery/src/queue/delay.js
 create mode 100644 node_modules/jquery/src/selector-native.js
 create mode 100644 node_modules/jquery/src/selector-sizzle.js
 create mode 100644 node_modules/jquery/src/selector.js
 create mode 100644 node_modules/jquery/src/serialize.js
 create mode 100644 node_modules/jquery/src/traversing.js
 create mode 100644 node_modules/jquery/src/traversing/findFilter.js
 create mode 100644 node_modules/jquery/src/traversing/var/dir.js
 create mode 100644 node_modules/jquery/src/traversing/var/rneedsContext.js
 create mode 100644 node_modules/jquery/src/traversing/var/siblings.js
 create mode 100644 node_modules/jquery/src/var/ObjectFunctionString.js
 create mode 100644 node_modules/jquery/src/var/arr.js
 create mode 100644 node_modules/jquery/src/var/class2type.js
 create mode 100644 node_modules/jquery/src/var/concat.js
 create mode 100644 node_modules/jquery/src/var/document.js
 create mode 100644 node_modules/jquery/src/var/documentElement.js
 create mode 100644 node_modules/jquery/src/var/fnToString.js
 create mode 100644 node_modules/jquery/src/var/getProto.js
 create mode 100644 node_modules/jquery/src/var/hasOwn.js
 create mode 100644 node_modules/jquery/src/var/indexOf.js
 create mode 100644 node_modules/jquery/src/var/pnum.js
 create mode 100644 node_modules/jquery/src/var/push.js
 create mode 100644 node_modules/jquery/src/var/rcssNum.js
 create mode 100644 node_modules/jquery/src/var/rnothtmlwhite.js
 create mode 100644 node_modules/jquery/src/var/slice.js
 create mode 100644 node_modules/jquery/src/var/support.js
 create mode 100644 node_modules/jquery/src/var/toString.js
 create mode 100644 node_modules/jquery/src/wrap.js
 create mode 100644 public/404.html
 create mode 100644 public/422.html
 create mode 100644 public/500.html
 create mode 100644 public/apple-touch-icon-precomposed.png
 create mode 100644 public/apple-touch-icon.png
 create mode 100644 public/favicon.ico
 create mode 100644 public/robots.txt
 create mode 100644 test/controllers/.keep
 create mode 100644 test/controllers/comments_controller_test.rb
 create mode 100644 test/controllers/home_controller_test.rb
 create mode 100644 test/controllers/posts_controller_test.rb
 create mode 100644 test/controllers/sessions_controller_test.rb
 create mode 100644 test/controllers/users_controller_test.rb
 create mode 100644 test/fixtures/.keep
 create mode 100644 test/fixtures/files/.keep
 create mode 100644 test/fixtures/posts.yml
 create mode 100644 test/fixtures/users.yml
 create mode 100644 test/helpers/.keep
 create mode 100644 test/integration/.keep
 create mode 100644 test/mailers/.keep
 create mode 100644 test/models/.keep
 create mode 100644 test/models/post_test.rb
 create mode 100644 test/models/user_test.rb
 create mode 100644 test/test_helper.rb
 create mode 100644 tmp/.keep
 create mode 100644 vendor/assets/javascripts/.keep
 create mode 100644 vendor/assets/stylesheets/.keep
Melanies-MacBook-Pro:wearable melanieblazevic$ git push
Counting objects: 340, done.
Delta compression using up to 8 threads.
Compressing objects: 100% (312/312), done.
Writing objects: 100% (340/340), 19.48 MiB | 6.96 MiB/s, done.
Total 340 (delta 15), reused 0 (delta 0)
remote: Resolving deltas: 100% (15/15), done.
To https://github.com/melaniemagdalene/Wearable.git
   7f1b114..10b3f0b  master -> master
Melanies-MacBook-Pro:wearable melanieblazevic$ git push heroku master
fatal: 'heroku' does not appear to be a git repository
fatal: Could not read from remote repository.

Please make sure you have the correct access rights
and the repository exists.
Melanies-MacBook-Pro:wearable melanieblazevic$ heroku git:remote -a arcane-anchorage-48642
set git remote heroku to https://git.heroku.com/arcane-anchorage-48642.git
Melanies-MacBook-Pro:wearable melanieblazevic$ git push heroku master
Counting objects: 343, done.
Delta compression using up to 8 threads.
Compressing objects: 100% (314/314), done.
Writing objects: 100% (343/343), 19.48 MiB | 5.19 MiB/s, done.
Total 343 (delta 15), reused 0 (delta 0)
remote: Compressing source files... done.
remote: Building source:
remote: 
remote: -----> Ruby app detected
remote: -----> Compiling Ruby/Rails
remote: -----> Using Ruby version: ruby-2.2.4
remote: -----> Installing dependencies using bundler 1.11.2
remote:        Running: bundle install --without development:test --path vendor/bundle --binstubs vendor/bundle/bin -j4 --deployment
remote:        Warning: the running version of Bundler is older than the version that created the lockfile. We suggest you upgrade to the latest version of Bundler by running `gem install bundler`.
remote:        Fetching gem metadata from https://rubygems.org/..........
remote:        Fetching version metadata from https://rubygems.org/...
remote:        Fetching dependency metadata from https://rubygems.org/..
remote:        Installing i18n 0.7.0
remote:        Installing rake 11.2.2
remote:        Installing concurrent-ruby 1.0.2
remote:        Installing minitest 5.9.0
remote:        Installing builder 3.2.2
remote:        Installing thread_safe 0.3.5
remote:        Installing mini_portile2 2.1.0
remote:        Installing pkg-config 1.1.7
remote:        Installing erubis 2.7.0
remote:        Installing nio4r 1.2.1 with native extensions
remote:        Installing rack 2.0.1
remote:        Installing websocket-extensions 0.1.2
remote:        Installing arel 7.1.1
remote:        Installing mime-types-data 3.2016.0521
remote:        Installing bcrypt 3.1.11 with native extensions
remote:        Installing acts_as_commentable 4.0.2
remote:        Installing coffee-script-source 1.10.0
remote:        Installing execjs 2.7.0
remote:        Installing method_source 0.8.2
remote:        Installing thor 0.19.1
remote:        Installing orm_adapter 0.5.0
remote:        Installing multi_json 1.12.1
remote:        Installing pg 0.18.4 with native extensions
remote:        Installing puma 3.6.0 with native extensions
remote:        Using bundler 1.11.2
remote:        Installing sass 3.4.22
remote:        Installing tilt 2.0.5
remote:        Installing turbolinks-source 5.0.0
remote:        Installing tzinfo 1.2.2
remote:        Installing nokogiri 1.6.8 with native extensions
remote:        Installing rack-test 0.6.3
remote:        Installing warden 1.2.6
remote:        Installing sprockets 3.7.0
remote:        Installing websocket-driver 0.6.4 with native extensions
remote:        Installing mime-types 3.1
remote:        Installing coffee-script 2.4.1
remote:        Installing uglifier 3.0.2
remote:        Installing turbolinks 5.0.1
remote:        Installing activesupport 5.0.0.1
remote:        Installing mail 2.6.4
remote:        Installing globalid 0.3.7
remote:        Installing activemodel 5.0.0.1
remote:        Installing jbuilder 2.6.0
remote:        Installing pundit 1.1.0
remote:        Installing activejob 5.0.0.1
remote:        Installing activerecord 5.0.0.1
remote:        Installing rails-dom-testing 2.0.1
remote:        Installing loofah 2.0.3
remote:        Installing rails-html-sanitizer 1.0.3
remote:        Installing actionview 5.0.0.1
remote:        Installing actionpack 5.0.0.1
remote:        Installing actionmailer 5.0.0.1
remote:        Installing railties 5.0.0.1
remote:        Installing sprockets-rails 3.2.0
remote:        Installing actioncable 5.0.0.1
remote:        Installing coffee-rails 4.2.1
remote:        Installing rails 5.0.0.1
remote:        Installing jquery-rails 4.2.1
remote:        Installing responders 2.3.0
remote:        Installing sass-rails 5.0.6
remote:        Installing devise 4.2.0
remote:        Bundle complete! 20 Gemfile dependencies, 61 gems now installed.
remote:        Gems in the groups development and test were not installed.
remote:        Bundled gems are installed into ./vendor/bundle.
remote:        Bundle completed (27.50s)
remote:        Cleaning up the bundler cache.
remote: -----> Preparing app for Rails asset pipeline
remote:        Running: rake assets:precompile
remote:        I, [2016-10-10T23:18:03.642993 #1055]  INFO -- : Writing /tmp/build_6dc037fe67d4944d4186e3d47024f734/public/assets/Fashion_apartment-f082649d8221ce4f7ea386c1782497fe7936f9a49d99bf0cec6d2213e9dfae1e.jpg
remote:        I, [2016-10-10T23:18:03.648610 #1055]  INFO -- : Writing /tmp/build_6dc037fe67d4944d4186e3d47024f734/public/assets/Fashion_backpack-a442fe8e69606963a85110ac7aee68ad6f5c277a7bb65663b00b72075b8e83e6.jpg
remote:        I, [2016-10-10T23:18:03.652920 #1055]  INFO -- : Writing /tmp/build_6dc037fe67d4944d4186e3d47024f734/public/assets/Fashion_bbq-64fb0dc45b1297d63ea18a48926954f036ae6b1491fd87ea7a64430ffcadb43f.jpg
remote:        I, [2016-10-10T23:18:03.658464 #1055]  INFO -- : Writing /tmp/build_6dc037fe67d4944d4186e3d47024f734/public/assets/Fashion_beach-79daeb4c1bf7d0913a7f7e9d8d751c5704f89b156578c11889cb9d8405505f66.jpg
remote:        I, [2016-10-10T23:18:03.662008 #1055]  INFO -- : Writing /tmp/build_6dc037fe67d4944d4186e3d47024f734/public/assets/Fashion_breitling-c3ed84b1453cf623c2cc90911aa644aa9fe94eebb8a9ecd324671be9a7e59275.jpg
remote:        I, [2016-10-10T23:18:03.664889 #1055]  INFO -- : Writing /tmp/build_6dc037fe67d4944d4186e3d47024f734/public/assets/Fashion_connect-252dc06af6ea3e680582b280d2dc9420e631e58625faab9626d267627e544e0c.jpg
remote:        I, [2016-10-10T23:18:03.667938 #1055]  INFO -- : Writing /tmp/build_6dc037fe67d4944d4186e3d47024f734/public/assets/Fashion_connect_2-884a08f204957f5600a06c623ce6d1c0a96bd817e7d2d64a091bd557d647a827.jpg
remote:        I, [2016-10-10T23:18:03.671236 #1055]  INFO -- : Writing /tmp/build_6dc037fe67d4944d4186e3d47024f734/public/assets/Fashion_converse-effa9d3f6502ea146fae837aec53615025ca07b98f1e19c80e4ba4bcc6560aab.jpg
remote:        I, [2016-10-10T23:18:03.675723 #1055]  INFO -- : Writing /tmp/build_6dc037fe67d4944d4186e3d47024f734/public/assets/Fashion_drummer-1985dac711fd027314464ab672582db95bdb40ecbf06f08d6a899a6650ffd8b4.jpg
remote:        I, [2016-10-10T23:18:03.679643 #1055]  INFO -- : Writing /tmp/build_6dc037fe67d4944d4186e3d47024f734/public/assets/Fashion_hair-918955011f0daf20aeef697abc992ca87490c45e98c138ffdd2d702e6f648840.jpg
remote:        I, [2016-10-10T23:18:03.683130 #1055]  INFO -- : Writing /tmp/build_6dc037fe67d4944d4186e3d47024f734/public/assets/Fashion_men_boots-765384cd47ea54bc9f8aba32a310be0c8239515378ea2afe2e8ec409b1979e69.jpg
remote:        I, [2016-10-10T23:18:03.686619 #1055]  INFO -- : Writing /tmp/build_6dc037fe67d4944d4186e3d47024f734/public/assets/Fashion_mountains-c1e541c47d2a721fb7ffa49b3c7bc490d67546fe13837b2331b04aba4e657104.jpg
remote:        I, [2016-10-10T23:18:03.689673 #1055]  INFO -- : Writing /tmp/build_6dc037fe67d4944d4186e3d47024f734/public/assets/Fashion_peace-b430952b0ded11cee4fda8548227da1bd845f22dad7fa31e24a16e9376df5f24.jpg
remote:        I, [2016-10-10T23:18:03.694026 #1055]  INFO -- : Writing /tmp/build_6dc037fe67d4944d4186e3d47024f734/public/assets/Fashion_rings-505e49e90c3938a3077cb0e9c1cbf15a6d9112a147f53ffb1a37b0f85db76734.jpg
remote:        I, [2016-10-10T23:18:03.698606 #1055]  INFO -- : Writing /tmp/build_6dc037fe67d4944d4186e3d47024f734/public/assets/Fashion_vans-f73aa79ab6a07df01ba5a07a65e07c1c88fe53ffa1405b440353543fe704e4e6.jpg
remote:        I, [2016-10-10T23:18:03.752589 #1055]  INFO -- : Writing /tmp/build_6dc037fe67d4944d4186e3d47024f734/public/assets/Fashion_video-de5d92997a9ea506e9ea0c2b6dfb8b317a64bcaf764728b3f0d65de2b37f8384.mp4
remote:        I, [2016-10-10T23:18:03.781761 #1055]  INFO -- : Writing /tmp/build_6dc037fe67d4944d4186e3d47024f734/public/assets/Vectors_1-2b49a50aba87bc4cb54a15a77c2a93c521c1b70aacc9ec7cdec535654459fdc8.png
remote:        I, [2016-10-10T23:18:03.785274 #1055]  INFO -- : Writing /tmp/build_6dc037fe67d4944d4186e3d47024f734/public/assets/Vectors_2-76b9c08d8cf2748b7e62d9a53980fcbbbfd847fd0d4e9441a19374e745be687e.png
remote:        I, [2016-10-10T23:18:03.788621 #1055]  INFO -- : Writing /tmp/build_6dc037fe67d4944d4186e3d47024f734/public/assets/Vectors_3-2a5785b9570840a1130224775a971e208567195b951c5aa3281e082631c251f7.png
remote:        I, [2016-10-10T23:18:03.791843 #1055]  INFO -- : Writing /tmp/build_6dc037fe67d4944d4186e3d47024f734/public/assets/Vectors_3_2-1e0b47fd4f90ffd6a464e031baab6cab315f228987dbe55607309dcb3461c2e5.png
remote:        I, [2016-10-10T23:18:03.794683 #1055]  INFO -- : Writing /tmp/build_6dc037fe67d4944d4186e3d47024f734/public/assets/Vectors_4-2bf90c9284f8fa7107e606e884338535474602bce55712a2df11204d009ceca1.png
remote:        I, [2016-10-10T23:18:03.797000 #1055]  INFO -- : Writing /tmp/build_6dc037fe67d4944d4186e3d47024f734/public/assets/Vectors_4_2-56c08478f86a9486f1256d61439ad58d3b4a299ae4a8a9049f8738dd3aab5d69.png
remote:        I, [2016-10-10T23:18:03.798963 #1055]  INFO -- : Writing /tmp/build_6dc037fe67d4944d4186e3d47024f734/public/assets/Vectors_5-0f46468181a063a14a270954331b0edce450aef56ef2061bd483892700e9d3e1.png
remote:        I, [2016-10-10T23:18:03.800897 #1055]  INFO -- : Writing /tmp/build_6dc037fe67d4944d4186e3d47024f734/public/assets/Vectors_5_2-e79846358e65e0634043f1b03642dd9407296d5aaa3191258dc4263136039210.png
remote:        I, [2016-10-10T23:18:03.802964 #1055]  INFO -- : Writing /tmp/build_6dc037fe67d4944d4186e3d47024f734/public/assets/Vectors_6-77f1c66b2fd6458337d888c36afb81d6afaad396f0e1e87f5f80273b73a1ba70.png
remote:        I, [2016-10-10T23:18:03.805097 #1055]  INFO -- : Writing /tmp/build_6dc037fe67d4944d4186e3d47024f734/public/assets/Vectors_6_2-6431c5f2bcbd68b7782b534eb0d46cef6489e5913fa865d752998aa0bdf462a7.png
remote:        I, [2016-10-10T23:18:03.807099 #1055]  INFO -- : Writing /tmp/build_6dc037fe67d4944d4186e3d47024f734/public/assets/Vectors_7-109e99b45278c927eaae765d9a4e5913af6495226a78d857d31031bc8b72f0b7.png
remote:        I, [2016-10-10T23:18:03.809127 #1055]  INFO -- : Writing /tmp/build_6dc037fe67d4944d4186e3d47024f734/public/assets/Wearable_Logo-65098b9cdd7bd8773b6f10aa5a8beef242b38cdc5a7e9afa131b0f8ee9e4f2e0.png
remote:        I, [2016-10-10T23:18:06.323632 #1055]  INFO -- : Writing /tmp/build_6dc037fe67d4944d4186e3d47024f734/public/assets/application-fadb135c9fa494c4ec68ef788d36da6359d8d85d7b8896ab6914f6722d9428d6.js
remote:        I, [2016-10-10T23:18:06.323836 #1055]  INFO -- : Writing /tmp/build_6dc037fe67d4944d4186e3d47024f734/public/assets/application-fadb135c9fa494c4ec68ef788d36da6359d8d85d7b8896ab6914f6722d9428d6.js.gz
remote:        I, [2016-10-10T23:18:06.369406 #1055]  INFO -- : Writing /tmp/build_6dc037fe67d4944d4186e3d47024f734/public/assets/application-442bf581e559ee2c78b4e0d2146e0ac4a775576c7b19d04ec8229656e6d2194a.css
remote:        I, [2016-10-10T23:18:06.369551 #1055]  INFO -- : Writing /tmp/build_6dc037fe67d4944d4186e3d47024f734/public/assets/application-442bf581e559ee2c78b4e0d2146e0ac4a775576c7b19d04ec8229656e6d2194a.css.gz
remote:        Asset precompilation completed (4.51s)
remote:        Cleaning assets
remote:        Running: rake assets:clean
remote: 
remote: ###### WARNING:
remote:        You have not declared a Ruby version in your Gemfile.
remote:        To set your Ruby version add this line to your Gemfile:
remote:        ruby '2.2.4'
remote:        # See https://devcenter.heroku.com/articles/ruby-versions for more information.
remote: 
remote: ###### WARNING:
remote:        No Procfile detected, using the default web server.
remote:        We recommend explicitly declaring how to boot your server process via a Procfile.
remote:        https://devcenter.heroku.com/articles/ruby-default-web-server
remote: 
remote: -----> Discovering process types
remote:        Procfile declares types     -> (none)
remote:        Default types for buildpack -> console, rake, web, worker
remote: 
remote: -----> Compressing...
remote:        Done: 69.3M
remote: -----> Launching...
remote:        Released v5
remote:        https://arcane-anchorage-48642.herokuapp.com/ deployed to Heroku
remote: 
remote: Verifying deploy... done.
To https://git.heroku.com/arcane-anchorage-48642.git
 * [new branch]      master -> master
Melanies-MacBook-Pro:wearable melanieblazevic$ heroku run rake db:migrate
Running rake db:migrate on ⬢ arcane-anchorage-48642... up, run.7965 (Free)
D, [2016-10-10T23:19:04.486787 #3] DEBUG -- :    (11.3ms)  CREATE TABLE "schema_migrations" ("version" character varying PRIMARY KEY)
D, [2016-10-10T23:19:04.500151 #3] DEBUG -- :    (8.1ms)  CREATE TABLE "ar_internal_metadata" ("key" character varying PRIMARY KEY, "value" character varying, "created_at" timestamp NOT NULL, "updated_at" timestamp NOT NULL)
D, [2016-10-10T23:19:04.502946 #3] DEBUG -- :    (1.2ms)  SELECT pg_try_advisory_lock(5261495965548500475);
D, [2016-10-10T23:19:04.516155 #3] DEBUG -- :   ActiveRecord::SchemaMigration Load (1.4ms)  SELECT "schema_migrations".* FROM "schema_migrations"
I, [2016-10-10T23:19:04.524068 #3]  INFO -- : Migrating to CreatePosts (20160906210839)
D, [2016-10-10T23:19:04.527041 #3] DEBUG -- :    (1.0ms)  BEGIN
== 20160906210839 CreatePosts: migrating ======================================
-- create_table(:posts)
D, [2016-10-10T23:19:04.546016 #3] DEBUG -- :    (17.3ms)  CREATE TABLE "posts" ("id" serial primary key, "title" character varying, "description" character varying, "created_at" timestamp NOT NULL, "updated_at" timestamp NOT NULL)
   -> 0.0188s
== 20160906210839 CreatePosts: migrated (0.0190s) =============================

D, [2016-10-10T23:19:04.554699 #3] DEBUG -- :   SQL (1.3ms)  INSERT INTO "schema_migrations" ("version") VALUES ($1) RETURNING "version"  [["version", "20160906210839"]]
D, [2016-10-10T23:19:04.558076 #3] DEBUG -- :    (3.0ms)  COMMIT
I, [2016-10-10T23:19:04.558201 #3]  INFO -- : Migrating to AddDeviseToUsers (20160914012041)
D, [2016-10-10T23:19:04.559814 #3] DEBUG -- :    (1.0ms)  BEGIN
== 20160914012041 AddDeviseToUsers: migrating =================================
-- create_table(:users)
D, [2016-10-10T23:19:04.572179 #3] DEBUG -- :    (8.0ms)  CREATE TABLE "users" ("id" serial primary key, "email" character varying DEFAULT '' NOT NULL, "encrypted_password" character varying DEFAULT '' NOT NULL, "reset_password_token" character varying, "reset_password_sent_at" timestamp, "remember_created_at" timestamp, "sign_in_count" integer DEFAULT 0 NOT NULL, "current_sign_in_at" timestamp, "last_sign_in_at" timestamp, "current_sign_in_ip" character varying, "last_sign_in_ip" character varying, "name" character varying)
   -> 0.0122s
-- add_index(:users, :email, {:unique=>true})
D, [2016-10-10T23:19:04.579617 #3] DEBUG -- :    (3.7ms)  CREATE UNIQUE INDEX  "index_users_on_email" ON "users"  ("email")
   -> 0.0074s
-- add_index(:users, :reset_password_token, {:unique=>true})
D, [2016-10-10T23:19:04.586154 #3] DEBUG -- :    (3.4ms)  CREATE UNIQUE INDEX  "index_users_on_reset_password_token" ON "users"  ("reset_password_token")
   -> 0.0065s
== 20160914012041 AddDeviseToUsers: migrated (0.0263s) ========================

D, [2016-10-10T23:19:04.588351 #3] DEBUG -- :   SQL (1.0ms)  INSERT INTO "schema_migrations" ("version") VALUES ($1) RETURNING "version"  [["version", "20160914012041"]]
D, [2016-10-10T23:19:04.591096 #3] DEBUG -- :    (2.6ms)  COMMIT
I, [2016-10-10T23:19:04.591175 #3]  INFO -- : Migrating to AddUserIdToPosts (20160928000116)
D, [2016-10-10T23:19:04.592513 #3] DEBUG -- :    (1.0ms)  BEGIN
== 20160928000116 AddUserIdToPosts: migrating =================================
-- add_reference(:posts, :user, {:foreign_key=>true})
D, [2016-10-10T23:19:04.594090 #3] DEBUG -- :    (1.2ms)  ALTER TABLE "posts" ADD "user_id" integer
D, [2016-10-10T23:19:04.600718 #3] DEBUG -- :    (3.6ms)  CREATE  INDEX  "index_posts_on_user_id" ON "posts"  ("user_id")
D, [2016-10-10T23:19:04.603515 #3] DEBUG -- :    (2.4ms)  ALTER TABLE "posts" ADD CONSTRAINT "fk_rails_5b5ddfd518"
FOREIGN KEY ("user_id")
  REFERENCES "users" ("id")

   -> 0.0109s
== 20160928000116 AddUserIdToPosts: migrated (0.0110s) ========================

D, [2016-10-10T23:19:04.605325 #3] DEBUG -- :   SQL (1.1ms)  INSERT INTO "schema_migrations" ("version") VALUES ($1) RETURNING "version"  [["version", "20160928000116"]]
D, [2016-10-10T23:19:04.607685 #3] DEBUG -- :    (2.2ms)  COMMIT
I, [2016-10-10T23:19:04.607762 #3]  INFO -- : Migrating to CreateComments (20160929235133)
D, [2016-10-10T23:19:04.609156 #3] DEBUG -- :    (1.0ms)  BEGIN
== 20160929235133 CreateComments: migrating ===================================
-- create_table(:comments, {})
D, [2016-10-10T23:19:04.619723 #3] DEBUG -- :    (7.7ms)  CREATE TABLE "comments" ("id" serial primary key, "title" character varying(50) DEFAULT '', "comment" text, "commentable_type" character varying, "commentable_id" integer, "user_id" integer, "role" character varying DEFAULT 'comments', "created_at" timestamp, "updated_at" timestamp)
   -> 0.0103s
-- add_index(:comments, :commentable_type)
D, [2016-10-10T23:19:04.626702 #3] DEBUG -- :    (3.6ms)  CREATE  INDEX  "index_comments_on_commentable_type" ON "comments"  ("commentable_type")
   -> 0.0069s
-- add_index(:comments, :commentable_id)
D, [2016-10-10T23:19:04.640922 #3] DEBUG -- :    (10.9ms)  CREATE  INDEX  "index_comments_on_commentable_id" ON "comments"  ("commentable_id")
   -> 0.0142s
-- add_index(:comments, :user_id)
D, [2016-10-10T23:19:04.653789 #3] DEBUG -- :    (9.7ms)  CREATE  INDEX  "index_comments_on_user_id" ON "comments"  ("user_id")
   -> 0.0128s
== 20160929235133 CreateComments: migrated (0.0445s) ==========================

D, [2016-10-10T23:19:04.655630 #3] DEBUG -- :   SQL (1.1ms)  INSERT INTO "schema_migrations" ("version") VALUES ($1) RETURNING "version"  [["version", "20160929235133"]]
D, [2016-10-10T23:19:04.658655 #3] DEBUG -- :    (2.8ms)  COMMIT
I, [2016-10-10T23:19:04.658748 #3]  INFO -- : Migrating to AddPostRefToComments (20161001213401)
D, [2016-10-10T23:19:04.660134 #3] DEBUG -- :    (1.0ms)  BEGIN
== 20161001213401 AddPostRefToComments: migrating =============================
-- add_reference(:comments, :post, {:foreign_key=>true})
D, [2016-10-10T23:19:04.661722 #3] DEBUG -- :    (1.2ms)  ALTER TABLE "comments" ADD "post_id" integer
D, [2016-10-10T23:19:04.669055 #3] DEBUG -- :    (4.1ms)  CREATE  INDEX  "index_comments_on_post_id" ON "comments"  ("post_id")
D, [2016-10-10T23:19:04.671377 #3] DEBUG -- :    (2.0ms)  ALTER TABLE "comments" ADD CONSTRAINT "fk_rails_2fd19c0db7"
FOREIGN KEY ("post_id")
  REFERENCES "posts" ("id")

   -> 0.0111s
== 20161001213401 AddPostRefToComments: migrated (0.0112s) ====================

D, [2016-10-10T23:19:04.672993 #3] DEBUG -- :   SQL (1.0ms)  INSERT INTO "schema_migrations" ("version") VALUES ($1) RETURNING "version"  [["version", "20161001213401"]]
D, [2016-10-10T23:19:04.675765 #3] DEBUG -- :    (2.6ms)  COMMIT
D, [2016-10-10T23:19:04.682704 #3] DEBUG -- :   ActiveRecord::InternalMetadata Load (1.1ms)  SELECT  "ar_internal_metadata".* FROM "ar_internal_metadata" WHERE "ar_internal_metadata"."key" = $1 LIMIT $2  [["key", :environment], ["LIMIT", 1]]
D, [2016-10-10T23:19:04.688557 #3] DEBUG -- :    (1.0ms)  BEGIN
D, [2016-10-10T23:19:04.690690 #3] DEBUG -- :   SQL (1.2ms)  INSERT INTO "ar_internal_metadata" ("key", "value", "created_at", "updated_at") VALUES ($1, $2, $3, $4) RETURNING "key"  [["key", "environment"], ["value", "production"], ["created_at", 2016-10-10 23:19:04 UTC], ["updated_at", 2016-10-10 23:19:04 UTC]]
D, [2016-10-10T23:19:04.692794 #3] DEBUG -- :    (1.9ms)  COMMIT
D, [2016-10-10T23:19:04.694040 #3] DEBUG -- :    (1.1ms)  SELECT pg_advisory_unlock(5261495965548500475)
Melanies-MacBook-Pro:wearable melanieblazevic$ heroku run
 ▸    Usage: heroku run COMMAND
 ▸    
 ▸    Example: heroku run bash
Melanies-MacBook-Pro:wearable melanieblazevic$ heroku logs -t
2016-10-10T23:18:27.441973+00:00 app[web.1]: 	from /app/vendor/bundle/ruby/2.2.0/gems/rack-2.0.1/lib/rack/server.rb:218:in `app'
2016-10-10T23:18:27.441974+00:00 app[web.1]: 	from /app/vendor/bundle/ruby/2.2.0/gems/railties-5.0.0.1/lib/rails/commands/server.rb:59:in `app'
2016-10-10T23:18:27.441976+00:00 app[web.1]: 	from /app/vendor/bundle/ruby/2.2.0/gems/rack-2.0.1/lib/rack/server.rb:353:in `wrapped_app'
2016-10-10T23:18:27.441978+00:00 app[web.1]: 	from /app/vendor/bundle/ruby/2.2.0/gems/rack-2.0.1/lib/rack/server.rb:282:in `start'
2016-10-10T23:18:27.442018+00:00 app[web.1]: 	from /app/vendor/bundle/ruby/2.2.0/gems/railties-5.0.0.1/lib/rails/commands/server.rb:79:in `start'
2016-10-10T23:18:27.442018+00:00 app[web.1]: 	from /app/vendor/bundle/ruby/2.2.0/gems/railties-5.0.0.1/lib/rails/commands/commands_tasks.rb:90:in `block in server'
2016-10-10T23:18:27.442020+00:00 app[web.1]: 	from /app/vendor/bundle/ruby/2.2.0/gems/railties-5.0.0.1/lib/rails/commands/commands_tasks.rb:85:in `tap'
2016-10-10T23:18:27.442021+00:00 app[web.1]: 	from /app/vendor/bundle/ruby/2.2.0/gems/railties-5.0.0.1/lib/rails/commands/commands_tasks.rb:85:in `server'
2016-10-10T23:18:27.442035+00:00 app[web.1]: 	from /app/vendor/bundle/ruby/2.2.0/gems/railties-5.0.0.1/lib/rails/commands/commands_tasks.rb:49:in `run_command!'
2016-10-10T23:18:27.442036+00:00 app[web.1]: 	from /app/vendor/bundle/ruby/2.2.0/gems/railties-5.0.0.1/lib/rails/commands.rb:18:in `<top (required)>'
2016-10-10T23:18:27.442038+00:00 app[web.1]: 	from bin/rails:9:in `require'
2016-10-10T23:18:27.442039+00:00 app[web.1]: 	from bin/rails:9:in `<main>'
2016-10-10T23:18:27.592274+00:00 heroku[web.1]: State changed from starting to crashed
2016-10-10T23:18:27.593345+00:00 heroku[web.1]: State changed from crashed to starting
2016-10-10T23:18:27.583769+00:00 heroku[web.1]: Process exited with status 1
2016-10-10T23:18:31.295161+00:00 heroku[web.1]: Starting process with command `bin/rails server -p 11211 -e production`
2016-10-10T23:18:34.302681+00:00 app[web.1]: => Booting Puma
2016-10-10T23:18:34.302723+00:00 app[web.1]: => Rails 5.0.0.1 application starting in production on http://0.0.0.0:11211
2016-10-10T23:18:34.302724+00:00 app[web.1]: => Run `rails server -h` for more startup options
2016-10-10T23:18:35.103899+00:00 heroku[web.1]: Process exited with status 1
2016-10-10T23:18:35.006182+00:00 app[web.1]: Exiting
2016-10-10T23:18:35.006230+00:00 app[web.1]: /app/vendor/bundle/ruby/2.2.0/gems/activesupport-5.0.0.1/lib/active_support/dependencies.rb:293:in `require': /app/app/controllers/users_controller.rb:7: syntax error, unexpected tLABEL (SyntaxError)
2016-10-10T23:18:35.006249+00:00 app[web.1]: 		@user = User.new, notice: "Thank you for registering!"
2016-10-10T23:18:35.006252+00:00 app[web.1]: /app/app/controllers/users_controller.rb:16: syntax error, unexpected tLABEL
2016-10-10T23:18:35.006252+00:00 app[web.1]: 		@user = User.new, notice: "Thank you for registering!"
2016-10-10T23:18:35.006253+00:00 app[web.1]: 		                         ^
2016-10-10T23:18:35.006250+00:00 app[web.1]: 		                         ^
2016-10-10T23:18:35.006255+00:00 app[web.1]: 	from /app/vendor/bundle/ruby/2.2.0/gems/activesupport-5.0.0.1/lib/active_support/dependencies.rb:293:in `block in require'
2016-10-10T23:18:35.006258+00:00 app[web.1]: 	from /app/vendor/bundle/ruby/2.2.0/gems/activesupport-5.0.0.1/lib/active_support/dependencies.rb:259:in `load_dependency'
2016-10-10T23:18:35.006259+00:00 app[web.1]: 	from /app/vendor/bundle/ruby/2.2.0/gems/activesupport-5.0.0.1/lib/active_support/dependencies.rb:293:in `require'
2016-10-10T23:18:35.006260+00:00 app[web.1]: 	from /app/vendor/bundle/ruby/2.2.0/gems/activesupport-5.0.0.1/lib/active_support/dependencies.rb:380:in `block in require_or_load'
2016-10-10T23:18:35.006261+00:00 app[web.1]: 	from /app/vendor/bundle/ruby/2.2.0/gems/activesupport-5.0.0.1/lib/active_support/dependencies/interlock.rb:12:in `block in loading'
2016-10-10T23:18:35.006261+00:00 app[web.1]: 	from /app/vendor/bundle/ruby/2.2.0/gems/activesupport-5.0.0.1/lib/active_support/dependencies.rb:37:in `block in load_interlock'
2016-10-10T23:18:35.006262+00:00 app[web.1]: 	from /app/vendor/bundle/ruby/2.2.0/gems/activesupport-5.0.0.1/lib/active_support/concurrency/share_lock.rb:117:in `exclusive'
2016-10-10T23:18:35.006263+00:00 app[web.1]: 	from /app/vendor/bundle/ruby/2.2.0/gems/activesupport-5.0.0.1/lib/active_support/dependencies/interlock.rb:11:in `loading'
2016-10-10T23:18:35.006264+00:00 app[web.1]: 	from /app/vendor/bundle/ruby/2.2.0/gems/activesupport-5.0.0.1/lib/active_support/dependencies.rb:358:in `require_or_load'
2016-10-10T23:18:35.006264+00:00 app[web.1]: 	from /app/vendor/bundle/ruby/2.2.0/gems/activesupport-5.0.0.1/lib/active_support/dependencies.rb:37:in `load_interlock'
2016-10-10T23:18:35.006265+00:00 app[web.1]: 	from /app/vendor/bundle/ruby/2.2.0/gems/activesupport-5.0.0.1/lib/active_support/dependencies.rb:336:in `depend_on'
2016-10-10T23:18:35.006266+00:00 app[web.1]: 	from /app/vendor/bundle/ruby/2.2.0/gems/activesupport-5.0.0.1/lib/active_support/dependencies.rb:252:in `require_dependency'
2016-10-10T23:18:35.006266+00:00 app[web.1]: 	from /app/vendor/bundle/ruby/2.2.0/gems/railties-5.0.0.1/lib/rails/engine.rb:476:in `block (2 levels) in eager_load!'
2016-10-10T23:18:35.006269+00:00 app[web.1]: 	from /app/vendor/bundle/ruby/2.2.0/gems/railties-5.0.0.1/lib/rails/engine.rb:475:in `block in eager_load!'
2016-10-10T23:18:35.006267+00:00 app[web.1]: 	from /app/vendor/bundle/ruby/2.2.0/gems/railties-5.0.0.1/lib/rails/engine.rb:475:in `each'
2016-10-10T23:18:35.006271+00:00 app[web.1]: 	from /app/vendor/bundle/ruby/2.2.0/gems/railties-5.0.0.1/lib/rails/engine.rb:354:in `eager_load!'
2016-10-10T23:18:35.006270+00:00 app[web.1]: 	from /app/vendor/bundle/ruby/2.2.0/gems/railties-5.0.0.1/lib/rails/engine.rb:473:in `each'
2016-10-10T23:18:35.006270+00:00 app[web.1]: 	from /app/vendor/bundle/ruby/2.2.0/gems/railties-5.0.0.1/lib/rails/engine.rb:473:in `eager_load!'
2016-10-10T23:18:35.006272+00:00 app[web.1]: 	from /app/vendor/bundle/ruby/2.2.0/gems/railties-5.0.0.1/lib/rails/application/finisher.rb:59:in `each'
2016-10-10T23:18:35.006274+00:00 app[web.1]: 	from /app/vendor/bundle/ruby/2.2.0/gems/railties-5.0.0.1/lib/rails/application/finisher.rb:59:in `block in <module:Finisher>'
2016-10-10T23:18:35.006275+00:00 app[web.1]: 	from /app/vendor/bundle/ruby/2.2.0/gems/railties-5.0.0.1/lib/rails/initializable.rb:30:in `instance_exec'
2016-10-10T23:18:35.006276+00:00 app[web.1]: 	from /app/vendor/bundle/ruby/2.2.0/gems/railties-5.0.0.1/lib/rails/initializable.rb:55:in `block in run_initializers'
2016-10-10T23:18:35.006275+00:00 app[web.1]: 	from /app/vendor/bundle/ruby/2.2.0/gems/railties-5.0.0.1/lib/rails/initializable.rb:30:in `run'
2016-10-10T23:18:35.006277+00:00 app[web.1]: 	from /app/vendor/ruby-2.2.4/lib/ruby/2.2.0/tsort.rb:226:in `block in tsort_each'
2016-10-10T23:18:35.006277+00:00 app[web.1]: 	from /app/vendor/ruby-2.2.4/lib/ruby/2.2.0/tsort.rb:348:in `block (2 levels) in each_strongly_connected_component'
2016-10-10T23:18:35.006278+00:00 app[web.1]: 	from /app/vendor/ruby-2.2.4/lib/ruby/2.2.0/tsort.rb:429:in `each_strongly_connected_component_from'
2016-10-10T23:18:35.006279+00:00 app[web.1]: 	from /app/vendor/ruby-2.2.4/lib/ruby/2.2.0/tsort.rb:347:in `block in each_strongly_connected_component'
2016-10-10T23:18:35.006279+00:00 app[web.1]: 	from /app/vendor/ruby-2.2.4/lib/ruby/2.2.0/tsort.rb:345:in `each'
2016-10-10T23:18:35.006280+00:00 app[web.1]: 	from /app/vendor/ruby-2.2.4/lib/ruby/2.2.0/tsort.rb:345:in `call'
2016-10-10T23:18:35.006280+00:00 app[web.1]: 	from /app/vendor/ruby-2.2.4/lib/ruby/2.2.0/tsort.rb:345:in `each_strongly_connected_component'
2016-10-10T23:18:35.006281+00:00 app[web.1]: 	from /app/vendor/ruby-2.2.4/lib/ruby/2.2.0/tsort.rb:224:in `tsort_each'
2016-10-10T23:18:35.006282+00:00 app[web.1]: 	from /app/vendor/ruby-2.2.4/lib/ruby/2.2.0/tsort.rb:203:in `tsort_each'
2016-10-10T23:18:35.006282+00:00 app[web.1]: 	from /app/vendor/bundle/ruby/2.2.0/gems/railties-5.0.0.1/lib/rails/initializable.rb:54:in `run_initializers'
2016-10-10T23:18:35.006283+00:00 app[web.1]: 	from /app/vendor/bundle/ruby/2.2.0/gems/railties-5.0.0.1/lib/rails/application.rb:352:in `initialize!'
2016-10-10T23:18:35.006285+00:00 app[web.1]: 	from /app/config/environment.rb:5:in `<top (required)>'
2016-10-10T23:18:35.006286+00:00 app[web.1]: 	from /app/config.ru:3:in `require_relative'
2016-10-10T23:18:35.006287+00:00 app[web.1]: 	from /app/config.ru:3:in `block in <main>'
2016-10-10T23:18:35.006287+00:00 app[web.1]: 	from /app/vendor/bundle/ruby/2.2.0/gems/rack-2.0.1/lib/rack/builder.rb:55:in `instance_eval'
2016-10-10T23:18:35.006288+00:00 app[web.1]: 	from /app/vendor/bundle/ruby/2.2.0/gems/rack-2.0.1/lib/rack/builder.rb:55:in `initialize'
2016-10-10T23:18:35.006289+00:00 app[web.1]: 	from /app/config.ru:in `new'
2016-10-10T23:18:35.006290+00:00 app[web.1]: 	from /app/config.ru:in `<main>'
2016-10-10T23:18:35.006290+00:00 app[web.1]: 	from /app/vendor/bundle/ruby/2.2.0/gems/rack-2.0.1/lib/rack/builder.rb:49:in `eval'
2016-10-10T23:18:35.006291+00:00 app[web.1]: 	from /app/vendor/bundle/ruby/2.2.0/gems/rack-2.0.1/lib/rack/builder.rb:49:in `new_from_string'
2016-10-10T23:18:35.006293+00:00 app[web.1]: 	from /app/vendor/bundle/ruby/2.2.0/gems/rack-2.0.1/lib/rack/builder.rb:40:in `parse_file'
2016-10-10T23:18:35.006294+00:00 app[web.1]: 	from /app/vendor/bundle/ruby/2.2.0/gems/rack-2.0.1/lib/rack/server.rb:318:in `build_app_and_options_from_config'
2016-10-10T23:18:35.006295+00:00 app[web.1]: 	from /app/vendor/bundle/ruby/2.2.0/gems/rack-2.0.1/lib/rack/server.rb:218:in `app'
2016-10-10T23:18:35.006295+00:00 app[web.1]: 	from /app/vendor/bundle/ruby/2.2.0/gems/railties-5.0.0.1/lib/rails/commands/server.rb:59:in `app'
2016-10-10T23:18:35.006296+00:00 app[web.1]: 	from /app/vendor/bundle/ruby/2.2.0/gems/rack-2.0.1/lib/rack/server.rb:353:in `wrapped_app'
2016-10-10T23:18:35.006297+00:00 app[web.1]: 	from /app/vendor/bundle/ruby/2.2.0/gems/rack-2.0.1/lib/rack/server.rb:282:in `start'
2016-10-10T23:18:35.006297+00:00 app[web.1]: 	from /app/vendor/bundle/ruby/2.2.0/gems/railties-5.0.0.1/lib/rails/commands/server.rb:79:in `start'
2016-10-10T23:18:35.006300+00:00 app[web.1]: 	from /app/vendor/bundle/ruby/2.2.0/gems/railties-5.0.0.1/lib/rails/commands/commands_tasks.rb:90:in `block in server'
2016-10-10T23:18:35.006300+00:00 app[web.1]: 	from /app/vendor/bundle/ruby/2.2.0/gems/railties-5.0.0.1/lib/rails/commands/commands_tasks.rb:85:in `tap'
2016-10-10T23:18:35.006301+00:00 app[web.1]: 	from /app/vendor/bundle/ruby/2.2.0/gems/railties-5.0.0.1/lib/rails/commands/commands_tasks.rb:85:in `server'
2016-10-10T23:18:35.006302+00:00 app[web.1]: 	from /app/vendor/bundle/ruby/2.2.0/gems/railties-5.0.0.1/lib/rails/commands/commands_tasks.rb:49:in `run_command!'
2016-10-10T23:18:35.006302+00:00 app[web.1]: 	from /app/vendor/bundle/ruby/2.2.0/gems/railties-5.0.0.1/lib/rails/commands.rb:18:in `<top (required)>'
2016-10-10T23:18:35.006303+00:00 app[web.1]: 	from bin/rails:9:in `require'
2016-10-10T23:18:35.006305+00:00 app[web.1]: 	from bin/rails:9:in `<main>'
2016-10-10T23:18:35.116048+00:00 heroku[web.1]: State changed from starting to crashed
2016-10-10T23:18:55.798847+00:00 heroku[api]: Starting process with command `bundle exec rake db:migrate` by melanieblazevic@icloud.com
2016-10-10T23:19:00.351705+00:00 heroku[run.7965]: Awaiting client
2016-10-10T23:19:00.377709+00:00 heroku[run.7965]: Starting process with command `bundle exec rake db:migrate`
2016-10-10T23:19:00.771537+00:00 heroku[run.7965]: State changed from starting to up
2016-10-10T23:19:05.349237+00:00 heroku[run.7965]: Process exited with status 0
2016-10-10T23:19:05.394853+00:00 heroku[run.7965]: State changed from up to complete
2016-10-10T23:21:30.716244+00:00 heroku[router]: at=error code=H10 desc="App crashed" method=GET path="/" host=arcane-anchorage-48642.herokuapp.com request_id=d58e0d18-d2d7-47fc-bde8-a801177c8bd5 fwd="104.219.179.22" dyno= connect= service= status=503 bytes=
2016-10-10T23:21:31.092153+00:00 heroku[router]: at=error code=H10 desc="App crashed" method=GET path="/favicon.ico" host=arcane-anchorage-48642.herokuapp.com request_id=e41690bb-de01-4c3d-b3f5-84bb1e1bad6f fwd="104.219.179.22" dyno= connect= service= status=503 bytes=
2016-10-10T23:21:39.905907+00:00 heroku[router]: at=error code=H10 desc="App crashed" method=GET path="/" host=arcane-anchorage-48642.herokuapp.com request_id=6cc97a6a-ba30-4902-9149-6a706733cac4 fwd="104.219.179.22" dyno= connect= service= status=503 bytes=
2016-10-10T23:21:40.032544+00:00 heroku[router]: at=error code=H10 desc="App crashed" method=GET path="/favicon.ico" host=arcane-anchorage-48642.herokuapp.com request_id=dff428a1-a402-45ae-aa6e-0d7e65b75fce fwd="104.219.179.22" dyno= connect= service= status=503 bytes=
2016-10-10T23:22:20.136190+00:00 heroku[router]: at=error code=H10 desc="App crashed" method=GET path="/" host=arcane-anchorage-48642.herokuapp.com request_id=f8f7adf3-ced0-447e-93cf-2443ae1d429e fwd="104.219.179.22" dyno= connect= service= status=503 bytes=
2016-10-10T23:22:20.282141+00:00 heroku[router]: at=error code=H10 desc="App crashed" method=GET path="/favicon.ico" host=arcane-anchorage-48642.herokuapp.com request_id=908de228-9079-4197-bccc-dad8fcca25ac fwd="104.219.179.22" dyno= connect= service= status=503 bytes=
2016-10-10T23:22:35.925328+00:00 heroku[router]: at=error code=H10 desc="App crashed" method=GET path="/" host=arcane-anchorage-48642.herokuapp.com request_id=f984b1df-c6ac-44c4-aa89-0335350b3f11 fwd="104.219.179.22" dyno= connect= service= status=503 bytes=
2016-10-10T23:22:36.034611+00:00 heroku[router]: at=error code=H10 desc="App crashed" method=GET path="/favicon.ico" host=arcane-anchorage-48642.herokuapp.com request_id=5618b9b4-42b9-4aa1-b4c4-23269dae4457 fwd="104.219.179.22" dyno= connect= service= status=503 bytes=
2016-10-10T23:22:59.026341+00:00 heroku[router]: at=error code=H10 desc="App crashed" method=GET path="/" host=arcane-anchorage-48642.herokuapp.com request_id=19f70203-c0ed-4698-ab24-2461f972f67c fwd="104.219.179.22" dyno= connect= service= status=503 bytes=
2016-10-10T23:22:59.172978+00:00 heroku[router]: at=error code=H10 desc="App crashed" method=GET path="/favicon.ico" host=arcane-anchorage-48642.herokuapp.com request_id=a9e12b4f-1338-4170-a90e-c1f7f3890adc fwd="104.219.179.22" dyno= connect= service= status=503 bytes=
2016-10-10T23:24:00.859016+00:00 heroku[router]: at=error code=H10 desc="App crashed" method=GET path="/" host=arcane-anchorage-48642.herokuapp.com request_id=f3ddf419-033c-4156-8ea8-4ed8acd2a066 fwd="104.219.179.22" dyno= connect= service= status=503 bytes=
2016-10-10T23:24:00.951017+00:00 heroku[router]: at=error code=H10 desc="App crashed" method=GET path="/favicon.ico" host=arcane-anchorage-48642.herokuapp.com request_id=ef55a8c4-0273-47bc-bbe5-063bf6115766 fwd="104.219.179.22" dyno= connect= service= status=503 bytes=
2016-10-10T23:24:08.048730+00:00 heroku[router]: at=error code=H10 desc="App crashed" method=GET path="/" host=arcane-anchorage-48642.herokuapp.com request_id=a61f5d3d-774e-4459-97f5-8cea9f76981f fwd="104.219.179.22" dyno= connect= service= status=503 bytes=
2016-10-10T23:24:08.224804+00:00 heroku[router]: at=error code=H10 desc="App crashed" method=GET path="/favicon.ico" host=arcane-anchorage-48642.herokuapp.com request_id=97909a68-29b0-4ec9-be82-b36a0bcfc298 fwd="104.219.179.22" dyno= connect= service= status=503 bytes=
^[[A^[[A^[[A
^CMelanies-MacBook-Pro:wearable melanieblazevic$ git add .
Melanies-MacBook-Pro:wearable melanieblazevic$ git commit -m "Fixed syntax error"
[master 8d996b4] Fixed syntax error
 1 file changed, 2 insertions(+), 2 deletions(-)
Melanies-MacBook-Pro:wearable melanieblazevic$ git push
Counting objects: 5, done.
Delta compression using up to 8 threads.
Compressing objects: 100% (5/5), done.
Writing objects: 100% (5/5), 425 bytes | 0 bytes/s, done.
Total 5 (delta 4), reused 0 (delta 0)
remote: Resolving deltas: 100% (4/4), completed with 4 local objects.
To https://github.com/melaniemagdalene/Wearable.git
   10b3f0b..8d996b4  master -> master
Melanies-MacBook-Pro:wearable melanieblazevic$ git push heroku master
Counting objects: 5, done.
Delta compression using up to 8 threads.
Compressing objects: 100% (5/5), done.
Writing objects: 100% (5/5), 425 bytes | 0 bytes/s, done.
Total 5 (delta 4), reused 0 (delta 0)
remote: Compressing source files... done.
remote: Building source:
remote: 
remote: -----> Ruby app detected
remote: -----> Compiling Ruby/Rails
remote: -----> Using Ruby version: ruby-2.2.4
remote: -----> Installing dependencies using bundler 1.11.2
remote:        Running: bundle install --without development:test --path vendor/bundle --binstubs vendor/bundle/bin -j4 --deployment
remote:        Warning: the running version of Bundler is older than the version that created the lockfile. We suggest you upgrade to the latest version of Bundler by running `gem install bundler`.
remote:        Using rake 11.2.2
remote:        Using i18n 0.7.0
remote:        Using concurrent-ruby 1.0.2
remote:        Using minitest 5.9.0
remote:        Using thread_safe 0.3.5
remote:        Using builder 3.2.2
remote:        Using erubis 2.7.0
remote:        Using mini_portile2 2.1.0
remote:        Using pkg-config 1.1.7
remote:        Using rack 2.0.1
remote:        Using nio4r 1.2.1
remote:        Using websocket-extensions 0.1.2
remote:        Using mime-types-data 3.2016.0521
remote:        Using arel 7.1.1
remote:        Using acts_as_commentable 4.0.2
remote:        Using bcrypt 3.1.11
remote:        Using coffee-script-source 1.10.0
remote:        Using execjs 2.7.0
remote:        Using method_source 0.8.2
remote:        Using thor 0.19.1
remote:        Using orm_adapter 0.5.0
remote:        Using multi_json 1.12.1
remote:        Using pg 0.18.4
remote:        Using puma 3.6.0
remote:        Using bundler 1.11.2
remote:        Using sass 3.4.22
remote:        Using tilt 2.0.5
remote:        Using turbolinks-source 5.0.0
remote:        Using tzinfo 1.2.2
remote:        Using nokogiri 1.6.8
remote:        Using websocket-driver 0.6.4
remote:        Using mime-types 3.1
remote:        Using rack-test 0.6.3
remote:        Using warden 1.2.6
remote:        Using sprockets 3.7.0
remote:        Using coffee-script 2.4.1
remote:        Using uglifier 3.0.2
remote:        Using turbolinks 5.0.1
remote:        Using activesupport 5.0.0.1
remote:        Using loofah 2.0.3
remote:        Using mail 2.6.4
remote:        Using rails-dom-testing 2.0.1
remote:        Using globalid 0.3.7
remote:        Using activemodel 5.0.0.1
remote:        Using jbuilder 2.6.0
remote:        Using pundit 1.1.0
remote:        Using rails-html-sanitizer 1.0.3
remote:        Using activejob 5.0.0.1
remote:        Using activerecord 5.0.0.1
remote:        Using actionview 5.0.0.1
remote:        Using actionpack 5.0.0.1
remote:        Using actioncable 5.0.0.1
remote:        Using actionmailer 5.0.0.1
remote:        Using railties 5.0.0.1
remote:        Using sprockets-rails 3.2.0
remote:        Using coffee-rails 4.2.1
remote:        Using responders 2.3.0
remote:        Using jquery-rails 4.2.1
remote:        Using rails 5.0.0.1
remote:        Using sass-rails 5.0.6
remote:        Using devise 4.2.0
remote:        Bundle complete! 20 Gemfile dependencies, 61 gems now installed.
remote:        Gems in the groups development and test were not installed.
remote:        Bundled gems are installed into ./vendor/bundle.
remote:        Bundle completed (0.42s)
remote:        Cleaning up the bundler cache.
remote:        Warning: the running version of Bundler is older than the version that created the lockfile. We suggest you upgrade to the latest version of Bundler by running `gem install bundler`.
remote: -----> Preparing app for Rails asset pipeline
remote:        Running: rake assets:precompile
remote:        Asset precompilation completed (1.91s)
remote:        Cleaning assets
remote:        Running: rake assets:clean
remote: 
remote: ###### WARNING:
remote:        You have not declared a Ruby version in your Gemfile.
remote:        To set your Ruby version add this line to your Gemfile:
remote:        ruby '2.2.4'
remote:        # See https://devcenter.heroku.com/articles/ruby-versions for more information.
remote: 
remote: ###### WARNING:
remote:        No Procfile detected, using the default web server.
remote:        We recommend explicitly declaring how to boot your server process via a Procfile.
remote:        https://devcenter.heroku.com/articles/ruby-default-web-server
remote: 
remote: -----> Discovering process types
remote:        Procfile declares types     -> (none)
remote:        Default types for buildpack -> console, rake, web, worker
remote: 
remote: -----> Compressing...
remote:        Done: 69.3M
remote: -----> Launching...
remote:        Released v6
remote:        https://arcane-anchorage-48642.herokuapp.com/ deployed to Heroku
remote: 
remote: Verifying deploy.... done.
To https://git.heroku.com/arcane-anchorage-48642.git
   10b3f0b..8d996b4  master -> master
Melanies-MacBook-Pro:wearable melanieblazevic$ git add .
Melanies-MacBook-Pro:wearable melanieblazevic$ git commit -m "Change in production"
[master 7c63866] Change in production
 1 file changed, 2 insertions(+), 1 deletion(-)
Melanies-MacBook-Pro:wearable melanieblazevic$ git push
Counting objects: 5, done.
Delta compression using up to 8 threads.
Compressing objects: 100% (5/5), done.
Writing objects: 100% (5/5), 535 bytes | 0 bytes/s, done.
Total 5 (delta 3), reused 0 (delta 0)
remote: Resolving deltas: 100% (3/3), completed with 3 local objects.
To https://github.com/melaniemagdalene/Wearable.git
   8d996b4..7c63866  master -> master
Melanies-MacBook-Pro:wearable melanieblazevic$ git push heroku master
Counting objects: 5, done.
Delta compression using up to 8 threads.
Compressing objects: 100% (5/5), done.
Writing objects: 100% (5/5), 535 bytes | 0 bytes/s, done.
Total 5 (delta 3), reused 0 (delta 0)
remote: Compressing source files... done.
remote: Building source:
remote: 
remote: -----> Ruby app detected
remote: -----> Compiling Ruby/Rails
remote: -----> Using Ruby version: ruby-2.2.4
remote: -----> Installing dependencies using bundler 1.11.2
remote:        Running: bundle install --without development:test --path vendor/bundle --binstubs vendor/bundle/bin -j4 --deployment
remote:        Warning: the running version of Bundler is older than the version that created the lockfile. We suggest you upgrade to the latest version of Bundler by running `gem install bundler`.
remote:        Using rake 11.2.2
remote:        Using concurrent-ruby 1.0.2
remote:        Using i18n 0.7.0
remote:        Using minitest 5.9.0
remote:        Using thread_safe 0.3.5
remote:        Using builder 3.2.2
remote:        Using erubis 2.7.0
remote:        Using mini_portile2 2.1.0
remote:        Using pkg-config 1.1.7
remote:        Using rack 2.0.1
remote:        Using nio4r 1.2.1
remote:        Using websocket-extensions 0.1.2
remote:        Using mime-types-data 3.2016.0521
remote:        Using arel 7.1.1
remote:        Using acts_as_commentable 4.0.2
remote:        Using bcrypt 3.1.11
remote:        Using coffee-script-source 1.10.0
remote:        Using execjs 2.7.0
remote:        Using method_source 0.8.2
remote:        Using thor 0.19.1
remote:        Using orm_adapter 0.5.0
remote:        Using multi_json 1.12.1
remote:        Using pg 0.18.4
remote:        Using puma 3.6.0
remote:        Using bundler 1.11.2
remote:        Using sass 3.4.22
remote:        Using tilt 2.0.5
remote:        Using turbolinks-source 5.0.0
remote:        Using tzinfo 1.2.2
remote:        Using nokogiri 1.6.8
remote:        Using rack-test 0.6.3
remote:        Using warden 1.2.6
remote:        Using sprockets 3.7.0
remote:        Using mime-types 3.1
remote:        Using websocket-driver 0.6.4
remote:        Using uglifier 3.0.2
remote:        Using coffee-script 2.4.1
remote:        Using turbolinks 5.0.1
remote:        Using activesupport 5.0.0.1
remote:        Using loofah 2.0.3
remote:        Using mail 2.6.4
remote:        Using rails-dom-testing 2.0.1
remote:        Using globalid 0.3.7
remote:        Using activemodel 5.0.0.1
remote:        Using jbuilder 2.6.0
remote:        Using pundit 1.1.0
remote:        Using rails-html-sanitizer 1.0.3
remote:        Using activejob 5.0.0.1
remote:        Using activerecord 5.0.0.1
remote:        Using actionview 5.0.0.1
remote:        Using actionpack 5.0.0.1
remote:        Using actioncable 5.0.0.1
remote:        Using actionmailer 5.0.0.1
remote:        Using railties 5.0.0.1
remote:        Using sprockets-rails 3.2.0
remote:        Using coffee-rails 4.2.1
remote:        Using responders 2.3.0
remote:        Using jquery-rails 4.2.1
remote:        Using rails 5.0.0.1
remote:        Using sass-rails 5.0.6
remote:        Using devise 4.2.0
remote:        Bundle complete! 20 Gemfile dependencies, 61 gems now installed.
remote:        Gems in the groups development and test were not installed.
remote:        Bundled gems are installed into ./vendor/bundle.
remote:        Bundle completed (0.41s)
remote:        Cleaning up the bundler cache.
remote:        Warning: the running version of Bundler is older than the version that created the lockfile. We suggest you upgrade to the latest version of Bundler by running `gem install bundler`.
remote: -----> Preparing app for Rails asset pipeline
remote:        Running: rake assets:precompile
remote:        Asset precompilation completed (1.93s)
remote:        Cleaning assets
remote:        Running: rake assets:clean
remote: 
remote: ###### WARNING:
remote:        You have not declared a Ruby version in your Gemfile.
remote:        To set your Ruby version add this line to your Gemfile:
remote:        ruby '2.2.4'
remote:        # See https://devcenter.heroku.com/articles/ruby-versions for more information.
remote: 
remote: ###### WARNING:
remote:        No Procfile detected, using the default web server.
remote:        We recommend explicitly declaring how to boot your server process via a Procfile.
remote:        https://devcenter.heroku.com/articles/ruby-default-web-server
remote: 
remote: -----> Discovering process types
remote:        Procfile declares types     -> (none)
remote:        Default types for buildpack -> console, rake, web, worker
remote: 
remote: -----> Compressing...
remote:        Done: 69.3M
remote: -----> Launching...
remote:        Released v7
remote:        https://arcane-anchorage-48642.herokuapp.com/ deployed to Heroku
remote: 
remote: Verifying deploy.... done.
To https://git.heroku.com/arcane-anchorage-48642.git
   8d996b4..7c63866  master -> master
Melanies-MacBook-Pro:wearable melanieblazevic$ heroku domains
 ▸    Couldn't find that app.
Melanies-MacBook-Pro:wearable melanieblazevic$ git add .
Melanies-MacBook-Pro:wearable melanieblazevic$ git commit -m "Fixed media query for mobile"
[master b1b8769] Fixed media query for mobile
 1 file changed, 1 insertion(+), 1 deletion(-)
Melanies-MacBook-Pro:wearable melanieblazevic$ git push
Counting objects: 6, done.
Delta compression using up to 8 threads.
Compressing objects: 100% (6/6), done.
Writing objects: 100% (6/6), 502 bytes | 0 bytes/s, done.
Total 6 (delta 5), reused 0 (delta 0)
remote: Resolving deltas: 100% (5/5), completed with 5 local objects.
To https://github.com/melaniemagdalene/Wearable.git
   7c63866..b1b8769  master -> master
Melanies-MacBook-Pro:wearable melanieblazevic$ git push heroku master
remote: !	No such app as arcane-anchorage-48642.
fatal: repository 'https://git.heroku.com/arcane-anchorage-48642.git/' not found
Melanies-MacBook-Pro:wearable melanieblazevic$ git remote rm heroku
Melanies-MacBook-Pro:wearable melanieblazevic$ git remote add heroku https://git.heroku.com/wearable.git
Melanies-MacBook-Pro:wearable melanieblazevic$ git push heroku master
Counting objects: 6, done.
Delta compression using up to 8 threads.
Compressing objects: 100% (6/6), done.
Writing objects: 100% (6/6), 502 bytes | 0 bytes/s, done.
Total 6 (delta 5), reused 0 (delta 0)
remote: Compressing source files... done.
remote: Building source:
remote: 
remote: -----> Ruby app detected
remote: -----> Compiling Ruby/Rails
remote: -----> Using Ruby version: ruby-2.2.4
remote: -----> Installing dependencies using bundler 1.11.2
remote:        Running: bundle install --without development:test --path vendor/bundle --binstubs vendor/bundle/bin -j4 --deployment
remote:        Warning: the running version of Bundler is older than the version that created the lockfile. We suggest you upgrade to the latest version of Bundler by running `gem install bundler`.
remote:        Using rake 11.2.2
remote:        Using concurrent-ruby 1.0.2
remote:        Using i18n 0.7.0
remote:        Using minitest 5.9.0
remote:        Using thread_safe 0.3.5
remote:        Using builder 3.2.2
remote:        Using erubis 2.7.0
remote:        Using mini_portile2 2.1.0
remote:        Using pkg-config 1.1.7
remote:        Using rack 2.0.1
remote:        Using nio4r 1.2.1
remote:        Using websocket-extensions 0.1.2
remote:        Using mime-types-data 3.2016.0521
remote:        Using arel 7.1.1
remote:        Using acts_as_commentable 4.0.2
remote:        Using bcrypt 3.1.11
remote:        Using coffee-script-source 1.10.0
remote:        Using execjs 2.7.0
remote:        Using method_source 0.8.2
remote:        Using thor 0.19.1
remote:        Using orm_adapter 0.5.0
remote:        Using multi_json 1.12.1
remote:        Using pg 0.18.4
remote:        Using puma 3.6.0
remote:        Using bundler 1.11.2
remote:        Using sass 3.4.22
remote:        Using tilt 2.0.5
remote:        Using turbolinks-source 5.0.0
remote:        Using tzinfo 1.2.2
remote:        Using nokogiri 1.6.8
remote:        Using websocket-driver 0.6.4
remote:        Using rack-test 0.6.3
remote:        Using warden 1.2.6
remote:        Using sprockets 3.7.0
remote:        Using mime-types 3.1
remote:        Using coffee-script 2.4.1
remote:        Using uglifier 3.0.2
remote:        Using turbolinks 5.0.1
remote:        Using loofah 2.0.3
remote:        Using activesupport 5.0.0.1
remote:        Using mail 2.6.4
remote:        Using rails-dom-testing 2.0.1
remote:        Using globalid 0.3.7
remote:        Using activemodel 5.0.0.1
remote:        Using jbuilder 2.6.0
remote:        Using pundit 1.1.0
remote:        Using rails-html-sanitizer 1.0.3
remote:        Using activerecord 5.0.0.1
remote:        Using activejob 5.0.0.1
remote:        Using actionview 5.0.0.1
remote:        Using actionpack 5.0.0.1
remote:        Using actioncable 5.0.0.1
remote:        Using actionmailer 5.0.0.1
remote:        Using railties 5.0.0.1
remote:        Using sprockets-rails 3.2.0
remote:        Using coffee-rails 4.2.1
remote:        Using responders 2.3.0
remote:        Using jquery-rails 4.2.1
remote:        Using rails 5.0.0.1
remote:        Using sass-rails 5.0.6
remote:        Using devise 4.2.0
remote:        Bundle complete! 20 Gemfile dependencies, 61 gems now installed.
remote:        Gems in the groups development and test were not installed.
remote:        Bundled gems are installed into ./vendor/bundle.
remote:        Bundle completed (0.40s)
remote:        Cleaning up the bundler cache.
remote:        Warning: the running version of Bundler is older than the version that created the lockfile. We suggest you upgrade to the latest version of Bundler by running `gem install bundler`.
remote: -----> Preparing app for Rails asset pipeline
remote:        Running: rake assets:precompile
remote:        Asset precompilation completed (1.82s)
remote:        Cleaning assets
remote:        Running: rake assets:clean
remote: 
remote: ###### WARNING:
remote:        You have not declared a Ruby version in your Gemfile.
remote:        To set your Ruby version add this line to your Gemfile:
remote:        ruby '2.2.4'
remote:        # See https://devcenter.heroku.com/articles/ruby-versions for more information.
remote: 
remote: ###### WARNING:
remote:        No Procfile detected, using the default web server.
remote:        We recommend explicitly declaring how to boot your server process via a Procfile.
remote:        https://devcenter.heroku.com/articles/ruby-default-web-server
remote: 
remote: -----> Discovering process types
remote:        Procfile declares types     -> (none)
remote:        Default types for buildpack -> console, rake, web, worker
remote: 
remote: -----> Compressing...
remote:        Done: 69.3M
remote: -----> Launching...
remote:        Released v8
remote:        https://wearable.herokuapp.com/ deployed to Heroku
remote: 
remote: Verifying deploy... done.
To https://git.heroku.com/wearable.git
   7c63866..b1b8769  master -> master
Melanies-MacBook-Pro:wearable melanieblazevic$ 
  [Restored Oct 11, 2016, 1:21:12 PM]
Last login: Tue Oct 11 13:19:40 on console
Melanies-MacBook-Pro:wearable melanieblazevic$ 
